Archive member included to satisfy reference by file (symbol)

/mnt/f/ubuntu-ws/tools/riscv64-unknown-elf-gcc-8.3.0-2020.04.0/bin/../lib/gcc/riscv64-unknown-elf/8.3.0/../../../../riscv64-unknown-elf/lib/rv64imac/lp64/libc_nano.a(lib_a-scanf.o)
                              /tmp/cccl6TBC.o (scanf)
/mnt/f/ubuntu-ws/tools/riscv64-unknown-elf-gcc-8.3.0-2020.04.0/bin/../lib/gcc/riscv64-unknown-elf/8.3.0/../../../../riscv64-unknown-elf/lib/rv64imac/lp64/libc_nano.a(lib_a-findfp.o)
                              /mnt/f/ubuntu-ws/tools/riscv64-unknown-elf-gcc-8.3.0-2020.04.0/bin/../lib/gcc/riscv64-unknown-elf/8.3.0/../../../../riscv64-unknown-elf/lib/rv64imac/lp64/libc_nano.a(lib_a-scanf.o) (__sinit)
/mnt/f/ubuntu-ws/tools/riscv64-unknown-elf-gcc-8.3.0-2020.04.0/bin/../lib/gcc/riscv64-unknown-elf/8.3.0/../../../../riscv64-unknown-elf/lib/rv64imac/lp64/libc_nano.a(lib_a-fwalk.o)
                              /mnt/f/ubuntu-ws/tools/riscv64-unknown-elf-gcc-8.3.0-2020.04.0/bin/../lib/gcc/riscv64-unknown-elf/8.3.0/../../../../riscv64-unknown-elf/lib/rv64imac/lp64/libc_nano.a(lib_a-findfp.o) (_fwalk)
/mnt/f/ubuntu-ws/tools/riscv64-unknown-elf-gcc-8.3.0-2020.04.0/bin/../lib/gcc/riscv64-unknown-elf/8.3.0/../../../../riscv64-unknown-elf/lib/rv64imac/lp64/libc_nano.a(lib_a-impure.o)
                              /mnt/f/ubuntu-ws/tools/riscv64-unknown-elf-gcc-8.3.0-2020.04.0/bin/../lib/gcc/riscv64-unknown-elf/8.3.0/../../../../riscv64-unknown-elf/lib/rv64imac/lp64/libc_nano.a(lib_a-findfp.o) (_global_impure_ptr)
/mnt/f/ubuntu-ws/tools/riscv64-unknown-elf-gcc-8.3.0-2020.04.0/bin/../lib/gcc/riscv64-unknown-elf/8.3.0/../../../../riscv64-unknown-elf/lib/rv64imac/lp64/libc_nano.a(lib_a-memset.o)
                              /mnt/f/ubuntu-ws/tools/riscv64-unknown-elf-gcc-8.3.0-2020.04.0/bin/../lib/gcc/riscv64-unknown-elf/8.3.0/../../../../riscv64-unknown-elf/lib/rv64imac/lp64/libc_nano.a(lib_a-findfp.o) (memset)
/mnt/f/ubuntu-ws/tools/riscv64-unknown-elf-gcc-8.3.0-2020.04.0/bin/../lib/gcc/riscv64-unknown-elf/8.3.0/../../../../riscv64-unknown-elf/lib/rv64imac/lp64/libc_nano.a(lib_a-nano-mallocr.o)
                              /mnt/f/ubuntu-ws/tools/riscv64-unknown-elf-gcc-8.3.0-2020.04.0/bin/../lib/gcc/riscv64-unknown-elf/8.3.0/../../../../riscv64-unknown-elf/lib/rv64imac/lp64/libc_nano.a(lib_a-findfp.o) (_malloc_r)
/mnt/f/ubuntu-ws/tools/riscv64-unknown-elf-gcc-8.3.0-2020.04.0/bin/../lib/gcc/riscv64-unknown-elf/8.3.0/../../../../riscv64-unknown-elf/lib/rv64imac/lp64/libc_nano.a(lib_a-nano-vfscanf.o)
                              /mnt/f/ubuntu-ws/tools/riscv64-unknown-elf-gcc-8.3.0-2020.04.0/bin/../lib/gcc/riscv64-unknown-elf/8.3.0/../../../../riscv64-unknown-elf/lib/rv64imac/lp64/libc_nano.a(lib_a-scanf.o) (_vfscanf_r)
/mnt/f/ubuntu-ws/tools/riscv64-unknown-elf-gcc-8.3.0-2020.04.0/bin/../lib/gcc/riscv64-unknown-elf/8.3.0/../../../../riscv64-unknown-elf/lib/rv64imac/lp64/libc_nano.a(lib_a-refill.o)
                              /mnt/f/ubuntu-ws/tools/riscv64-unknown-elf-gcc-8.3.0-2020.04.0/bin/../lib/gcc/riscv64-unknown-elf/8.3.0/../../../../riscv64-unknown-elf/lib/rv64imac/lp64/libc_nano.a(lib_a-nano-vfscanf.o) (__srefill_r)
/mnt/f/ubuntu-ws/tools/riscv64-unknown-elf-gcc-8.3.0-2020.04.0/bin/../lib/gcc/riscv64-unknown-elf/8.3.0/../../../../riscv64-unknown-elf/lib/rv64imac/lp64/libc_nano.a(lib_a-sbrkr.o)
                              /mnt/f/ubuntu-ws/tools/riscv64-unknown-elf-gcc-8.3.0-2020.04.0/bin/../lib/gcc/riscv64-unknown-elf/8.3.0/../../../../riscv64-unknown-elf/lib/rv64imac/lp64/libc_nano.a(lib_a-nano-mallocr.o) (_sbrk_r)
/mnt/f/ubuntu-ws/tools/riscv64-unknown-elf-gcc-8.3.0-2020.04.0/bin/../lib/gcc/riscv64-unknown-elf/8.3.0/../../../../riscv64-unknown-elf/lib/rv64imac/lp64/libc_nano.a(lib_a-sccl.o)
                              /mnt/f/ubuntu-ws/tools/riscv64-unknown-elf-gcc-8.3.0-2020.04.0/bin/../lib/gcc/riscv64-unknown-elf/8.3.0/../../../../riscv64-unknown-elf/lib/rv64imac/lp64/libc_nano.a(lib_a-nano-vfscanf.o) (__sccl)
/mnt/f/ubuntu-ws/tools/riscv64-unknown-elf-gcc-8.3.0-2020.04.0/bin/../lib/gcc/riscv64-unknown-elf/8.3.0/../../../../riscv64-unknown-elf/lib/rv64imac/lp64/libc_nano.a(lib_a-stdio.o)
                              /mnt/f/ubuntu-ws/tools/riscv64-unknown-elf-gcc-8.3.0-2020.04.0/bin/../lib/gcc/riscv64-unknown-elf/8.3.0/../../../../riscv64-unknown-elf/lib/rv64imac/lp64/libc_nano.a(lib_a-findfp.o) (__sread)
/mnt/f/ubuntu-ws/tools/riscv64-unknown-elf-gcc-8.3.0-2020.04.0/bin/../lib/gcc/riscv64-unknown-elf/8.3.0/../../../../riscv64-unknown-elf/lib/rv64imac/lp64/libc_nano.a(lib_a-ungetc.o)
                              /mnt/f/ubuntu-ws/tools/riscv64-unknown-elf-gcc-8.3.0-2020.04.0/bin/../lib/gcc/riscv64-unknown-elf/8.3.0/../../../../riscv64-unknown-elf/lib/rv64imac/lp64/libc_nano.a(lib_a-nano-vfscanf.o) (_ungetc_r)
/mnt/f/ubuntu-ws/tools/riscv64-unknown-elf-gcc-8.3.0-2020.04.0/bin/../lib/gcc/riscv64-unknown-elf/8.3.0/../../../../riscv64-unknown-elf/lib/rv64imac/lp64/libc_nano.a(lib_a-writer.o)
[...]
Memory Configuration

Name             Origin             Length             Attributes
ram              0x0000000080000000 0x0000000000400000 axrwl
rom              0x0000000020400000 0x000000001fc00000 xrl !aw
*default*        0x0000000000000000 0xffffffffffffffff

Linker script and memory map

LOAD /tmp/cccl6TBC.o
START GROUP
LOAD /mnt/f/ubuntu-ws/tools/riscv64-unknown-elf-gcc-8.3.0-2020.04.0/bin/../lib/gcc/riscv64-unknown-elf/8.3.0/../../../../riscv64-unknown-elf/lib/rv64imac/lp64/libc_nano.a
LOAD /mnt/f/ubuntu-ws/tools/riscv64-unknown-elf-gcc-8.3.0-2020.04.0/bin/../lib/gcc/riscv64-unknown-elf/8.3.0/rv64imac/lp64/libgcc.a
LOAD /mnt/f/ubuntu-ws/tools/riscv64-unknown-elf-gcc-8.3.0-2020.04.0/bin/../lib/gcc/riscv64-unknown-elf/8.3.0/../../../../riscv64-unknown-elf/lib/rv64imac/lp64/libm.a
LOAD /mnt/f/ubuntu-ws/freedom-e-sdk/bsp/qemu-sifive-s51/install/lib/debug//libmetal.a
LOAD /mnt/f/ubuntu-ws/freedom-e-sdk/bsp/qemu-sifive-s51/install/lib/debug//libmetal-gloss.a
END GROUP
                0x0000000000000400                __stack_size = DEFINED (__stack_size)?__stack_size:0x400
                [!provide]                        PROVIDE (__stack_size = __stack_size)
                0x0000000000000800                __heap_size = DEFINED (__heap_size)?__heap_size:0x800
                0x0000000000000000                PROVIDE (__metal_boot_hart = 0x0)
                0x0000000000000001                PROVIDE (__metal_chicken_bit = 0x1)
                0x0000000000000000                PROVIDE (__metal_eccscrub_bit = 0x0)
                [!provide]                        PROVIDE (metal_dtim_0_memory_start = 0x80000000)
                [!provide]                        PROVIDE (metal_dtim_0_memory_end = 0x80010000)

.init           0x0000000020400000      0x2f2
 *(.text.metal.init.enter)
 .text.metal.init.enter
                0x0000000020400000       0x92 /mnt/f/ubuntu-ws/freedom-e-sdk/bsp/qemu-sifive-s51/install/lib/debug//libmetal.a(entry.o)
                0x0000000020400000                _enter
 *(.text.metal.init.*)
 .text.metal.init.__register_frame_info
                0x0000000020400092        0x2 /mnt/f/ubuntu-ws/freedom-e-sdk/bsp/qemu-sifive-s51/install/lib/debug//libmetal.a(entry.o)
                0x0000000020400092                __register_frame_info
 .text.metal.init.scrub
                0x0000000020400094       0xb0 /mnt/f/ubuntu-ws/freedom-e-sdk/bsp/qemu-sifive-s51/install/lib/debug//libmetal.a(scrub.o)
                0x0000000020400094                metal_mem_scrub
                0x00000000204000d8                __metal_before_start
 *fill*         0x0000000020400144        0x0 
 .text.metal.init.trapvec
                0x0000000020400144        0xe /mnt/f/ubuntu-ws/freedom-e-sdk/bsp/qemu-sifive-s51/install/lib/debug//libmetal.a(trap.o)
                0x0000000020400144                early_trap_vector
 *(SORT_NONE(.init))
 .init          0x0000000020400152        0xe /mnt/f/ubuntu-ws/freedom-e-sdk/bsp/qemu-sifive-s51/install/lib/debug//libmetal.a(synchronize_harts.o)
                0x0000000020400152                __metal_synchronize_harts
 *(.text.libgloss.start)
 .text.libgloss.start
                0x0000000020400160      0x192 /mnt/f/ubuntu-ws/freedom-e-sdk/bsp/qemu-sifive-s51/install/lib/debug//libmetal-gloss.a(crt0.o)
                0x0000000020400160                _start
                0x00000000204002d0                _init
                0x00000000204002d0                _fini
                0x00000000204002d2                secondary_main

.fini
 *(SORT_NONE(.fini))

.preinit_array  0x00000000204002f8        0x0
                0x00000000204002f8                PROVIDE (__preinit_array_start = .)
 *(.preinit_array)
                0x00000000204002f8                PROVIDE (__preinit_array_end = .)

.init_array     0x00000000204002f8       0x18
                0x00000000204002f8                PROVIDE (__init_array_start = .)
 *(SORT_BY_INIT_PRIORITY(.init_array.*) SORT_BY_INIT_PRIORITY(.ctors.*))
 *(.init_array EXCLUDE_FILE(*crtend?.o *crtend.o *crtbegin?.o *crtbegin.o) .ctors)
                0x00000000204002f8                PROVIDE (__init_array_end = .)
                0x00000000204002f8                PROVIDE (metal_constructors_start = .)
 *(SORT_BY_INIT_PRIORITY(.metal.init_array.*))
 .metal.init_array.5000
                0x00000000204002f8       0x10 /mnt/f/ubuntu-ws/freedom-e-sdk/bsp/qemu-sifive-s51/install/lib/debug//libmetal.a(sifive_fe310-g000_pll.o)
                0x00000000204002f8                _metal_sifive_fe310_g000_pll_init_ptr
                0x0000000020400300                _use_hfxosc_ptr
 .metal.init_array.5000
                0x0000000020400308        0x8 /mnt/f/ubuntu-ws/freedom-e-sdk/bsp/qemu-sifive-s51/install/lib/debug//libmetal.a(tty.o)
                0x0000000020400308                _metal_tty_init_ptr
 *(.metal.init_array)
                0x0000000020400310                PROVIDE (metal_constructors_end = .)

.fini_array     0x0000000020400310        0x0
                0x0000000020400310                PROVIDE (__fini_array_start = .)
 *(SORT_BY_INIT_PRIORITY(.fini_array.*) SORT_BY_INIT_PRIORITY(.dtors.*))
 *(.fini_array EXCLUDE_FILE(*crtend?.o *crtend.o *crtbegin?.o *crtbegin.o) .dtors)
                0x0000000020400310                PROVIDE (__fini_array_end = .)
                0x0000000020400310                PROVIDE (metal_destructors_start = .)
 *(SORT_BY_INIT_PRIORITY(.metal.fini_array.*))
 *(.metal.fini_array)
                0x0000000020400310                PROVIDE (metal_destructors_end = .)

.ctors          0x0000000020400310       0x7a
 *crtbegin.o(.ctors)
 *crtbegin?.o(.ctors)
 *(EXCLUDE_FILE(*crtend?.o *crtend.o) .ctors)
 *(SORT_BY_NAME(.ctors.*))
 *(.ctors)
 *(.metal.ctors .metal.ctors.*)
 .metal.ctors   0x0000000020400310       0x56 /mnt/f/ubuntu-ws/freedom-e-sdk/bsp/qemu-sifive-s51/install/lib/debug//libmetal.a(sifive_fe310-g000_pll.o)
                0x0000000020400310                metal_sifive_fe310_g000_pll_init
                0x000000002040033c                use_hfxosc
 .metal.ctors   0x0000000020400366       0x24 /mnt/f/ubuntu-ws/freedom-e-sdk/bsp/qemu-sifive-s51/install/lib/debug//libmetal.a(tty.o)
                0x0000000020400366                metal_tty_init

.dtors
 *crtbegin.o(.dtors)
 *crtbegin?.o(.dtors)
 *(EXCLUDE_FILE(*crtend?.o *crtend.o) .dtors)
 *(SORT_BY_NAME(.dtors.*))
 *(.dtors)
 *(.metal.dtors .metal.dtors.*)

.rodata         0x0000000020400390     0x1818
 *(.rdata)
 *(.rodata .rodata.*)
 .rodata        0x0000000020400390        0x3 /tmp/cccl6TBC.o
 *fill*         0x0000000020400393        0x5 
 .rodata.__sf_fake_stderr
                0x0000000020400398       0x38 /mnt/f/ubuntu-ws/tools/riscv64-unknown-elf-gcc-8.3.0-2020.04.0/bin/../lib/gcc/riscv64-unknown-elf/8.3.0/../../../../riscv64-unknown-elf/lib/rv64imac/lp64/libc_nano.a(lib_a-findfp.o)
                0x0000000020400398                __sf_fake_stderr
 .rodata.__sf_fake_stdin
                0x00000000204003d0       0x38 /mnt/f/ubuntu-ws/tools/riscv64-unknown-elf-gcc-8.3.0-2020.04.0/bin/../lib/gcc/riscv64-unknown-elf/8.3.0/../../../../riscv64-unknown-elf/lib/rv64imac/lp64/libc_nano.a(lib_a-findfp.o)
                0x00000000204003d0                __sf_fake_stdin
 .rodata.__sf_fake_stdout
                0x0000000020400408       0x38 /mnt/f/ubuntu-ws/tools/riscv64-unknown-elf-gcc-8.3.0-2020.04.0/bin/../lib/gcc/riscv64-unknown-elf/8.3.0/../../../../riscv64-unknown-elf/lib/rv64imac/lp64/libc_nano.a(lib_a-findfp.o)
                0x0000000020400408                __sf_fake_stdout
 .rodata.__svfscanf_r.str1.8
                0x0000000020400440        0x4 /mnt/f/ubuntu-ws/tools/riscv64-unknown-elf-gcc-8.3.0-2020.04.0/bin/../lib/gcc/riscv64-unknown-elf/8.3.0/../../../../riscv64-unknown-elf/lib/rv64imac/lp64/libc_nano.a(lib_a-nano-vfscanf.o)
 *fill*         0x0000000020400444        0x4 
 .rodata._ctype_
                0x0000000020400448      0x101 /mnt/f/ubuntu-ws/tools/riscv64-unknown-elf-gcc-8.3.0-2020.04.0/bin/../lib/gcc/riscv64-unknown-elf/8.3.0/../../../../riscv64-unknown-elf/lib/rv64imac/lp64/libc_nano.a(lib_a-ctype_.o)
                0x0000000020400448                _ctype_
 *fill*         0x0000000020400549        0x7 
 .rodata._scanf_i.str1.8
                0x0000000020400550       0x12 /mnt/f/ubuntu-ws/tools/riscv64-unknown-elf-gcc-8.3.0-2020.04.0/bin/../lib/gcc/riscv64-unknown-elf/8.3.0/../../../../riscv64-unknown-elf/lib/rv64imac/lp64/libc_nano.a(lib_a-nano-vfscanf_i.o)
 *fill*         0x0000000020400562        0x6 
 .rodata.str1.8
                0x0000000020400568       0x18 /mnt/f/ubuntu-ws/tools/riscv64-unknown-elf-gcc-8.3.0-2020.04.0/bin/../lib/gcc/riscv64-unknown-elf/8.3.0/../../../../riscv64-unknown-elf/lib/rv64imac/lp64/libc_nano.a(lib_a-nano-vfscanf_i.o)
                                         0x13 (size before relaxing)
 .rodata.__metal_driver_vtable_riscv_clint0
                0x0000000020400580       0xc8 /mnt/f/ubuntu-ws/freedom-e-sdk/bsp/qemu-sifive-s51/install/lib/debug//libmetal.a(riscv_clint0.o)
                0x0000000020400580                __metal_driver_vtable_riscv_clint0
 .rodata.__metal_controller_interrupt_vector
                0x0000000020400648       0x14 /mnt/f/ubuntu-ws/freedom-e-sdk/bsp/qemu-sifive-s51/install/lib/debug//libmetal.a(riscv_cpu.o)
 .rodata.__metal_local_interrupt_enable
                0x000000002040065c       0x80 /mnt/f/ubuntu-ws/freedom-e-sdk/bsp/qemu-sifive-s51/install/lib/debug//libmetal.a(riscv_cpu.o)
 *fill*         0x00000000204006dc        0x4 
 .rodata.__metal_driver_vtable_riscv_cpu_intc
                0x00000000204006e0       0xc8 /mnt/f/ubuntu-ws/freedom-e-sdk/bsp/qemu-sifive-s51/install/lib/debug//libmetal.a(riscv_cpu.o)
                0x00000000204006e0                __metal_driver_vtable_riscv_cpu_intc
 .rodata.__metal_driver_vtable_cpu
                0x00000000204007a8       0x88 /mnt/f/ubuntu-ws/freedom-e-sdk/bsp/qemu-sifive-s51/install/lib/debug//libmetal.a(riscv_cpu.o)
                0x00000000204007a8                __metal_driver_vtable_cpu
 .rodata.__metal_driver_vtable_riscv_plic0
                0x0000000020400830       0xc8 /mnt/f/ubuntu-ws/freedom-e-sdk/bsp/qemu-sifive-s51/install/lib/debug//libmetal.a(riscv_plic0.o)
                0x0000000020400830                __metal_driver_vtable_riscv_plic0
 .rodata.__metal_driver_vtable_sifive_fe310_g000_hfrosc
                0x00000000204008f8       0x10 /mnt/f/ubuntu-ws/freedom-e-sdk/bsp/qemu-sifive-s51/install/lib/debug//libmetal.a(sifive_fe310-g000_hfrosc.o)
                0x00000000204008f8                __metal_driver_vtable_sifive_fe310_g000_hfrosc
 .rodata.__metal_driver_vtable_sifive_fe310_g000_hfxosc
                0x0000000020400908       0x10 /mnt/f/ubuntu-ws/freedom-e-sdk/bsp/qemu-sifive-s51/install/lib/debug//libmetal.a(sifive_fe310-g000_hfxosc.o)
                0x0000000020400908                __metal_driver_vtable_sifive_fe310_g000_hfxosc
 .rodata.pll_configs
                0x0000000020400918     0x1100 /mnt/f/ubuntu-ws/freedom-e-sdk/bsp/qemu-sifive-s51/install/lib/debug//libmetal.a(sifive_fe310-g000_pll.o)
 .rodata.__metal_driver_vtable_sifive_fe310_g000_pll
                0x0000000020401a18       0x18 /mnt/f/ubuntu-ws/freedom-e-sdk/bsp/qemu-sifive-s51/install/lib/debug//libmetal.a(sifive_fe310-g000_pll.o)
                0x0000000020401a18                __metal_driver_vtable_sifive_fe310_g000_pll
 .rodata.__metal_driver_vtable_sifive_fe310_g000_prci
                0x0000000020401a30       0x10 /mnt/f/ubuntu-ws/freedom-e-sdk/bsp/qemu-sifive-s51/install/lib/debug//libmetal.a(sifive_fe310-g000_prci.o)
                0x0000000020401a30                __metal_driver_vtable_sifive_fe310_g000_prci
 .rodata.__metal_driver_sifive_gpio0_config_int
                0x0000000020401a40       0x20 /mnt/f/ubuntu-ws/freedom-e-sdk/bsp/qemu-sifive-s51/install/lib/debug//libmetal.a(sifive_gpio0.o)
 .rodata.__metal_driver_sifive_gpio0_clear_int
                0x0000000020401a60       0x20 /mnt/f/ubuntu-ws/freedom-e-sdk/bsp/qemu-sifive-s51/install/lib/debug//libmetal.a(sifive_gpio0.o)
 .rodata.__metal_driver_vtable_sifive_gpio0
                0x0000000020401a80       0x78 /mnt/f/ubuntu-ws/freedom-e-sdk/bsp/qemu-sifive-s51/install/lib/debug//libmetal.a(sifive_gpio0.o)
                0x0000000020401a80                __metal_driver_vtable_sifive_gpio0
 .rodata.__metal_driver_vtable_sifive_uart0
                0x0000000020401af8       0x80 /mnt/f/ubuntu-ws/freedom-e-sdk/bsp/qemu-sifive-s51/install/lib/debug//libmetal.a(sifive_uart0.o)
                0x0000000020401af8                __metal_driver_vtable_sifive_uart0
 .rodata.__metal_driver_vtable_fixed_clock
                0x0000000020401b78       0x10 /mnt/f/ubuntu-ws/freedom-e-sdk/bsp/qemu-sifive-s51/install/lib/debug//libmetal.a(fixed-clock.o)
                0x0000000020401b78                __metal_driver_vtable_fixed_clock
 .rodata.libgloss.start
                0x0000000020401b88       0x19 /mnt/f/ubuntu-ws/freedom-e-sdk/bsp/qemu-sifive-s51/install/lib/debug//libmetal-gloss.a(crt0.o)
 *(.gnu.linkonce.r.*)
                0x0000000020401ba8                . = ALIGN (0x8)
 *fill*         0x0000000020401ba1        0x7 
 *(.srodata.cst16)
 *(.srodata.cst8)
 *(.srodata.cst4)
 *(.srodata.cst2)
 *(.srodata .srodata.*)

.itim           0x0000000080000000        0x0 load address 0x0000000020401ba8
 *(.itim .itim.*)
                0x0000000020401ba8                PROVIDE (metal_segment_itim_source_start = LOADADDR (.itim))
                0x0000000080000000                PROVIDE (metal_segment_itim_target_start = ADDR (.itim))
                0x0000000080000000                PROVIDE (metal_segment_itim_target_end = (ADDR (.itim) + SIZEOF (.itim)))

.lim            0x0000000080000000        0x0 load address 0x0000000020401ba8
 *(.lim .lim.*)
                0x0000000020401ba8                PROVIDE (metal_segment_lim_source_start = LOADADDR (.lim))
                0x0000000080000000                PROVIDE (metal_segment_lim_target_start = ADDR (.lim))
                0x0000000080000000                PROVIDE (metal_segment_lim_target_end = (ADDR (.lim) + SIZEOF (.lim)))

.text           0x0000000020401c00     0x6b0e
 *(.text.unlikely .text.unlikely.*)
 *(.text.startup .text.startup.*)
 *(.text .text.*)
 .text.main     0x0000000020401c00       0x3a /tmp/cccl6TBC.o
                0x0000000020401c00                main
 .text.scanf    0x0000000020401c3a       0x46 /mnt/f/ubuntu-ws/tools/riscv64-unknown-elf-gcc-8.3.0-2020.04.0/bin/../lib/gcc/riscv64-unknown-elf/8.3.0/../../../../riscv64-unknown-elf/lib/rv64imac/lp64/libc_nano.a(lib_a-scanf.o)
                0x0000000020401c3a                iscanf
                0x0000000020401c3a                scanf
 .text.std      0x0000000020401c80       0x66 /mnt/f/ubuntu-ws/tools/riscv64-unknown-elf-gcc-8.3.0-2020.04.0/bin/../lib/gcc/riscv64-unknown-elf/8.3.0/../../../../riscv64-unknown-elf/lib/rv64imac/lp64/libc_nano.a(lib_a-findfp.o)
 .text._cleanup_r
                0x0000000020401ce6        0xa /mnt/f/ubuntu-ws/tools/riscv64-unknown-elf-gcc-8.3.0-2020.04.0/bin/../lib/gcc/riscv64-unknown-elf/8.3.0/../../../../riscv64-unknown-elf/lib/rv64imac/lp64/libc_nano.a(lib_a-findfp.o)
                0x0000000020401ce6                _cleanup_r
 .text.__sfmoreglue
                0x0000000020401cf0       0x48 /mnt/f/ubuntu-ws/tools/riscv64-unknown-elf-gcc-8.3.0-2020.04.0/bin/../lib/gcc/riscv64-unknown-elf/8.3.0/../../../../riscv64-unknown-elf/lib/rv64imac/lp64/libc_nano.a(lib_a-findfp.o)
                0x0000000020401cf0                __sfmoreglue
 .text.__sinit  0x0000000020401d38       0x72 /mnt/f/ubuntu-ws/tools/riscv64-unknown-elf-gcc-8.3.0-2020.04.0/bin/../lib/gcc/riscv64-unknown-elf/8.3.0/../../../../riscv64-unknown-elf/lib/rv64imac/lp64/libc_nano.a(lib_a-findfp.o)
                0x0000000020401d38                __sinit
 .text.__sfp    0x0000000020401daa       0x9c /mnt/f/ubuntu-ws/tools/riscv64-unknown-elf-gcc-8.3.0-2020.04.0/bin/../lib/gcc/riscv64-unknown-elf/8.3.0/../../../../riscv64-unknown-elf/lib/rv64imac/lp64/libc_nano.a(lib_a-findfp.o)
                0x0000000020401daa                __sfp
 .text._fwalk   0x0000000020401e46       0x64 /mnt/f/ubuntu-ws/tools/riscv64-unknown-elf-gcc-8.3.0-2020.04.0/bin/../lib/gcc/riscv64-unknown-elf/8.3.0/../../../../riscv64-unknown-elf/lib/rv64imac/lp64/libc_nano.a(lib_a-fwalk.o)
                0x0000000020401e46                _fwalk
 .text._fwalk_reent
                0x0000000020401eaa       0x6e /mnt/f/ubuntu-ws/tools/riscv64-unknown-elf-gcc-8.3.0-2020.04.0/bin/../lib/gcc/riscv64-unknown-elf/8.3.0/../../../../riscv64-unknown-elf/lib/rv64imac/lp64/libc_nano.a(lib_a-fwalk.o)
                0x0000000020401eaa                _fwalk_reent
 .text          0x0000000020401f18       0x10 /mnt/f/ubuntu-ws/tools/riscv64-unknown-elf-gcc-8.3.0-2020.04.0/bin/../lib/gcc/riscv64-unknown-elf/8.3.0/../../../../riscv64-unknown-elf/lib/rv64imac/lp64/libc_nano.a(lib_a-memset.o)
                0x0000000020401f18                memset
 .text._malloc_r
                0x0000000020401f28       0xf8 /mnt/f/ubuntu-ws/tools/riscv64-unknown-elf-gcc-8.3.0-2020.04.0/bin/../lib/gcc/riscv64-unknown-elf/8.3.0/../../../../riscv64-unknown-elf/lib/rv64imac/lp64/libc_nano.a(lib_a-nano-mallocr.o)
                0x0000000020401f28                _malloc_r
 .text.__svfscanf_r
                0x0000000020402020      0x3a8 /mnt/f/ubuntu-ws/tools/riscv64-unknown-elf-gcc-8.3.0-2020.04.0/bin/../lib/gcc/riscv64-unknown-elf/8.3.0/../../../../riscv64-unknown-elf/lib/rv64imac/lp64/libc_nano.a(lib_a-nano-vfscanf.o)
                0x0000000020402020                __svfiscanf_r
                0x0000000020402020                __svfscanf_r
 .text._vfscanf_r
                0x00000000204023c8       0x56 /mnt/f/ubuntu-ws/tools/riscv64-unknown-elf-gcc-8.3.0-2020.04.0/bin/../lib/gcc/riscv64-unknown-elf/8.3.0/../../../../riscv64-unknown-elf/lib/rv64imac/lp64/libc_nano.a(lib_a-nano-vfscanf.o)
                0x00000000204023c8                _vfiscanf_r
                0x00000000204023c8                _vfscanf_r
 .text.lflush   0x000000002040241e       0x12 /mnt/f/ubuntu-ws/tools/riscv64-unknown-elf-gcc-8.3.0-2020.04.0/bin/../lib/gcc/riscv64-unknown-elf/8.3.0/../../../../riscv64-unknown-elf/lib/rv64imac/lp64/libc_nano.a(lib_a-refill.o)
 .text.__srefill_r
                0x0000000020402430      0x156 /mnt/f/ubuntu-ws/tools/riscv64-unknown-elf-gcc-8.3.0-2020.04.0/bin/../lib/gcc/riscv64-unknown-elf/8.3.0/../../../../riscv64-unknown-elf/lib/rv64imac/lp64/libc_nano.a(lib_a-refill.o)
                0x0000000020402430                __srefill_r
 .text._sbrk_r  0x0000000020402586       0x2a /mnt/f/ubuntu-ws/tools/riscv64-unknown-elf-gcc-8.3.0-2020.04.0/bin/../lib/gcc/riscv64-unknown-elf/8.3.0/../../../../riscv64-unknown-elf/lib/rv64imac/lp64/libc_nano.a(lib_a-sbrkr.o)
                0x0000000020402586                _sbrk_r
 .text.__sccl   0x00000000204025b0       0x9c /mnt/f/ubuntu-ws/tools/riscv64-unknown-elf-gcc-8.3.0-2020.04.0/bin/../lib/gcc/riscv64-unknown-elf/8.3.0/../../../../riscv64-unknown-elf/lib/rv64imac/lp64/libc_nano.a(lib_a-sccl.o)
                0x00000000204025b0                __sccl
 .text.__sread  0x000000002040264c       0x32 /mnt/f/ubuntu-ws/tools/riscv64-unknown-elf-gcc-8.3.0-2020.04.0/bin/../lib/gcc/riscv64-unknown-elf/8.3.0/../../../../riscv64-unknown-elf/lib/rv64imac/lp64/libc_nano.a(lib_a-stdio.o)
                0x000000002040264c                __sread
 .text.__swrite
                0x000000002040267e       0x50 /mnt/f/ubuntu-ws/tools/riscv64-unknown-elf-gcc-8.3.0-2020.04.0/bin/../lib/gcc/riscv64-unknown-elf/8.3.0/../../../../riscv64-unknown-elf/lib/rv64imac/lp64/libc_nano.a(lib_a-stdio.o)
                0x000000002040267e                __swrite
 .text.__sseek  0x00000000204026ce       0x38 /mnt/f/ubuntu-ws/tools/riscv64-unknown-elf-gcc-8.3.0-2020.04.0/bin/../lib/gcc/riscv64-unknown-elf/8.3.0/../../../../riscv64-unknown-elf/lib/rv64imac/lp64/libc_nano.a(lib_a-stdio.o)
                0x00000000204026ce                __sseek
 .text.__sclose
                0x0000000020402706        0x6 /mnt/f/ubuntu-ws/tools/riscv64-unknown-elf-gcc-8.3.0-2020.04.0/bin/../lib/gcc/riscv64-unknown-elf/8.3.0/../../../../riscv64-unknown-elf/lib/rv64imac/lp64/libc_nano.a(lib_a-stdio.o)
                0x0000000020402706                __sclose
 .text.__submore
                0x000000002040270c       0x8c /mnt/f/ubuntu-ws/tools/riscv64-unknown-elf-gcc-8.3.0-2020.04.0/bin/../lib/gcc/riscv64-unknown-elf/8.3.0/../../../../riscv64-unknown-elf/lib/rv64imac/lp64/libc_nano.a(lib_a-ungetc.o)
                0x000000002040270c                __submore
 .text._ungetc_r
                0x0000000020402798      0x11a /mnt/f/ubuntu-ws/tools/riscv64-unknown-elf-gcc-8.3.0-2020.04.0/bin/../lib/gcc/riscv64-unknown-elf/8.3.0/../../../../riscv64-unknown-elf/lib/rv64imac/lp64/libc_nano.a(lib_a-ungetc.o)
                0x0000000020402798                _ungetc_r
 .text._write_r
                0x00000000204028b2       0x2e /mnt/f/ubuntu-ws/tools/riscv64-unknown-elf-gcc-8.3.0-2020.04.0/bin/../lib/gcc/riscv64-unknown-elf/8.3.0/../../../../riscv64-unknown-elf/lib/rv64imac/lp64/libc_nano.a(lib_a-writer.o)
                0x00000000204028b2                _write_r
 .text._close_r
                0x00000000204028e0       0x2a /mnt/f/ubuntu-ws/tools/riscv64-unknown-elf-gcc-8.3.0-2020.04.0/bin/../lib/gcc/riscv64-unknown-elf/8.3.0/../../../../riscv64-unknown-elf/lib/rv64imac/lp64/libc_nano.a(lib_a-closer.o)
                0x00000000204028e0                _close_r
 .text.__sflush_r
                0x000000002040290a      0x13e /mnt/f/ubuntu-ws/tools/riscv64-unknown-elf-gcc-8.3.0-2020.04.0/bin/../lib/gcc/riscv64-unknown-elf/8.3.0/../../../../riscv64-unknown-elf/lib/rv64imac/lp64/libc_nano.a(lib_a-fflush.o)
                0x000000002040290a                __sflush_r
 .text._fflush_r
                0x0000000020402a48       0x66 /mnt/f/ubuntu-ws/tools/riscv64-unknown-elf-gcc-8.3.0-2020.04.0/bin/../lib/gcc/riscv64-unknown-elf/8.3.0/../../../../riscv64-unknown-elf/lib/rv64imac/lp64/libc_nano.a(lib_a-fflush.o)
                0x0000000020402a48                _fflush_r
 .text.fflush   0x0000000020402aae       0x22 /mnt/f/ubuntu-ws/tools/riscv64-unknown-elf-gcc-8.3.0-2020.04.0/bin/../lib/gcc/riscv64-unknown-elf/8.3.0/../../../../riscv64-unknown-elf/lib/rv64imac/lp64/libc_nano.a(lib_a-fflush.o)
                0x0000000020402aae                fflush
 .text._lseek_r
                0x0000000020402ad0       0x2e /mnt/f/ubuntu-ws/tools/riscv64-unknown-elf-gcc-8.3.0-2020.04.0/bin/../lib/gcc/riscv64-unknown-elf/8.3.0/../../../../riscv64-unknown-elf/lib/rv64imac/lp64/libc_nano.a(lib_a-lseekr.o)
                0x0000000020402ad0                _lseek_r
 .text.__swhatbuf_r
                0x0000000020402afe       0x5a /mnt/f/ubuntu-ws/tools/riscv64-unknown-elf-gcc-8.3.0-2020.04.0/bin/../lib/gcc/riscv64-unknown-elf/8.3.0/../../../../riscv64-unknown-elf/lib/rv64imac/lp64/libc_nano.a(lib_a-makebuf.o)
                0x0000000020402afe                __swhatbuf_r
 .text.__smakebuf_r
                0x0000000020402b58       0xa2 /mnt/f/ubuntu-ws/tools/riscv64-unknown-elf-gcc-8.3.0-2020.04.0/bin/../lib/gcc/riscv64-unknown-elf/8.3.0/../../../../riscv64-unknown-elf/lib/rv64imac/lp64/libc_nano.a(lib_a-makebuf.o)
                0x0000000020402b58                __smakebuf_r
 .text.memchr   0x0000000020402bfa       0x1a /mnt/f/ubuntu-ws/tools/riscv64-unknown-elf-gcc-8.3.0-2020.04.0/bin/../lib/gcc/riscv64-unknown-elf/8.3.0/../../../../riscv64-unknown-elf/lib/rv64imac/lp64/libc_nano.a(lib_a-memchr.o)
                0x0000000020402bfa                memchr
 .text          0x0000000020402c14       0x16 /mnt/f/ubuntu-ws/tools/riscv64-unknown-elf-gcc-8.3.0-2020.04.0/bin/../lib/gcc/riscv64-unknown-elf/8.3.0/../../../../riscv64-unknown-elf/lib/rv64imac/lp64/libc_nano.a(lib_a-memcpy-asm.o)
                0x0000000020402c14                memcpy
 .text.__malloc_lock
                0x0000000020402c2a        0x2 /mnt/f/ubuntu-ws/tools/riscv64-unknown-elf-gcc-8.3.0-2020.04.0/bin/../lib/gcc/riscv64-unknown-elf/8.3.0/../../../../riscv64-unknown-elf/lib/rv64imac/lp64/libc_nano.a(lib_a-mlock.o)
                0x0000000020402c2a                __malloc_lock
 .text.__malloc_unlock
                0x0000000020402c2c        0x2 /mnt/f/ubuntu-ws/tools/riscv64-unknown-elf-gcc-8.3.0-2020.04.0/bin/../lib/gcc/riscv64-unknown-elf/8.3.0/../../../../riscv64-unknown-elf/lib/rv64imac/lp64/libc_nano.a(lib_a-mlock.o)
                0x0000000020402c2c                __malloc_unlock
 .text._free_r  0x0000000020402c2e       0xae /mnt/f/ubuntu-ws/tools/riscv64-unknown-elf-gcc-8.3.0-2020.04.0/bin/../lib/gcc/riscv64-unknown-elf/8.3.0/../../../../riscv64-unknown-elf/lib/rv64imac/lp64/libc_nano.a(lib_a-nano-freer.o)
                0x0000000020402c2e                _free_r
 .text._realloc_r
                0x0000000020402cdc       0x5a /mnt/f/ubuntu-ws/tools/riscv64-unknown-elf-gcc-8.3.0-2020.04.0/bin/../lib/gcc/riscv64-unknown-elf/8.3.0/../../../../riscv64-unknown-elf/lib/rv64imac/lp64/libc_nano.a(lib_a-nano-reallocr.o)
                0x0000000020402cdc                _realloc_r
 .text._scanf_chars
                0x0000000020402d36       0xe2 /mnt/f/ubuntu-ws/tools/riscv64-unknown-elf-gcc-8.3.0-2020.04.0/bin/../lib/gcc/riscv64-unknown-elf/8.3.0/../../../../riscv64-unknown-elf/lib/rv64imac/lp64/libc_nano.a(lib_a-nano-vfscanf_i.o)
                0x0000000020402d36                _scanf_chars
 .text._scanf_i
                0x0000000020402e18      0x272 /mnt/f/ubuntu-ws/tools/riscv64-unknown-elf-gcc-8.3.0-2020.04.0/bin/../lib/gcc/riscv64-unknown-elf/8.3.0/../../../../riscv64-unknown-elf/lib/rv64imac/lp64/libc_nano.a(lib_a-nano-vfscanf_i.o)
                0x0000000020402e18                _scanf_i
 .text._read_r  0x000000002040308a       0x2e /mnt/f/ubuntu-ws/tools/riscv64-unknown-elf-gcc-8.3.0-2020.04.0/bin/../lib/gcc/riscv64-unknown-elf/8.3.0/../../../../riscv64-unknown-elf/lib/rv64imac/lp64/libc_nano.a(lib_a-readr.o)
                0x000000002040308a                _read_r
 .text._strtol_l.isra.0
                0x00000000204030b8      0x13c /mnt/f/ubuntu-ws/tools/riscv64-unknown-elf-gcc-8.3.0-2020.04.0/bin/../lib/gcc/riscv64-unknown-elf/8.3.0/../../../../riscv64-unknown-elf/lib/rv64imac/lp64/libc_nano.a(lib_a-strtol.o)
 .text._strtol_r
                0x00000000204031f4        0x2 /mnt/f/ubuntu-ws/tools/riscv64-unknown-elf-gcc-8.3.0-2020.04.0/bin/../lib/gcc/riscv64-unknown-elf/8.3.0/../../../../riscv64-unknown-elf/lib/rv64imac/lp64/libc_nano.a(lib_a-strtol.o)
                0x00000000204031f4                _strtol_r
 .text._strtoul_l.isra.0
                0x00000000204031f6      0x128 /mnt/f/ubuntu-ws/tools/riscv64-unknown-elf-gcc-8.3.0-2020.04.0/bin/../lib/gcc/riscv64-unknown-elf/8.3.0/../../../../riscv64-unknown-elf/lib/rv64imac/lp64/libc_nano.a(lib_a-strtoul.o)
 .text._strtoul_r
                0x000000002040331e        0x2 /mnt/f/ubuntu-ws/tools/riscv64-unknown-elf-gcc-8.3.0-2020.04.0/bin/../lib/gcc/riscv64-unknown-elf/8.3.0/../../../../riscv64-unknown-elf/lib/rv64imac/lp64/libc_nano.a(lib_a-strtoul.o)
                0x000000002040331e                _strtoul_r
 .text._fstat_r
                0x0000000020403320       0x2c /mnt/f/ubuntu-ws/tools/riscv64-unknown-elf-gcc-8.3.0-2020.04.0/bin/../lib/gcc/riscv64-unknown-elf/8.3.0/../../../../riscv64-unknown-elf/lib/rv64imac/lp64/libc_nano.a(lib_a-fstatr.o)
                0x0000000020403320                _fstat_r
 .text._isatty_r
                0x000000002040334c       0x2a /mnt/f/ubuntu-ws/tools/riscv64-unknown-elf-gcc-8.3.0-2020.04.0/bin/../lib/gcc/riscv64-unknown-elf/8.3.0/../../../../riscv64-unknown-elf/lib/rv64imac/lp64/libc_nano.a(lib_a-isattyr.o)
                0x000000002040334c                _isatty_r
 .text._malloc_usable_size_r
                0x0000000020403376       0x18 /mnt/f/ubuntu-ws/tools/riscv64-unknown-elf-gcc-8.3.0-2020.04.0/bin/../lib/gcc/riscv64-unknown-elf/8.3.0/../../../../riscv64-unknown-elf/lib/rv64imac/lp64/libc_nano.a(lib_a-nano-msizer.o)
                0x0000000020403376                _malloc_usable_size_r
 .text.__metal_driver_sifive_clint0_control_base
                0x000000002040338e       0x2a /mnt/f/ubuntu-ws/freedom-e-sdk/bsp/qemu-sifive-s51/install/lib/debug//libmetal.a(riscv_clint0.o)
 .text.__metal_driver_sifive_clint0_num_interrupts
                0x00000000204033b8       0x28 /mnt/f/ubuntu-ws/freedom-e-sdk/bsp/qemu-sifive-s51/install/lib/debug//libmetal.a(riscv_clint0.o)
 .text.__metal_driver_sifive_clint0_interrupt_parents
                0x00000000204033e0       0x44 /mnt/f/ubuntu-ws/freedom-e-sdk/bsp/qemu-sifive-s51/install/lib/debug//libmetal.a(riscv_clint0.o)
 .text.__metal_driver_sifive_clint0_interrupt_lines
                0x0000000020403424       0x38 /mnt/f/ubuntu-ws/freedom-e-sdk/bsp/qemu-sifive-s51/install/lib/debug//libmetal.a(riscv_clint0.o)
 .text.__metal_clint0_mtime_get
                0x000000002040345c       0x6c /mnt/f/ubuntu-ws/freedom-e-sdk/bsp/qemu-sifive-s51/install/lib/debug//libmetal.a(riscv_clint0.o)
                0x000000002040345c                __metal_clint0_mtime_get
 .text.__metal_driver_riscv_clint0_mtimecmp_set
                0x00000000204034c8       0x9e /mnt/f/ubuntu-ws/freedom-e-sdk/bsp/qemu-sifive-s51/install/lib/debug//libmetal.a(riscv_clint0.o)
                0x00000000204034c8                __metal_driver_riscv_clint0_mtimecmp_set
 .text._get_cpu_intc
                0x0000000020403566       0x36 /mnt/f/ubuntu-ws/freedom-e-sdk/bsp/qemu-sifive-s51/install/lib/debug//libmetal.a(riscv_clint0.o)
 .text.__metal_driver_riscv_clint0_init
                0x000000002040359c       0x9c /mnt/f/ubuntu-ws/freedom-e-sdk/bsp/qemu-sifive-s51/install/lib/debug//libmetal.a(riscv_clint0.o)
                0x000000002040359c                __metal_driver_riscv_clint0_init
 .text.__metal_driver_riscv_clint0_register
                0x0000000020403638      0x100 /mnt/f/ubuntu-ws/freedom-e-sdk/bsp/qemu-sifive-s51/install/lib/debug//libmetal.a(riscv_clint0.o)
                0x0000000020403638                __metal_driver_riscv_clint0_register
 .text.__metal_driver_riscv_clint0_vector_register
                0x0000000020403738       0x2a /mnt/f/ubuntu-ws/freedom-e-sdk/bsp/qemu-sifive-s51/install/lib/debug//libmetal.a(riscv_clint0.o)
                0x0000000020403738                __metal_driver_riscv_clint0_vector_register
 .text.__metal_driver_riscv_clint0_get_vector_mode
                0x0000000020403762       0x1e /mnt/f/ubuntu-ws/freedom-e-sdk/bsp/qemu-sifive-s51/install/lib/debug//libmetal.a(riscv_clint0.o)
                0x0000000020403762                __metal_driver_riscv_clint0_get_vector_mode
 .text.__metal_driver_riscv_clint0_set_vector_mode
                0x0000000020403780       0x64 /mnt/f/ubuntu-ws/freedom-e-sdk/bsp/qemu-sifive-s51/install/lib/debug//libmetal.a(riscv_clint0.o)
                0x0000000020403780                __metal_driver_riscv_clint0_set_vector_mode
 .text.__metal_driver_riscv_clint0_enable
                0x00000000204037e4       0xd2 /mnt/f/ubuntu-ws/freedom-e-sdk/bsp/qemu-sifive-s51/install/lib/debug//libmetal.a(riscv_clint0.o)
                0x00000000204037e4                __metal_driver_riscv_clint0_enable
 .text.__metal_driver_riscv_clint0_disable
                0x00000000204038b6       0xd2 /mnt/f/ubuntu-ws/freedom-e-sdk/bsp/qemu-sifive-s51/install/lib/debug//libmetal.a(riscv_clint0.o)
                0x00000000204038b6                __metal_driver_riscv_clint0_disable
 .text.__metal_driver_riscv_clint0_command_request
                0x0000000020403988      0x15a /mnt/f/ubuntu-ws/freedom-e-sdk/bsp/qemu-sifive-s51/install/lib/debug//libmetal.a(riscv_clint0.o)
                0x0000000020403988                __metal_driver_riscv_clint0_command_request
 .text.__metal_driver_riscv_clint0_clear_interrupt
                0x0000000020403ae2       0x38 /mnt/f/ubuntu-ws/freedom-e-sdk/bsp/qemu-sifive-s51/install/lib/debug//libmetal.a(riscv_clint0.o)
                0x0000000020403ae2                __metal_driver_riscv_clint0_clear_interrupt
 .text.__metal_driver_riscv_clint0_set_interrupt
                0x0000000020403b1a       0x38 /mnt/f/ubuntu-ws/freedom-e-sdk/bsp/qemu-sifive-s51/install/lib/debug//libmetal.a(riscv_clint0.o)
                0x0000000020403b1a                __metal_driver_riscv_clint0_set_interrupt
 .text.__metal_driver_cpu_hartid
                0x0000000020403b52       0x28 /mnt/f/ubuntu-ws/freedom-e-sdk/bsp/qemu-sifive-s51/install/lib/debug//libmetal.a(riscv_cpu.o)
 .text.__metal_driver_cpu_timebase
                0x0000000020403b7a       0x2e /mnt/f/ubuntu-ws/freedom-e-sdk/bsp/qemu-sifive-s51/install/lib/debug//libmetal.a(riscv_cpu.o)
 .text.__metal_driver_cpu_interrupt_controller
                0x0000000020403ba8       0x2e /mnt/f/ubuntu-ws/freedom-e-sdk/bsp/qemu-sifive-s51/install/lib/debug//libmetal.a(riscv_cpu.o)
 .text.__metal_driver_cpu_buserror
                0x0000000020403bd6       0x28 /mnt/f/ubuntu-ws/freedom-e-sdk/bsp/qemu-sifive-s51/install/lib/debug//libmetal.a(riscv_cpu.o)
 .text.__metal_driver_cpu_get
                0x0000000020403bfe       0x34 /mnt/f/ubuntu-ws/freedom-e-sdk/bsp/qemu-sifive-s51/install/lib/debug//libmetal.a(riscv_cpu.o)
                0x0000000020403bfe                __metal_driver_cpu_get
 .text.__metal_myhart_id
                0x0000000020403c32       0x1a /mnt/f/ubuntu-ws/freedom-e-sdk/bsp/qemu-sifive-s51/install/lib/debug//libmetal.a(riscv_cpu.o)
                0x0000000020403c32                __metal_myhart_id
 .text.__metal_interrupt_global_enable
                0x0000000020403c4c       0x18 /mnt/f/ubuntu-ws/freedom-e-sdk/bsp/qemu-sifive-s51/install/lib/debug//libmetal.a(riscv_cpu.o)
                0x0000000020403c4c                __metal_interrupt_global_enable
 .text.__metal_interrupt_global_disable
                0x0000000020403c64       0x18 /mnt/f/ubuntu-ws/freedom-e-sdk/bsp/qemu-sifive-s51/install/lib/debug//libmetal.a(riscv_cpu.o)
                0x0000000020403c64                __metal_interrupt_global_disable
 .text.__metal_interrupt_software_enable
                0x0000000020403c7c       0x18 /mnt/f/ubuntu-ws/freedom-e-sdk/bsp/qemu-sifive-s51/install/lib/debug//libmetal.a(riscv_cpu.o)
                0x0000000020403c7c                __metal_interrupt_software_enable
 .text.__metal_interrupt_software_disable
                0x0000000020403c94       0x18 /mnt/f/ubuntu-ws/freedom-e-sdk/bsp/qemu-sifive-s51/install/lib/debug//libmetal.a(riscv_cpu.o)
                0x0000000020403c94                __metal_interrupt_software_disable
 .text.__metal_interrupt_timer_enable
                0x0000000020403cac       0x1a /mnt/f/ubuntu-ws/freedom-e-sdk/bsp/qemu-sifive-s51/install/lib/debug//libmetal.a(riscv_cpu.o)
                0x0000000020403cac                __metal_interrupt_timer_enable
 .text.__metal_interrupt_timer_disable
                0x0000000020403cc6       0x1a /mnt/f/ubuntu-ws/freedom-e-sdk/bsp/qemu-sifive-s51/install/lib/debug//libmetal.a(riscv_cpu.o)
                0x0000000020403cc6                __metal_interrupt_timer_disable
 .text.__metal_interrupt_external_enable
                0x0000000020403ce0       0x1c /mnt/f/ubuntu-ws/freedom-e-sdk/bsp/qemu-sifive-s51/install/lib/debug//libmetal.a(riscv_cpu.o)
                0x0000000020403ce0                __metal_interrupt_external_enable
 .text.__metal_interrupt_external_disable
                0x0000000020403cfc       0x1c /mnt/f/ubuntu-ws/freedom-e-sdk/bsp/qemu-sifive-s51/install/lib/debug//libmetal.a(riscv_cpu.o)
                0x0000000020403cfc                __metal_interrupt_external_disable
 .text.__metal_interrupt_local_enable
                0x0000000020403d18       0x30 /mnt/f/ubuntu-ws/freedom-e-sdk/bsp/qemu-sifive-s51/install/lib/debug//libmetal.a(riscv_cpu.o)
                0x0000000020403d18                __metal_interrupt_local_enable
 .text.__metal_interrupt_local_disable
                0x0000000020403d48       0x30 /mnt/f/ubuntu-ws/freedom-e-sdk/bsp/qemu-sifive-s51/install/lib/debug//libmetal.a(riscv_cpu.o)
                0x0000000020403d48                __metal_interrupt_local_disable
 .text.__metal_default_exception_handler
                0x0000000020403d78       0x1a /mnt/f/ubuntu-ws/freedom-e-sdk/bsp/qemu-sifive-s51/install/lib/debug//libmetal.a(riscv_cpu.o)
                0x0000000020403d78                __metal_default_exception_handler
 .text.__metal_default_interrupt_handler
                0x0000000020403d92       0x1a /mnt/f/ubuntu-ws/freedom-e-sdk/bsp/qemu-sifive-s51/install/lib/debug//libmetal.a(riscv_cpu.o)
                0x0000000020403d92                __metal_default_interrupt_handler
 .text.metal_interrupt_vector_handler
                0x0000000020403dac       0x2e /mnt/f/ubuntu-ws/freedom-e-sdk/bsp/qemu-sifive-s51/install/lib/debug//libmetal.a(riscv_cpu.o)
                0x0000000020403dac                metal_interrupt_vector_handler
 .text.metal_software_interrupt_vector_handler
                0x0000000020403dda       0x96 /mnt/f/ubuntu-ws/freedom-e-sdk/bsp/qemu-sifive-s51/install/lib/debug//libmetal.a(riscv_cpu.o)
                0x0000000020403dda                metal_software_interrupt_vector_handler
 .text.__metal_default_sw_handler
                0x0000000020403e70       0x70 /mnt/f/ubuntu-ws/freedom-e-sdk/bsp/qemu-sifive-s51/install/lib/debug//libmetal.a(riscv_cpu.o)
                0x0000000020403e70                __metal_default_sw_handler
 .text.metal_timer_interrupt_vector_handler
                0x0000000020403ee0       0x96 /mnt/f/ubuntu-ws/freedom-e-sdk/bsp/qemu-sifive-s51/install/lib/debug//libmetal.a(riscv_cpu.o)
                0x0000000020403ee0                metal_timer_interrupt_vector_handler
 .text.__metal_default_beu_handler
                0x0000000020403f76       0x18 /mnt/f/ubuntu-ws/freedom-e-sdk/bsp/qemu-sifive-s51/install/lib/debug//libmetal.a(riscv_cpu.o)
                0x0000000020403f76                __metal_default_beu_handler
 .text.__metal_default_timer_handler
                0x0000000020403f8e       0x4a /mnt/f/ubuntu-ws/freedom-e-sdk/bsp/qemu-sifive-s51/install/lib/debug//libmetal.a(riscv_cpu.o)
                0x0000000020403f8e                __metal_default_timer_handler
 *fill*         0x0000000020403fd8       0x28 
 .text.__metal_exception_handler
                0x0000000020404000      0x1fa /mnt/f/ubuntu-ws/freedom-e-sdk/bsp/qemu-sifive-s51/install/lib/debug//libmetal.a(riscv_cpu.o)
                0x0000000020404000                __metal_exception_handler
 .text.metal_lc0_interrupt_vector_handler
                0x00000000204041fa       0x96 /mnt/f/ubuntu-ws/freedom-e-sdk/bsp/qemu-sifive-s51/install/lib/debug//libmetal.a(riscv_cpu.o)
                0x00000000204041fa                metal_lc0_interrupt_vector_handler
 .text.metal_lc1_interrupt_vector_handler
                0x0000000020404290       0x96 /mnt/f/ubuntu-ws/freedom-e-sdk/bsp/qemu-sifive-s51/install/lib/debug//libmetal.a(riscv_cpu.o)
                0x0000000020404290                metal_lc1_interrupt_vector_handler
 .text.metal_lc2_interrupt_vector_handler
                0x0000000020404326       0x96 /mnt/f/ubuntu-ws/freedom-e-sdk/bsp/qemu-sifive-s51/install/lib/debug//libmetal.a(riscv_cpu.o)
                0x0000000020404326                metal_lc2_interrupt_vector_handler
 .text.metal_lc3_interrupt_vector_handler
                0x00000000204043bc       0x96 /mnt/f/ubuntu-ws/freedom-e-sdk/bsp/qemu-sifive-s51/install/lib/debug//libmetal.a(riscv_cpu.o)
                0x00000000204043bc                metal_lc3_interrupt_vector_handler
 .text.metal_lc4_interrupt_vector_handler
                0x0000000020404452       0x96 /mnt/f/ubuntu-ws/freedom-e-sdk/bsp/qemu-sifive-s51/install/lib/debug//libmetal.a(riscv_cpu.o)
                0x0000000020404452                metal_lc4_interrupt_vector_handler
 .text.metal_lc5_interrupt_vector_handler
                0x00000000204044e8       0x96 /mnt/f/ubuntu-ws/freedom-e-sdk/bsp/qemu-sifive-s51/install/lib/debug//libmetal.a(riscv_cpu.o)
                0x00000000204044e8                metal_lc5_interrupt_vector_handler
 .text.metal_lc6_interrupt_vector_handler
                0x000000002040457e       0x96 /mnt/f/ubuntu-ws/freedom-e-sdk/bsp/qemu-sifive-s51/install/lib/debug//libmetal.a(riscv_cpu.o)
                0x000000002040457e                metal_lc6_interrupt_vector_handler
 .text.metal_lc7_interrupt_vector_handler
                0x0000000020404614       0x96 /mnt/f/ubuntu-ws/freedom-e-sdk/bsp/qemu-sifive-s51/install/lib/debug//libmetal.a(riscv_cpu.o)
                0x0000000020404614                metal_lc7_interrupt_vector_handler
 .text.metal_lc8_interrupt_vector_handler
                0x00000000204046aa       0x96 /mnt/f/ubuntu-ws/freedom-e-sdk/bsp/qemu-sifive-s51/install/lib/debug//libmetal.a(riscv_cpu.o)
                0x00000000204046aa                metal_lc8_interrupt_vector_handler
 .text.metal_lc9_interrupt_vector_handler
                0x0000000020404740       0x96 /mnt/f/ubuntu-ws/freedom-e-sdk/bsp/qemu-sifive-s51/install/lib/debug//libmetal.a(riscv_cpu.o)
                0x0000000020404740                metal_lc9_interrupt_vector_handler
 .text.metal_lc10_interrupt_vector_handler
                0x00000000204047d6       0x96 /mnt/f/ubuntu-ws/freedom-e-sdk/bsp/qemu-sifive-s51/install/lib/debug//libmetal.a(riscv_cpu.o)
                0x00000000204047d6                metal_lc10_interrupt_vector_handler
 .text.metal_lc11_interrupt_vector_handler
                0x000000002040486c       0x96 /mnt/f/ubuntu-ws/freedom-e-sdk/bsp/qemu-sifive-s51/install/lib/debug//libmetal.a(riscv_cpu.o)
                0x000000002040486c                metal_lc11_interrupt_vector_handler
 .text.metal_lc12_interrupt_vector_handler
                0x0000000020404902       0x96 /mnt/f/ubuntu-ws/freedom-e-sdk/bsp/qemu-sifive-s51/install/lib/debug//libmetal.a(riscv_cpu.o)
                0x0000000020404902                metal_lc12_interrupt_vector_handler
 .text.metal_lc13_interrupt_vector_handler
                0x0000000020404998       0x96 /mnt/f/ubuntu-ws/freedom-e-sdk/bsp/qemu-sifive-s51/install/lib/debug//libmetal.a(riscv_cpu.o)
                0x0000000020404998                metal_lc13_interrupt_vector_handler
 .text.metal_lc14_interrupt_vector_handler
                0x0000000020404a2e       0x96 /mnt/f/ubuntu-ws/freedom-e-sdk/bsp/qemu-sifive-s51/install/lib/debug//libmetal.a(riscv_cpu.o)
                0x0000000020404a2e                metal_lc14_interrupt_vector_handler
 .text.metal_lc15_interrupt_vector_handler
                0x0000000020404ac4       0x96 /mnt/f/ubuntu-ws/freedom-e-sdk/bsp/qemu-sifive-s51/install/lib/debug//libmetal.a(riscv_cpu.o)
                0x0000000020404ac4                metal_lc15_interrupt_vector_handler
 .text.__metal_controller_interrupt_vector_mode
                0x0000000020404b5a       0x50 /mnt/f/ubuntu-ws/freedom-e-sdk/bsp/qemu-sifive-s51/install/lib/debug//libmetal.a(riscv_cpu.o)
                0x0000000020404b5a                __metal_controller_interrupt_vector_mode
 .text.__metal_controller_interrupt_vector
                0x0000000020404baa       0xac /mnt/f/ubuntu-ws/freedom-e-sdk/bsp/qemu-sifive-s51/install/lib/debug//libmetal.a(riscv_cpu.o)
                0x0000000020404baa                __metal_controller_interrupt_vector
 .text.__metal_valid_interrupt_id
                0x0000000020404c56       0x82 /mnt/f/ubuntu-ws/freedom-e-sdk/bsp/qemu-sifive-s51/install/lib/debug//libmetal.a(riscv_cpu.o)
                0x0000000020404c56                __metal_valid_interrupt_id
 .text.__metal_local_interrupt_enable
                0x0000000020404cd8       0xde /mnt/f/ubuntu-ws/freedom-e-sdk/bsp/qemu-sifive-s51/install/lib/debug//libmetal.a(riscv_cpu.o)
                0x0000000020404cd8                __metal_local_interrupt_enable
 .text.__metal_exception_register
                0x0000000020404db6       0x54 /mnt/f/ubuntu-ws/freedom-e-sdk/bsp/qemu-sifive-s51/install/lib/debug//libmetal.a(riscv_cpu.o)
                0x0000000020404db6                __metal_exception_register
 .text.__metal_driver_riscv_cpu_controller_interrupt_init
                0x0000000020404e0a       0xde /mnt/f/ubuntu-ws/freedom-e-sdk/bsp/qemu-sifive-s51/install/lib/debug//libmetal.a(riscv_cpu.o)
                0x0000000020404e0a                __metal_driver_riscv_cpu_controller_interrupt_init
 .text.__metal_driver_riscv_cpu_controller_interrupt_register
                0x0000000020404ee8      0x1d4 /mnt/f/ubuntu-ws/freedom-e-sdk/bsp/qemu-sifive-s51/install/lib/debug//libmetal.a(riscv_cpu.o)
                0x0000000020404ee8                __metal_driver_riscv_cpu_controller_interrupt_register
 .text.__metal_driver_riscv_cpu_controller_interrupt_enable
                0x00000000204050bc       0x2e /mnt/f/ubuntu-ws/freedom-e-sdk/bsp/qemu-sifive-s51/install/lib/debug//libmetal.a(riscv_cpu.o)
                0x00000000204050bc                __metal_driver_riscv_cpu_controller_interrupt_enable
 .text.__metal_driver_riscv_cpu_controller_interrupt_disable
                0x00000000204050ea       0x2e /mnt/f/ubuntu-ws/freedom-e-sdk/bsp/qemu-sifive-s51/install/lib/debug//libmetal.a(riscv_cpu.o)
                0x00000000204050ea                __metal_driver_riscv_cpu_controller_interrupt_disable
 .text.__metal_driver_riscv_cpu_controller_get_vector_mode
                0x0000000020405118       0x1e /mnt/f/ubuntu-ws/freedom-e-sdk/bsp/qemu-sifive-s51/install/lib/debug//libmetal.a(riscv_cpu.o)
                0x0000000020405118                __metal_driver_riscv_cpu_controller_get_vector_mode
 .text.__metal_driver_riscv_cpu_controller_set_vector_mode
                0x0000000020405136       0x60 /mnt/f/ubuntu-ws/freedom-e-sdk/bsp/qemu-sifive-s51/install/lib/debug//libmetal.a(riscv_cpu.o)
                0x0000000020405136                __metal_driver_riscv_cpu_controller_set_vector_mode
 .text.__metal_driver_riscv_cpu_controller_command_request
                0x0000000020405196       0x1e /mnt/f/ubuntu-ws/freedom-e-sdk/bsp/qemu-sifive-s51/install/lib/debug//libmetal.a(riscv_cpu.o)
                0x0000000020405196                __metal_driver_riscv_cpu_controller_command_request
 .text.__metal_driver_cpu_mcycle_get
                0x00000000204051b4       0x22 /mnt/f/ubuntu-ws/freedom-e-sdk/bsp/qemu-sifive-s51/install/lib/debug//libmetal.a(riscv_cpu.o)
                0x00000000204051b4                __metal_driver_cpu_mcycle_get
 .text.__metal_driver_cpu_timebase_get
                0x00000000204051d6       0x32 /mnt/f/ubuntu-ws/freedom-e-sdk/bsp/qemu-sifive-s51/install/lib/debug//libmetal.a(riscv_cpu.o)
                0x00000000204051d6                __metal_driver_cpu_timebase_get
 .text.__metal_driver_cpu_mtime_get
                0x0000000020405208       0x58 /mnt/f/ubuntu-ws/freedom-e-sdk/bsp/qemu-sifive-s51/install/lib/debug//libmetal.a(riscv_cpu.o)
                0x0000000020405208                __metal_driver_cpu_mtime_get
 .text.__metal_driver_cpu_mtimecmp_set
                0x0000000020405260       0x70 /mnt/f/ubuntu-ws/freedom-e-sdk/bsp/qemu-sifive-s51/install/lib/debug//libmetal.a(riscv_cpu.o)
                0x0000000020405260                __metal_driver_cpu_mtimecmp_set
 .text.__metal_driver_cpu_timer_controller_interrupt
                0x00000000204052d0       0x1a /mnt/f/ubuntu-ws/freedom-e-sdk/bsp/qemu-sifive-s51/install/lib/debug//libmetal.a(riscv_cpu.o)
                0x00000000204052d0                __metal_driver_cpu_timer_controller_interrupt
 .text.__metal_driver_cpu_get_timer_interrupt_id
                0x00000000204052ea       0x14 /mnt/f/ubuntu-ws/freedom-e-sdk/bsp/qemu-sifive-s51/install/lib/debug//libmetal.a(riscv_cpu.o)
                0x00000000204052ea                __metal_driver_cpu_get_timer_interrupt_id
 .text.__metal_driver_cpu_sw_controller_interrupt
                0x00000000204052fe       0x1a /mnt/f/ubuntu-ws/freedom-e-sdk/bsp/qemu-sifive-s51/install/lib/debug//libmetal.a(riscv_cpu.o)
                0x00000000204052fe                __metal_driver_cpu_sw_controller_interrupt
 .text.__metal_driver_cpu_get_sw_interrupt_id
                0x0000000020405318       0x14 /mnt/f/ubuntu-ws/freedom-e-sdk/bsp/qemu-sifive-s51/install/lib/debug//libmetal.a(riscv_cpu.o)
                0x0000000020405318                __metal_driver_cpu_get_sw_interrupt_id
 .text.__metal_driver_cpu_set_sw_ipi
                0x000000002040532c       0x66 /mnt/f/ubuntu-ws/freedom-e-sdk/bsp/qemu-sifive-s51/install/lib/debug//libmetal.a(riscv_cpu.o)
                0x000000002040532c                __metal_driver_cpu_set_sw_ipi
 .text.__metal_driver_cpu_clear_sw_ipi
                0x0000000020405392       0x66 /mnt/f/ubuntu-ws/freedom-e-sdk/bsp/qemu-sifive-s51/install/lib/debug//libmetal.a(riscv_cpu.o)
                0x0000000020405392                __metal_driver_cpu_clear_sw_ipi
 .text.__metal_driver_cpu_get_msip
                0x00000000204053f8       0x64 /mnt/f/ubuntu-ws/freedom-e-sdk/bsp/qemu-sifive-s51/install/lib/debug//libmetal.a(riscv_cpu.o)
                0x00000000204053f8                __metal_driver_cpu_get_msip
 .text.__metal_driver_cpu_controller_interrupt
                0x000000002040545c       0x20 /mnt/f/ubuntu-ws/freedom-e-sdk/bsp/qemu-sifive-s51/install/lib/debug//libmetal.a(riscv_cpu.o)
                0x000000002040545c                __metal_driver_cpu_controller_interrupt
 .text.__metal_driver_cpu_exception_register
                0x000000002040547c       0x4a /mnt/f/ubuntu-ws/freedom-e-sdk/bsp/qemu-sifive-s51/install/lib/debug//libmetal.a(riscv_cpu.o)
                0x000000002040547c                __metal_driver_cpu_exception_register
 .text.__metal_driver_cpu_get_instruction_length
                0x00000000204054c6       0x32 /mnt/f/ubuntu-ws/freedom-e-sdk/bsp/qemu-sifive-s51/install/lib/debug//libmetal.a(riscv_cpu.o)
                0x00000000204054c6                __metal_driver_cpu_get_instruction_length
 .text.__metal_driver_cpu_get_exception_pc
                0x00000000204054f8       0x1e /mnt/f/ubuntu-ws/freedom-e-sdk/bsp/qemu-sifive-s51/install/lib/debug//libmetal.a(riscv_cpu.o)
                0x00000000204054f8                __metal_driver_cpu_get_exception_pc
 .text.__metal_driver_cpu_set_exception_pc
                0x0000000020405516       0x20 /mnt/f/ubuntu-ws/freedom-e-sdk/bsp/qemu-sifive-s51/install/lib/debug//libmetal.a(riscv_cpu.o)
                0x0000000020405516                __metal_driver_cpu_set_exception_pc
 .text.__metal_driver_cpu_get_buserror
                0x0000000020405536       0x20 /mnt/f/ubuntu-ws/freedom-e-sdk/bsp/qemu-sifive-s51/install/lib/debug//libmetal.a(riscv_cpu.o)
                0x0000000020405536                __metal_driver_cpu_get_buserror
 .text.__metal_driver_sifive_plic0_control_base
                0x0000000020405556       0x2a /mnt/f/ubuntu-ws/freedom-e-sdk/bsp/qemu-sifive-s51/install/lib/debug//libmetal.a(riscv_plic0.o)
 .text.__metal_driver_sifive_plic0_num_interrupts
                0x0000000020405580       0x28 /mnt/f/ubuntu-ws/freedom-e-sdk/bsp/qemu-sifive-s51/install/lib/debug//libmetal.a(riscv_plic0.o)
 .text.__metal_driver_sifive_plic0_max_priority
                0x00000000204055a8       0x28 /mnt/f/ubuntu-ws/freedom-e-sdk/bsp/qemu-sifive-s51/install/lib/debug//libmetal.a(riscv_plic0.o)
 .text.__metal_driver_sifive_plic0_interrupt_parents
                0x00000000204055d0       0x2c /mnt/f/ubuntu-ws/freedom-e-sdk/bsp/qemu-sifive-s51/install/lib/debug//libmetal.a(riscv_plic0.o)
 .text.__metal_driver_sifive_plic0_interrupt_lines
                0x00000000204055fc       0x26 /mnt/f/ubuntu-ws/freedom-e-sdk/bsp/qemu-sifive-s51/install/lib/debug//libmetal.a(riscv_plic0.o)
 .text.__metal_driver_sifive_plic0_context_ids
                0x0000000020405622       0x22 /mnt/f/ubuntu-ws/freedom-e-sdk/bsp/qemu-sifive-s51/install/lib/debug//libmetal.a(riscv_plic0.o)
 .text.__metal_plic0_claim_interrupt
                0x0000000020405644       0x42 /mnt/f/ubuntu-ws/freedom-e-sdk/bsp/qemu-sifive-s51/install/lib/debug//libmetal.a(riscv_plic0.o)
                0x0000000020405644                __metal_plic0_claim_interrupt
 .text.__metal_plic0_complete_interrupt
                0x0000000020405686       0x4e /mnt/f/ubuntu-ws/freedom-e-sdk/bsp/qemu-sifive-s51/install/lib/debug//libmetal.a(riscv_plic0.o)
                0x0000000020405686                __metal_plic0_complete_interrupt
 .text.__metal_plic0_set_threshold
                0x00000000204056d4       0x4e /mnt/f/ubuntu-ws/freedom-e-sdk/bsp/qemu-sifive-s51/install/lib/debug//libmetal.a(riscv_plic0.o)
                0x00000000204056d4                __metal_plic0_set_threshold
 .text.__metal_plic0_get_threshold
                0x0000000020405722       0x40 /mnt/f/ubuntu-ws/freedom-e-sdk/bsp/qemu-sifive-s51/install/lib/debug//libmetal.a(riscv_plic0.o)
                0x0000000020405722                __metal_plic0_get_threshold
 .text.__metal_driver_riscv_plic0_set_priority
                0x0000000020405762       0x76 /mnt/f/ubuntu-ws/freedom-e-sdk/bsp/qemu-sifive-s51/install/lib/debug//libmetal.a(riscv_plic0.o)
                0x0000000020405762                __metal_driver_riscv_plic0_set_priority
 .text.__metal_driver_riscv_plic0_get_priority
                0x00000000204057d8       0x3e /mnt/f/ubuntu-ws/freedom-e-sdk/bsp/qemu-sifive-s51/install/lib/debug//libmetal.a(riscv_plic0.o)
                0x00000000204057d8                __metal_driver_riscv_plic0_get_priority
 .text.__metal_plic0_enable
                0x0000000020405816       0xd0 /mnt/f/ubuntu-ws/freedom-e-sdk/bsp/qemu-sifive-s51/install/lib/debug//libmetal.a(riscv_plic0.o)
                0x0000000020405816                __metal_plic0_enable
 .text.__metal_plic0_default_handler
                0x00000000204058e6       0x1a /mnt/f/ubuntu-ws/freedom-e-sdk/bsp/qemu-sifive-s51/install/lib/debug//libmetal.a(riscv_plic0.o)
                0x00000000204058e6                __metal_plic0_default_handler
 .text.__metal_plic0_handler
                0x0000000020405900       0xba /mnt/f/ubuntu-ws/freedom-e-sdk/bsp/qemu-sifive-s51/install/lib/debug//libmetal.a(riscv_plic0.o)
                0x0000000020405900                __metal_plic0_handler
 .text.__metal_driver_riscv_plic0_init
                0x00000000204059ba      0x172 /mnt/f/ubuntu-ws/freedom-e-sdk/bsp/qemu-sifive-s51/install/lib/debug//libmetal.a(riscv_plic0.o)
                0x00000000204059ba                __metal_driver_riscv_plic0_init
 .text.__metal_driver_riscv_plic0_register
                0x0000000020405b2c       0xc2 /mnt/f/ubuntu-ws/freedom-e-sdk/bsp/qemu-sifive-s51/install/lib/debug//libmetal.a(riscv_plic0.o)
                0x0000000020405b2c                __metal_driver_riscv_plic0_register
 .text.__metal_driver_riscv_plic0_enable
                0x0000000020405bee       0x5a /mnt/f/ubuntu-ws/freedom-e-sdk/bsp/qemu-sifive-s51/install/lib/debug//libmetal.a(riscv_plic0.o)
                0x0000000020405bee                __metal_driver_riscv_plic0_enable
 .text.__metal_driver_riscv_plic0_disable
                0x0000000020405c48       0x5a /mnt/f/ubuntu-ws/freedom-e-sdk/bsp/qemu-sifive-s51/install/lib/debug//libmetal.a(riscv_plic0.o)
                0x0000000020405c48                __metal_driver_riscv_plic0_disable
 .text.__metal_driver_riscv_plic0_set_threshold
                0x0000000020405ca2       0x36 /mnt/f/ubuntu-ws/freedom-e-sdk/bsp/qemu-sifive-s51/install/lib/debug//libmetal.a(riscv_plic0.o)
                0x0000000020405ca2                __metal_driver_riscv_plic0_set_threshold
 .text.__metal_driver_riscv_plic0_get_threshold
                0x0000000020405cd8       0x2c /mnt/f/ubuntu-ws/freedom-e-sdk/bsp/qemu-sifive-s51/install/lib/debug//libmetal.a(riscv_plic0.o)
                0x0000000020405cd8                __metal_driver_riscv_plic0_get_threshold
 .text.__metal_driver_riscv_plic0_affinity_enable
                0x0000000020405d04       0xae /mnt/f/ubuntu-ws/freedom-e-sdk/bsp/qemu-sifive-s51/install/lib/debug//libmetal.a(riscv_plic0.o)
                0x0000000020405d04                __metal_driver_riscv_plic0_affinity_enable
 .text.__metal_driver_riscv_plic0_affinity_disable
                0x0000000020405db2       0xae /mnt/f/ubuntu-ws/freedom-e-sdk/bsp/qemu-sifive-s51/install/lib/debug//libmetal.a(riscv_plic0.o)
                0x0000000020405db2                __metal_driver_riscv_plic0_affinity_disable
 .text.__metal_driver_riscv_plic0_affinity_set_threshold
                0x0000000020405e60       0x82 /mnt/f/ubuntu-ws/freedom-e-sdk/bsp/qemu-sifive-s51/install/lib/debug//libmetal.a(riscv_plic0.o)
                0x0000000020405e60                __metal_driver_riscv_plic0_affinity_set_threshold
 .text.__metal_driver_riscv_plic0_affinity_get_threshold
                0x0000000020405ee2       0x2c /mnt/f/ubuntu-ws/freedom-e-sdk/bsp/qemu-sifive-s51/install/lib/debug//libmetal.a(riscv_plic0.o)
                0x0000000020405ee2                __metal_driver_riscv_plic0_affinity_get_threshold
 .text.__metal_driver_sifive_fe310_g000_hfrosc_ref
                0x0000000020405f0e       0x1a /mnt/f/ubuntu-ws/freedom-e-sdk/bsp/qemu-sifive-s51/install/lib/debug//libmetal.a(sifive_fe310-g000_hfrosc.o)
 .text.__metal_driver_sifive_fe310_g000_hfrosc_config_base
                0x0000000020405f28       0x16 /mnt/f/ubuntu-ws/freedom-e-sdk/bsp/qemu-sifive-s51/install/lib/debug//libmetal.a(sifive_fe310-g000_hfrosc.o)
 .text.__metal_driver_sifive_fe310_g000_hfrosc_config_offset
                0x0000000020405f3e       0x14 /mnt/f/ubuntu-ws/freedom-e-sdk/bsp/qemu-sifive-s51/install/lib/debug//libmetal.a(sifive_fe310-g000_hfrosc.o)
 .text.__metal_driver_sifive_fe310_g000_prci_vtable
                0x0000000020405f52       0x16 /mnt/f/ubuntu-ws/freedom-e-sdk/bsp/qemu-sifive-s51/install/lib/debug//libmetal.a(sifive_fe310-g000_hfrosc.o)
 .text.__metal_driver_sifive_fe310_g000_hfrosc_get_rate_hz
                0x0000000020405f68       0x90 /mnt/f/ubuntu-ws/freedom-e-sdk/bsp/qemu-sifive-s51/install/lib/debug//libmetal.a(sifive_fe310-g000_hfrosc.o)
                0x0000000020405f68                __metal_driver_sifive_fe310_g000_hfrosc_get_rate_hz
 .text.__metal_driver_sifive_fe310_g000_hfrosc_set_rate_hz
                0x0000000020405ff8       0x24 /mnt/f/ubuntu-ws/freedom-e-sdk/bsp/qemu-sifive-s51/install/lib/debug//libmetal.a(sifive_fe310-g000_hfrosc.o)
                0x0000000020405ff8                __metal_driver_sifive_fe310_g000_hfrosc_set_rate_hz
 .text.__metal_driver_sifive_fe310_g000_hfxosc_ref
                0x000000002040601c       0x1a /mnt/f/ubuntu-ws/freedom-e-sdk/bsp/qemu-sifive-s51/install/lib/debug//libmetal.a(sifive_fe310-g000_hfxosc.o)
 .text.__metal_driver_sifive_fe310_g000_hfxosc_config_base
                0x0000000020406036       0x16 /mnt/f/ubuntu-ws/freedom-e-sdk/bsp/qemu-sifive-s51/install/lib/debug//libmetal.a(sifive_fe310-g000_hfxosc.o)
 .text.__metal_driver_sifive_fe310_g000_hfxosc_config_offset
                0x000000002040604c       0x14 /mnt/f/ubuntu-ws/freedom-e-sdk/bsp/qemu-sifive-s51/install/lib/debug//libmetal.a(sifive_fe310-g000_hfxosc.o)
 .text.__metal_driver_sifive_fe310_g000_prci_vtable
                0x0000000020406060       0x16 /mnt/f/ubuntu-ws/freedom-e-sdk/bsp/qemu-sifive-s51/install/lib/debug//libmetal.a(sifive_fe310-g000_hfxosc.o)
 .text.__metal_driver_sifive_fe310_g000_hfxosc_get_rate_hz
                0x0000000020406076       0x80 /mnt/f/ubuntu-ws/freedom-e-sdk/bsp/qemu-sifive-s51/install/lib/debug//libmetal.a(sifive_fe310-g000_hfxosc.o)
                0x0000000020406076                __metal_driver_sifive_fe310_g000_hfxosc_get_rate_hz
 .text.__metal_driver_sifive_fe310_g000_hfxosc_set_rate_hz
                0x00000000204060f6       0x24 /mnt/f/ubuntu-ws/freedom-e-sdk/bsp/qemu-sifive-s51/install/lib/debug//libmetal.a(sifive_fe310-g000_hfxosc.o)
                0x00000000204060f6                __metal_driver_sifive_fe310_g000_hfxosc_set_rate_hz
 .text.__metal_driver_sifive_fe310_g000_pll_pllsel0
                0x000000002040611a       0x1a /mnt/f/ubuntu-ws/freedom-e-sdk/bsp/qemu-sifive-s51/install/lib/debug//libmetal.a(sifive_fe310-g000_pll.o)
 .text.__metal_driver_sifive_fe310_g000_pll_pllref
                0x0000000020406134       0x1a /mnt/f/ubuntu-ws/freedom-e-sdk/bsp/qemu-sifive-s51/install/lib/debug//libmetal.a(sifive_fe310-g000_pll.o)
 .text.__metal_driver_sifive_fe310_g000_pll_divider_base
                0x000000002040614e       0x16 /mnt/f/ubuntu-ws/freedom-e-sdk/bsp/qemu-sifive-s51/install/lib/debug//libmetal.a(sifive_fe310-g000_pll.o)
 .text.__metal_driver_sifive_fe310_g000_pll_divider_offset
                0x0000000020406164       0x14 /mnt/f/ubuntu-ws/freedom-e-sdk/bsp/qemu-sifive-s51/install/lib/debug//libmetal.a(sifive_fe310-g000_pll.o)
 .text.__metal_driver_sifive_fe310_g000_pll_config_base
                0x0000000020406178       0x12 /mnt/f/ubuntu-ws/freedom-e-sdk/bsp/qemu-sifive-s51/install/lib/debug//libmetal.a(sifive_fe310-g000_pll.o)
 .text.__metal_driver_sifive_fe310_g000_pll_config_offset
                0x000000002040618a       0x10 /mnt/f/ubuntu-ws/freedom-e-sdk/bsp/qemu-sifive-s51/install/lib/debug//libmetal.a(sifive_fe310-g000_pll.o)
 .text.__metal_driver_sifive_fe310_g000_pll_init_rate
                0x000000002040619a       0x16 /mnt/f/ubuntu-ws/freedom-e-sdk/bsp/qemu-sifive-s51/install/lib/debug//libmetal.a(sifive_fe310-g000_pll.o)
 .text.__metal_driver_sifive_fe310_g000_prci_base
                0x00000000204061b0       0x12 /mnt/f/ubuntu-ws/freedom-e-sdk/bsp/qemu-sifive-s51/install/lib/debug//libmetal.a(sifive_fe310-g000_pll.o)
 .text.__metal_driver_sifive_fe310_g000_prci_vtable
                0x00000000204061c2       0x16 /mnt/f/ubuntu-ws/freedom-e-sdk/bsp/qemu-sifive-s51/install/lib/debug//libmetal.a(sifive_fe310-g000_pll.o)
 .text.get_pll_config_freq
                0x00000000204061d8       0x4e /mnt/f/ubuntu-ws/freedom-e-sdk/bsp/qemu-sifive-s51/install/lib/debug//libmetal.a(sifive_fe310-g000_pll.o)
 .text.__metal_driver_sifive_fe310_g000_pll_init
                0x0000000020406226       0xc4 /mnt/f/ubuntu-ws/freedom-e-sdk/bsp/qemu-sifive-s51/install/lib/debug//libmetal.a(sifive_fe310-g000_pll.o)
                0x0000000020406226                __metal_driver_sifive_fe310_g000_pll_init
 .text.__metal_driver_sifive_fe310_g000_pll_get_rate_hz
                0x00000000204062ea      0x182 /mnt/f/ubuntu-ws/freedom-e-sdk/bsp/qemu-sifive-s51/install/lib/debug//libmetal.a(sifive_fe310-g000_pll.o)
                0x00000000204062ea                __metal_driver_sifive_fe310_g000_pll_get_rate_hz
 .text.find_closest_config
                0x000000002040646c       0xaa /mnt/f/ubuntu-ws/freedom-e-sdk/bsp/qemu-sifive-s51/install/lib/debug//libmetal.a(sifive_fe310-g000_pll.o)
 .text.configure_pll
                0x0000000020406516      0x1ea /mnt/f/ubuntu-ws/freedom-e-sdk/bsp/qemu-sifive-s51/install/lib/debug//libmetal.a(sifive_fe310-g000_pll.o)
 .text.__metal_driver_sifive_fe310_g000_pll_set_rate_hz
                0x0000000020406700      0x19c /mnt/f/ubuntu-ws/freedom-e-sdk/bsp/qemu-sifive-s51/install/lib/debug//libmetal.a(sifive_fe310-g000_pll.o)
                0x0000000020406700                __metal_driver_sifive_fe310_g000_pll_set_rate_hz
 .text.__metal_driver_sifive_fe310_g000_prci_base
                0x000000002040689c       0x12 /mnt/f/ubuntu-ws/freedom-e-sdk/bsp/qemu-sifive-s51/install/lib/debug//libmetal.a(sifive_fe310-g000_prci.o)
 .text.__metal_driver_sifive_fe310_g000_prci_get_reg
                0x00000000204068ae       0x36 /mnt/f/ubuntu-ws/freedom-e-sdk/bsp/qemu-sifive-s51/install/lib/debug//libmetal.a(sifive_fe310-g000_prci.o)
                0x00000000204068ae                __metal_driver_sifive_fe310_g000_prci_get_reg
 .text.__metal_driver_sifive_fe310_g000_prci_set_reg
                0x00000000204068e4       0x42 /mnt/f/ubuntu-ws/freedom-e-sdk/bsp/qemu-sifive-s51/install/lib/debug//libmetal.a(sifive_fe310-g000_prci.o)
                0x00000000204068e4                __metal_driver_sifive_fe310_g000_prci_set_reg
 .text.__metal_driver_sifive_gpio0_base
                0x0000000020406926       0x26 /mnt/f/ubuntu-ws/freedom-e-sdk/bsp/qemu-sifive-s51/install/lib/debug//libmetal.a(sifive_gpio0.o)
 .text.__metal_driver_sifive_gpio0_interrupt_parent
                0x000000002040694c       0x2a /mnt/f/ubuntu-ws/freedom-e-sdk/bsp/qemu-sifive-s51/install/lib/debug//libmetal.a(sifive_gpio0.o)
 .text.__metal_driver_sifive_gpio0_interrupt_lines
                0x0000000020406976      0x1f4 /mnt/f/ubuntu-ws/freedom-e-sdk/bsp/qemu-sifive-s51/install/lib/debug//libmetal.a(sifive_gpio0.o)
 .text.__metal_driver_sifive_gpio0_enable_input
                0x0000000020406b6a       0x52 /mnt/f/ubuntu-ws/freedom-e-sdk/bsp/qemu-sifive-s51/install/lib/debug//libmetal.a(sifive_gpio0.o)
                0x0000000020406b6a                __metal_driver_sifive_gpio0_enable_input
 .text.__metal_driver_sifive_gpio0_disable_input
                0x0000000020406bbc       0x58 /mnt/f/ubuntu-ws/freedom-e-sdk/bsp/qemu-sifive-s51/install/lib/debug//libmetal.a(sifive_gpio0.o)
                0x0000000020406bbc                __metal_driver_sifive_gpio0_disable_input
 .text.__metal_driver_sifive_gpio0_input
                0x0000000020406c14       0x30 /mnt/f/ubuntu-ws/freedom-e-sdk/bsp/qemu-sifive-s51/install/lib/debug//libmetal.a(sifive_gpio0.o)
                0x0000000020406c14                __metal_driver_sifive_gpio0_input
 .text.__metal_driver_sifive_gpio0_output
                0x0000000020406c44       0x32 /mnt/f/ubuntu-ws/freedom-e-sdk/bsp/qemu-sifive-s51/install/lib/debug//libmetal.a(sifive_gpio0.o)
                0x0000000020406c44                __metal_driver_sifive_gpio0_output
 .text.__metal_driver_sifive_gpio0_disable_output
                0x0000000020406c76       0x58 /mnt/f/ubuntu-ws/freedom-e-sdk/bsp/qemu-sifive-s51/install/lib/debug//libmetal.a(sifive_gpio0.o)
                0x0000000020406c76                __metal_driver_sifive_gpio0_disable_output
 .text.__metal_driver_sifive_gpio0_enable_output
                0x0000000020406cce       0x52 /mnt/f/ubuntu-ws/freedom-e-sdk/bsp/qemu-sifive-s51/install/lib/debug//libmetal.a(sifive_gpio0.o)
                0x0000000020406cce                __metal_driver_sifive_gpio0_enable_output
 .text.__metal_driver_sifive_gpio0_output_set
                0x0000000020406d20       0x52 /mnt/f/ubuntu-ws/freedom-e-sdk/bsp/qemu-sifive-s51/install/lib/debug//libmetal.a(sifive_gpio0.o)
                0x0000000020406d20                __metal_driver_sifive_gpio0_output_set
 .text.__metal_driver_sifive_gpio0_output_clear
                0x0000000020406d72       0x58 /mnt/f/ubuntu-ws/freedom-e-sdk/bsp/qemu-sifive-s51/install/lib/debug//libmetal.a(sifive_gpio0.o)
                0x0000000020406d72                __metal_driver_sifive_gpio0_output_clear
 .text.__metal_driver_sifive_gpio0_output_toggle
                0x0000000020406dca       0x52 /mnt/f/ubuntu-ws/freedom-e-sdk/bsp/qemu-sifive-s51/install/lib/debug//libmetal.a(sifive_gpio0.o)
                0x0000000020406dca                __metal_driver_sifive_gpio0_output_toggle
 .text.__metal_driver_sifive_gpio0_enable_io
                0x0000000020406e1c       0x86 /mnt/f/ubuntu-ws/freedom-e-sdk/bsp/qemu-sifive-s51/install/lib/debug//libmetal.a(sifive_gpio0.o)
                0x0000000020406e1c                __metal_driver_sifive_gpio0_enable_io
 .text.__metal_driver_sifive_gpio0_disable_io
                0x0000000020406ea2       0x5c /mnt/f/ubuntu-ws/freedom-e-sdk/bsp/qemu-sifive-s51/install/lib/debug//libmetal.a(sifive_gpio0.o)
                0x0000000020406ea2                __metal_driver_sifive_gpio0_disable_io
 .text.__metal_driver_sifive_gpio0_config_int
                0x0000000020406efe      0x33a /mnt/f/ubuntu-ws/freedom-e-sdk/bsp/qemu-sifive-s51/install/lib/debug//libmetal.a(sifive_gpio0.o)
                0x0000000020406efe                __metal_driver_sifive_gpio0_config_int
 .text.__metal_driver_sifive_gpio0_clear_int
                0x0000000020407238      0x274 /mnt/f/ubuntu-ws/freedom-e-sdk/bsp/qemu-sifive-s51/install/lib/debug//libmetal.a(sifive_gpio0.o)
                0x0000000020407238                __metal_driver_sifive_gpio0_clear_int
 .text.__metal_driver_gpio_interrupt_controller
                0x00000000204074ac       0x20 /mnt/f/ubuntu-ws/freedom-e-sdk/bsp/qemu-sifive-s51/install/lib/debug//libmetal.a(sifive_gpio0.o)
                0x00000000204074ac                __metal_driver_gpio_interrupt_controller
 .text.__metal_driver_gpio_get_interrupt_id
                0x00000000204074cc       0x34 /mnt/f/ubuntu-ws/freedom-e-sdk/bsp/qemu-sifive-s51/install/lib/debug//libmetal.a(sifive_gpio0.o)
                0x00000000204074cc                __metal_driver_gpio_get_interrupt_id
 .text.__metal_driver_sifive_test0_base
                0x0000000020407500       0x26 /mnt/f/ubuntu-ws/freedom-e-sdk/bsp/qemu-sifive-s51/install/lib/debug//libmetal.a(sifive_test0.o)
 .text.__metal_driver_sifive_test0_exit
                0x0000000020407526       0x56 /mnt/f/ubuntu-ws/freedom-e-sdk/bsp/qemu-sifive-s51/install/lib/debug//libmetal.a(sifive_test0.o)
                0x0000000020407526                __metal_driver_sifive_test0_exit
 .text.__metal_driver_sifive_uart0_control_base
                0x000000002040757c       0x2a /mnt/f/ubuntu-ws/freedom-e-sdk/bsp/qemu-sifive-s51/install/lib/debug//libmetal.a(sifive_uart0.o)
 .text.__metal_driver_sifive_uart0_interrupt_parent
                0x00000000204075a6       0x2e /mnt/f/ubuntu-ws/freedom-e-sdk/bsp/qemu-sifive-s51/install/lib/debug//libmetal.a(sifive_uart0.o)
 .text.__metal_driver_sifive_uart0_interrupt_line
                0x00000000204075d4       0x28 /mnt/f/ubuntu-ws/freedom-e-sdk/bsp/qemu-sifive-s51/install/lib/debug//libmetal.a(sifive_uart0.o)
 .text.__metal_driver_sifive_uart0_clock
                0x00000000204075fc       0x2e /mnt/f/ubuntu-ws/freedom-e-sdk/bsp/qemu-sifive-s51/install/lib/debug//libmetal.a(sifive_uart0.o)
 .text.__metal_driver_sifive_uart0_pinmux
                0x000000002040762a       0x2a /mnt/f/ubuntu-ws/freedom-e-sdk/bsp/qemu-sifive-s51/install/lib/debug//libmetal.a(sifive_uart0.o)
 .text.__metal_driver_sifive_uart0_pinmux_output_selector
                0x0000000020407654       0x28 /mnt/f/ubuntu-ws/freedom-e-sdk/bsp/qemu-sifive-s51/install/lib/debug//libmetal.a(sifive_uart0.o)
 .text.__metal_driver_sifive_uart0_pinmux_source_selector
                0x000000002040767c       0x2a /mnt/f/ubuntu-ws/freedom-e-sdk/bsp/qemu-sifive-s51/install/lib/debug//libmetal.a(sifive_uart0.o)
 .text.__metal_driver_sifive_uart0_interrupt_controller
                0x00000000204076a6       0x20 /mnt/f/ubuntu-ws/freedom-e-sdk/bsp/qemu-sifive-s51/install/lib/debug//libmetal.a(sifive_uart0.o)
                0x00000000204076a6                __metal_driver_sifive_uart0_interrupt_controller
 .text.__metal_driver_sifive_uart0_get_interrupt_id
                0x00000000204076c6       0x20 /mnt/f/ubuntu-ws/freedom-e-sdk/bsp/qemu-sifive-s51/install/lib/debug//libmetal.a(sifive_uart0.o)
                0x00000000204076c6                __metal_driver_sifive_uart0_get_interrupt_id
 .text.__metal_driver_sifive_uart0_tx_interrupt_enable
                0x00000000204076e6       0x44 /mnt/f/ubuntu-ws/freedom-e-sdk/bsp/qemu-sifive-s51/install/lib/debug//libmetal.a(sifive_uart0.o)
                0x00000000204076e6                __metal_driver_sifive_uart0_tx_interrupt_enable
 .text.__metal_driver_sifive_uart0_tx_interrupt_disable
                0x000000002040772a       0x42 /mnt/f/ubuntu-ws/freedom-e-sdk/bsp/qemu-sifive-s51/install/lib/debug//libmetal.a(sifive_uart0.o)
                0x000000002040772a                __metal_driver_sifive_uart0_tx_interrupt_disable
 .text.__metal_driver_sifive_uart0_rx_interrupt_enable
                0x000000002040776c       0x44 /mnt/f/ubuntu-ws/freedom-e-sdk/bsp/qemu-sifive-s51/install/lib/debug//libmetal.a(sifive_uart0.o)
                0x000000002040776c                __metal_driver_sifive_uart0_rx_interrupt_enable
 .text.__metal_driver_sifive_uart0_rx_interrupt_disable
                0x00000000204077b0       0x42 /mnt/f/ubuntu-ws/freedom-e-sdk/bsp/qemu-sifive-s51/install/lib/debug//libmetal.a(sifive_uart0.o)
                0x00000000204077b0                __metal_driver_sifive_uart0_rx_interrupt_disable
 .text.__metal_driver_sifive_uart0_txready
                0x00000000204077f2       0x38 /mnt/f/ubuntu-ws/freedom-e-sdk/bsp/qemu-sifive-s51/install/lib/debug//libmetal.a(sifive_uart0.o)
                0x00000000204077f2                __metal_driver_sifive_uart0_txready
 .text.__metal_driver_sifive_uart0_set_tx_watermark
                0x000000002040782a       0x5e /mnt/f/ubuntu-ws/freedom-e-sdk/bsp/qemu-sifive-s51/install/lib/debug//libmetal.a(sifive_uart0.o)
                0x000000002040782a                __metal_driver_sifive_uart0_set_tx_watermark
 .text.__metal_driver_sifive_uart0_get_tx_watermark
                0x0000000020407888       0x3a /mnt/f/ubuntu-ws/freedom-e-sdk/bsp/qemu-sifive-s51/install/lib/debug//libmetal.a(sifive_uart0.o)
                0x0000000020407888                __metal_driver_sifive_uart0_get_tx_watermark
 .text.__metal_driver_sifive_uart0_set_rx_watermark
                0x00000000204078c2       0x5e /mnt/f/ubuntu-ws/freedom-e-sdk/bsp/qemu-sifive-s51/install/lib/debug//libmetal.a(sifive_uart0.o)
                0x00000000204078c2                __metal_driver_sifive_uart0_set_rx_watermark
 .text.__metal_driver_sifive_uart0_get_rx_watermark
                0x0000000020407920       0x3a /mnt/f/ubuntu-ws/freedom-e-sdk/bsp/qemu-sifive-s51/install/lib/debug//libmetal.a(sifive_uart0.o)
                0x0000000020407920                __metal_driver_sifive_uart0_get_rx_watermark
 .text.__metal_driver_sifive_uart0_putc
                0x000000002040795a       0x44 /mnt/f/ubuntu-ws/freedom-e-sdk/bsp/qemu-sifive-s51/install/lib/debug//libmetal.a(sifive_uart0.o)
                0x000000002040795a                __metal_driver_sifive_uart0_putc
 .text.__metal_driver_sifive_uart0_getc
                0x000000002040799e       0x5a /mnt/f/ubuntu-ws/freedom-e-sdk/bsp/qemu-sifive-s51/install/lib/debug//libmetal.a(sifive_uart0.o)
                0x000000002040799e                __metal_driver_sifive_uart0_getc
 .text.__metal_driver_sifive_uart0_get_baud_rate
                0x00000000204079f8       0x22 /mnt/f/ubuntu-ws/freedom-e-sdk/bsp/qemu-sifive-s51/install/lib/debug//libmetal.a(sifive_uart0.o)
                0x00000000204079f8                __metal_driver_sifive_uart0_get_baud_rate
 .text.__metal_driver_sifive_uart0_set_baud_rate
                0x0000000020407a1a       0xb8 /mnt/f/ubuntu-ws/freedom-e-sdk/bsp/qemu-sifive-s51/install/lib/debug//libmetal.a(sifive_uart0.o)
                0x0000000020407a1a                __metal_driver_sifive_uart0_set_baud_rate
 .text.pre_rate_change_callback_func
                0x0000000020407ad2       0xec /mnt/f/ubuntu-ws/freedom-e-sdk/bsp/qemu-sifive-s51/install/lib/debug//libmetal.a(sifive_uart0.o)
 .text.post_rate_change_callback_func
                0x0000000020407bbe       0x32 /mnt/f/ubuntu-ws/freedom-e-sdk/bsp/qemu-sifive-s51/install/lib/debug//libmetal.a(sifive_uart0.o)
 .text.__metal_driver_sifive_uart0_init
                0x0000000020407bf0       0xdc /mnt/f/ubuntu-ws/freedom-e-sdk/bsp/qemu-sifive-s51/install/lib/debug//libmetal.a(sifive_uart0.o)
                0x0000000020407bf0                __metal_driver_sifive_uart0_init
 .text._metal_clock_call_all_callbacks
                0x0000000020407ccc       0x40 /mnt/f/ubuntu-ws/freedom-e-sdk/bsp/qemu-sifive-s51/install/lib/debug//libmetal.a(clock.o)
                0x0000000020407ccc                _metal_clock_call_all_callbacks
 .text._metal_clock_append_to_callbacks
                0x0000000020407d0c       0x54 /mnt/f/ubuntu-ws/freedom-e-sdk/bsp/qemu-sifive-s51/install/lib/debug//libmetal.a(clock.o)
                0x0000000020407d0c                _metal_clock_append_to_callbacks
 .text.metal_clock_get_rate_hz
                0x0000000020407d60       0x26 /mnt/f/ubuntu-ws/freedom-e-sdk/bsp/qemu-sifive-s51/install/lib/debug//libmetal.a(clock.o)
                0x0000000020407d60                metal_clock_get_rate_hz
 .text.metal_clock_set_rate_hz
                0x0000000020407d86       0x4c /mnt/f/ubuntu-ws/freedom-e-sdk/bsp/qemu-sifive-s51/install/lib/debug//libmetal.a(clock.o)
                0x0000000020407d86                metal_clock_set_rate_hz
 .text.metal_clock_register_pre_rate_change_callback
                0x0000000020407dd2       0x32 /mnt/f/ubuntu-ws/freedom-e-sdk/bsp/qemu-sifive-s51/install/lib/debug//libmetal.a(clock.o)
                0x0000000020407dd2                metal_clock_register_pre_rate_change_callback
 .text.metal_clock_register_post_rate_change_callback
                0x0000000020407e04       0x32 /mnt/f/ubuntu-ws/freedom-e-sdk/bsp/qemu-sifive-s51/install/lib/debug//libmetal.a(clock.o)
                0x0000000020407e04                metal_clock_register_post_rate_change_callback
 .text.metal_cpu_interrupt_controller
                0x0000000020407e36       0x26 /mnt/f/ubuntu-ws/freedom-e-sdk/bsp/qemu-sifive-s51/install/lib/debug//libmetal.a(cpu.o)
                0x0000000020407e36                metal_cpu_interrupt_controller
 .text.metal_cpu_get
                0x0000000020407e5c       0x32 /mnt/f/ubuntu-ws/freedom-e-sdk/bsp/qemu-sifive-s51/install/lib/debug//libmetal.a(cpu.o)
                0x0000000020407e5c                metal_cpu_get
 .text.metal_cpu_get_current_hartid
                0x0000000020407e8e       0x1a /mnt/f/ubuntu-ws/freedom-e-sdk/bsp/qemu-sifive-s51/install/lib/debug//libmetal.a(cpu.o)
                0x0000000020407e8e                metal_cpu_get_current_hartid
 .text.__metal_shutdown_exit
                0x0000000020407ea8       0x26 /mnt/f/ubuntu-ws/freedom-e-sdk/bsp/qemu-sifive-s51/install/lib/debug//libmetal.a(shutdown.o)
                0x0000000020407ea8                __metal_shutdown_exit
 .text.metal_shutdown
                0x0000000020407ece       0x1c /mnt/f/ubuntu-ws/freedom-e-sdk/bsp/qemu-sifive-s51/install/lib/debug//libmetal.a(shutdown.o)
                0x0000000020407ece                metal_shutdown
 .text.metal_uart_init
                0x0000000020407eea       0x30 /mnt/f/ubuntu-ws/freedom-e-sdk/bsp/qemu-sifive-s51/install/lib/debug//libmetal.a(uart.o)
                0x0000000020407eea                metal_uart_init
 .text.metal_uart_putc
                0x0000000020407f1a       0x32 /mnt/f/ubuntu-ws/freedom-e-sdk/bsp/qemu-sifive-s51/install/lib/debug//libmetal.a(uart.o)
                0x0000000020407f1a                metal_uart_putc
 .text.metal_uart_set_baud_rate
                0x0000000020407f4c       0x32 /mnt/f/ubuntu-ws/freedom-e-sdk/bsp/qemu-sifive-s51/install/lib/debug//libmetal.a(uart.o)
                0x0000000020407f4c                metal_uart_set_baud_rate
 *fill*         0x0000000020407f7e       0x82 
 .text          0x0000000020408000      0x100 /mnt/f/ubuntu-ws/freedom-e-sdk/bsp/qemu-sifive-s51/install/lib/debug//libmetal.a(vector.o)
                0x0000000020408000                __metal_vector_table
 .text.__metal_driver_fixed_clock_rate
                0x0000000020408100       0x62 /mnt/f/ubuntu-ws/freedom-e-sdk/bsp/qemu-sifive-s51/install/lib/debug//libmetal.a(fixed-clock.o)
 .text.__metal_driver_fixed_clock_get_rate_hz
                0x0000000020408162       0x20 /mnt/f/ubuntu-ws/freedom-e-sdk/bsp/qemu-sifive-s51/install/lib/debug//libmetal.a(fixed-clock.o)
                0x0000000020408162                __metal_driver_fixed_clock_get_rate_hz
 .text.__metal_driver_fixed_clock_set_rate_hz
                0x0000000020408182       0x24 /mnt/f/ubuntu-ws/freedom-e-sdk/bsp/qemu-sifive-s51/install/lib/debug//libmetal.a(fixed-clock.o)
                0x0000000020408182                __metal_driver_fixed_clock_set_rate_hz
 .text._close   0x00000000204081a6       0x26 /mnt/f/ubuntu-ws/freedom-e-sdk/bsp/qemu-sifive-s51/install/lib/debug//libmetal-gloss.a(sys_close.o)
                0x00000000204081a6                _close
 .text._fstat   0x00000000204081cc       0x2a /mnt/f/ubuntu-ws/freedom-e-sdk/bsp/qemu-sifive-s51/install/lib/debug//libmetal-gloss.a(sys_fstat.o)
                0x00000000204081cc                _fstat
 .text._isatty  0x00000000204081f6       0x2c /mnt/f/ubuntu-ws/freedom-e-sdk/bsp/qemu-sifive-s51/install/lib/debug//libmetal-gloss.a(sys_isatty.o)
                0x00000000204081f6                _isatty
 .text._lseek   0x0000000020408222       0x32 /mnt/f/ubuntu-ws/freedom-e-sdk/bsp/qemu-sifive-s51/install/lib/debug//libmetal-gloss.a(sys_lseek.o)
                0x0000000020408222                _lseek
 .text._read    0x0000000020408254       0x2e /mnt/f/ubuntu-ws/freedom-e-sdk/bsp/qemu-sifive-s51/install/lib/debug//libmetal-gloss.a(sys_read.o)
                0x0000000020408254                _read
 .text._sbrk    0x0000000020408282       0x78 /mnt/f/ubuntu-ws/freedom-e-sdk/bsp/qemu-sifive-s51/install/lib/debug//libmetal-gloss.a(sys_sbrk.o)
                0x0000000020408282                _sbrk
 .text._write   0x00000000204082fa       0x7a /mnt/f/ubuntu-ws/freedom-e-sdk/bsp/qemu-sifive-s51/install/lib/debug//libmetal-gloss.a(sys_write.o)
                0x00000000204082fa                write
                0x00000000204082fa                _write
 .text.atexit   0x0000000020408374        0xa /mnt/f/ubuntu-ws/tools/riscv64-unknown-elf-gcc-8.3.0-2020.04.0/bin/../lib/gcc/riscv64-unknown-elf/8.3.0/../../../../riscv64-unknown-elf/lib/rv64imac/lp64/libc_nano.a(lib_a-atexit.o)
                0x0000000020408374                atexit
 .text.__errno  0x000000002040837e        0xc /mnt/f/ubuntu-ws/tools/riscv64-unknown-elf-gcc-8.3.0-2020.04.0/bin/../lib/gcc/riscv64-unknown-elf/8.3.0/../../../../riscv64-unknown-elf/lib/rv64imac/lp64/libc_nano.a(lib_a-errno.o)
                0x000000002040837e                __errno
 .text.exit     0x000000002040838a       0x2a /mnt/f/ubuntu-ws/tools/riscv64-unknown-elf-gcc-8.3.0-2020.04.0/bin/../lib/gcc/riscv64-unknown-elf/8.3.0/../../../../riscv64-unknown-elf/lib/rv64imac/lp64/libc_nano.a(lib_a-exit.o)
                0x000000002040838a                exit
 .text.__libc_fini_array
                0x00000000204083b4       0x38 /mnt/f/ubuntu-ws/tools/riscv64-unknown-elf-gcc-8.3.0-2020.04.0/bin/../lib/gcc/riscv64-unknown-elf/8.3.0/../../../../riscv64-unknown-elf/lib/rv64imac/lp64/libc_nano.a(lib_a-fini.o)
                0x00000000204083b4                __libc_fini_array
 .text.__libc_init_array
                0x00000000204083ec       0x6a /mnt/f/ubuntu-ws/tools/riscv64-unknown-elf-gcc-8.3.0-2020.04.0/bin/../lib/gcc/riscv64-unknown-elf/8.3.0/../../../../riscv64-unknown-elf/lib/rv64imac/lp64/libc_nano.a(lib_a-init.o)
                0x00000000204083ec                __libc_init_array
 .text.__register_exitproc
                0x0000000020408456       0x8a /mnt/f/ubuntu-ws/tools/riscv64-unknown-elf-gcc-8.3.0-2020.04.0/bin/../lib/gcc/riscv64-unknown-elf/8.3.0/../../../../riscv64-unknown-elf/lib/rv64imac/lp64/libc_nano.a(lib_a-__atexit.o)
                0x0000000020408456                __register_exitproc
 .text.__call_exitprocs
                0x00000000204084e0       0xc6 /mnt/f/ubuntu-ws/tools/riscv64-unknown-elf-gcc-8.3.0-2020.04.0/bin/../lib/gcc/riscv64-unknown-elf/8.3.0/../../../../riscv64-unknown-elf/lib/rv64imac/lp64/libc_nano.a(lib_a-__call_atexit.o)
                0x00000000204084e0                __call_exitprocs
 .text.metal_init
                0x00000000204085a6       0x7c /mnt/f/ubuntu-ws/freedom-e-sdk/bsp/qemu-sifive-s51/install/lib/debug//libmetal.a(init.o)
                0x00000000204085a6                metal_init
 .text.metal_fini
                0x0000000020408622       0x7c /mnt/f/ubuntu-ws/freedom-e-sdk/bsp/qemu-sifive-s51/install/lib/debug//libmetal.a(init.o)
                0x0000000020408622                metal_fini
 .text.metal_init_run
                0x000000002040869e       0x16 /mnt/f/ubuntu-ws/freedom-e-sdk/bsp/qemu-sifive-s51/install/lib/debug//libmetal.a(init.o)
                0x000000002040869e                metal_init_run
 .text.metal_fini_run
                0x00000000204086b4       0x16 /mnt/f/ubuntu-ws/freedom-e-sdk/bsp/qemu-sifive-s51/install/lib/debug//libmetal.a(init.o)
                0x00000000204086b4                metal_fini_run
 .text.metal_tty_putc
                0x00000000204086ca       0x2c /mnt/f/ubuntu-ws/freedom-e-sdk/bsp/qemu-sifive-s51/install/lib/debug//libmetal.a(tty.o)
                0x00000000204086ca                metal_tty_putc
 .text._exit    0x00000000204086f6       0x18 /mnt/f/ubuntu-ws/freedom-e-sdk/bsp/qemu-sifive-s51/install/lib/debug//libmetal-gloss.a(sys_exit.o)
                0x00000000204086f6                _exit
 *(.gnu.linkonce.t.*)

.rela.dyn       0x0000000020408710        0x0
 .rela.text.main
                0x0000000020408710        0x0 /tmp/cccl6TBC.o
 .rela.text.__svfscanf_r
                0x0000000020408710        0x0 /tmp/cccl6TBC.o
 .rela.text._sbrk_r
                0x0000000020408710        0x0 /tmp/cccl6TBC.o
 .rela.text._write_r
                0x0000000020408710        0x0 /tmp/cccl6TBC.o
 .rela.text._close_r
                0x0000000020408710        0x0 /tmp/cccl6TBC.o
 .rela.text._lseek_r
                0x0000000020408710        0x0 /tmp/cccl6TBC.o
 .rela.text._read_r
                0x0000000020408710        0x0 /tmp/cccl6TBC.o
 .rela.text._fstat_r
                0x0000000020408710        0x0 /tmp/cccl6TBC.o
 .rela.text._isatty_r
                0x0000000020408710        0x0 /tmp/cccl6TBC.o
 .rela.text.__metal_driver_cpu_get
                0x0000000020408710        0x0 /tmp/cccl6TBC.o
 .rela.text.metal_software_interrupt_vector_handler
                0x0000000020408710        0x0 /tmp/cccl6TBC.o
 .rela.text.__metal_default_sw_handler
                0x0000000020408710        0x0 /tmp/cccl6TBC.o
 .rela.text.metal_timer_interrupt_vector_handler
                0x0000000020408710        0x0 /tmp/cccl6TBC.o
 .rela.text.__metal_exception_handler
                0x0000000020408710        0x0 /tmp/cccl6TBC.o
 .rela.text.metal_lc0_interrupt_vector_handler
                0x0000000020408710        0x0 /tmp/cccl6TBC.o
 .rela.text.metal_lc1_interrupt_vector_handler
                0x0000000020408710        0x0 /tmp/cccl6TBC.o
 .rela.text.metal_lc2_interrupt_vector_handler
                0x0000000020408710        0x0 /tmp/cccl6TBC.o
 .rela.text.metal_lc3_interrupt_vector_handler
                0x0000000020408710        0x0 /tmp/cccl6TBC.o
 .rela.text.metal_lc4_interrupt_vector_handler
                0x0000000020408710        0x0 /tmp/cccl6TBC.o
 .rela.text.metal_lc5_interrupt_vector_handler
                0x0000000020408710        0x0 /tmp/cccl6TBC.o
 .rela.text.metal_lc6_interrupt_vector_handler
                0x0000000020408710        0x0 /tmp/cccl6TBC.o
 .rela.text.metal_lc7_interrupt_vector_handler
                0x0000000020408710        0x0 /tmp/cccl6TBC.o
 .rela.text.metal_lc8_interrupt_vector_handler
                0x0000000020408710        0x0 /tmp/cccl6TBC.o
 .rela.text.metal_lc9_interrupt_vector_handler
                0x0000000020408710        0x0 /tmp/cccl6TBC.o
 .rela.text.metal_lc10_interrupt_vector_handler
                0x0000000020408710        0x0 /tmp/cccl6TBC.o
 .rela.text.metal_lc11_interrupt_vector_handler
                0x0000000020408710        0x0 /tmp/cccl6TBC.o
 .rela.text.metal_lc12_interrupt_vector_handler
                0x0000000020408710        0x0 /tmp/cccl6TBC.o
 .rela.text.metal_lc13_interrupt_vector_handler
                0x0000000020408710        0x0 /tmp/cccl6TBC.o
 .rela.text.metal_lc14_interrupt_vector_handler
                0x0000000020408710        0x0 /tmp/cccl6TBC.o
 .rela.text.metal_lc15_interrupt_vector_handler
                0x0000000020408710        0x0 /tmp/cccl6TBC.o
 .rela.text.metal_cpu_get
                0x0000000020408710        0x0 /tmp/cccl6TBC.o
 .rela.text.metal.init.enter
                0x0000000020408710        0x0 /tmp/cccl6TBC.o
 .rela.text.metal.init.scrub
                0x0000000020408710        0x0 /tmp/cccl6TBC.o
 .rela.text     0x0000000020408710        0x0 /tmp/cccl6TBC.o
 .rela.text.libgloss.start
                0x0000000020408710        0x0 /tmp/cccl6TBC.o
 .rela.sdata.__brk
                0x0000000020408710        0x0 /tmp/cccl6TBC.o
 .rela.text._sbrk
                0x0000000020408710        0x0 /tmp/cccl6TBC.o
 .rela.text.__libc_fini_array
                0x0000000020408710        0x0 /tmp/cccl6TBC.o
 .rela.text.__libc_init_array
                0x0000000020408710        0x0 /tmp/cccl6TBC.o
 .rela.text.__register_exitproc
                0x0000000020408710        0x0 /tmp/cccl6TBC.o
 .rela.text.metal_init
                0x0000000020408710        0x0 /tmp/cccl6TBC.o
 .rela.text.metal_fini
                0x0000000020408710        0x0 /tmp/cccl6TBC.o

.data           0x0000000080000000      0xbb8 load address 0x0000000020408710
 *(.data .data.*)
 .data.impure_data
                0x0000000080000000       0xb0 /mnt/f/ubuntu-ws/tools/riscv64-unknown-elf-gcc-8.3.0-2020.04.0/bin/../lib/gcc/riscv64-unknown-elf/8.3.0/../../../../riscv64-unknown-elf/lib/rv64imac/lp64/libc_nano.a(lib_a-impure.o)
 .data.__metal_dt_clock_0
                0x00000000800000b0       0x18 /mnt/f/ubuntu-ws/freedom-e-sdk/bsp/qemu-sifive-s51/install/lib/debug//libmetal.a(inline.o)
                0x00000000800000b0                __metal_dt_clock_0
 .data.__metal_dt_clock_2
                0x00000000800000c8       0x18 /mnt/f/ubuntu-ws/freedom-e-sdk/bsp/qemu-sifive-s51/install/lib/debug//libmetal.a(inline.o)
                0x00000000800000c8                __metal_dt_clock_2
 .data.__metal_dt_clock_5
                0x00000000800000e0       0x18 /mnt/f/ubuntu-ws/freedom-e-sdk/bsp/qemu-sifive-s51/install/lib/debug//libmetal.a(inline.o)
                0x00000000800000e0                __metal_dt_clock_5
 .data.__metal_dt_clint_2000000
                0x00000000800000f8       0x10 /mnt/f/ubuntu-ws/freedom-e-sdk/bsp/qemu-sifive-s51/install/lib/debug//libmetal.a(inline.o)
                0x00000000800000f8                __metal_dt_clint_2000000
 .data.__metal_dt_cpu_0
                0x0000000080000108       0x10 /mnt/f/ubuntu-ws/freedom-e-sdk/bsp/qemu-sifive-s51/install/lib/debug//libmetal.a(inline.o)
                0x0000000080000108                __metal_dt_cpu_0
 .data.__metal_dt_cpu_0_interrupt_controller
                0x0000000080000118      0x590 /mnt/f/ubuntu-ws/freedom-e-sdk/bsp/qemu-sifive-s51/install/lib/debug//libmetal.a(inline.o)
                0x0000000080000118                __metal_dt_cpu_0_interrupt_controller
 .data.__metal_dt_interrupt_controller_c000000
                0x00000000800006a8      0x448 /mnt/f/ubuntu-ws/freedom-e-sdk/bsp/qemu-sifive-s51/install/lib/debug//libmetal.a(inline.o)
                0x00000000800006a8                __metal_dt_interrupt_controller_c000000
 .data.__metal_dt_serial_10013000
                0x0000000080000af0       0x40 /mnt/f/ubuntu-ws/freedom-e-sdk/bsp/qemu-sifive-s51/install/lib/debug//libmetal.a(inline.o)
                0x0000000080000af0                __metal_dt_serial_10013000
 .data.__metal_dt_clock_3
                0x0000000080000b30       0x18 /mnt/f/ubuntu-ws/freedom-e-sdk/bsp/qemu-sifive-s51/install/lib/debug//libmetal.a(inline.o)
                0x0000000080000b30                __metal_dt_clock_3
 .data.__metal_dt_clock_1
                0x0000000080000b48       0x18 /mnt/f/ubuntu-ws/freedom-e-sdk/bsp/qemu-sifive-s51/install/lib/debug//libmetal.a(inline.o)
                0x0000000080000b48                __metal_dt_clock_1
 .data.__metal_dt_clock_4
                0x0000000080000b60       0x18 /mnt/f/ubuntu-ws/freedom-e-sdk/bsp/qemu-sifive-s51/install/lib/debug//libmetal.a(inline.o)
                0x0000000080000b60                __metal_dt_clock_4
 *(.gnu.linkonce.d.*)
                0x0000000080000b78                . = ALIGN (0x8)
                0x0000000080001378                PROVIDE (__global_pointer$ = (. + 0x800))
 *(.sdata .sdata.* .sdata2.*)
 .sdata.__metal_cpu_table
                0x0000000080000b78        0x8 /tmp/cccl6TBC.o
                0x0000000080000b78                __metal_cpu_table
 .sdata._impure_ptr
                0x0000000080000b80        0x8 /mnt/f/ubuntu-ws/tools/riscv64-unknown-elf-gcc-8.3.0-2020.04.0/bin/../lib/gcc/riscv64-unknown-elf/8.3.0/../../../../riscv64-unknown-elf/lib/rv64imac/lp64/libc_nano.a(lib_a-impure.o)
                0x0000000080000b80                _impure_ptr
 .sdata2._global_impure_ptr
                0x0000000080000b88        0x8 /mnt/f/ubuntu-ws/tools/riscv64-unknown-elf-gcc-8.3.0-2020.04.0/bin/../lib/gcc/riscv64-unknown-elf/8.3.0/../../../../riscv64-unknown-elf/lib/rv64imac/lp64/libc_nano.a(lib_a-impure.o)
                0x0000000080000b88                _global_impure_ptr
 .sdata.__metal_dt_gpio_10012000
                0x0000000080000b90        0x8 /mnt/f/ubuntu-ws/freedom-e-sdk/bsp/qemu-sifive-s51/install/lib/debug//libmetal.a(inline.o)
                0x0000000080000b90                __metal_dt_gpio_10012000
 .sdata.__metal_dt_test_100000
                0x0000000080000b98        0x8 /mnt/f/ubuntu-ws/freedom-e-sdk/bsp/qemu-sifive-s51/install/lib/debug//libmetal.a(inline.o)
                0x0000000080000b98                __metal_dt_test_100000
 .sdata.__metal_dt_prci_10008000
                0x0000000080000ba0        0x8 /mnt/f/ubuntu-ws/freedom-e-sdk/bsp/qemu-sifive-s51/install/lib/debug//libmetal.a(inline.o)
                0x0000000080000ba0                __metal_dt_prci_10008000
 .sdata2.__metal_driver_vtable_sifive_test0
                0x0000000080000ba8        0x8 /mnt/f/ubuntu-ws/freedom-e-sdk/bsp/qemu-sifive-s51/install/lib/debug//libmetal.a(sifive_test0.o)
                0x0000000080000ba8                __metal_driver_vtable_sifive_test0
 .sdata.__brk   0x0000000080000bb0        0x8 /mnt/f/ubuntu-ws/freedom-e-sdk/bsp/qemu-sifive-s51/install/lib/debug//libmetal-gloss.a(sys_sbrk.o)
 *(.gnu.linkonce.s.*)

.tdata          0x0000000080000bb8        0x0 load address 0x00000000204092c8
                0x0000000080000bb8                PROVIDE (__tls_base = .)
 *(.tdata .tdata.* .gnu.linkonce.td.*)
                [!provide]                        PROVIDE (__tdata_source = LOADADDR (.tdata))
                [!provide]                        PROVIDE (__tdata_size = SIZEOF (.tdata))
                0x0000000020408710                PROVIDE (metal_segment_data_source_start = LOADADDR (.data))