Archive member included to satisfy reference by file (symbol)

/mnt/f/ubuntu-ws/tools/riscv64-unknown-elf-gcc-8.3.0-2020.04.0/bin/../lib/gcc/riscv64-unknown-elf/8.3.0/../../../../riscv64-unknown-elf/lib/rv64imac/lp64/libc_nano.a(lib_a-puts.o)
                              /tmp/ccshgBBh.o (puts)
/mnt/f/ubuntu-ws/tools/riscv64-unknown-elf-gcc-8.3.0-2020.04.0/bin/../lib/gcc/riscv64-unknown-elf/8.3.0/../../../../riscv64-unknown-elf/lib/rv64imac/lp64/libc_nano.a(lib_a-wbuf.o)
                              /mnt/f/ubuntu-ws/tools/riscv64-unknown-elf-gcc-8.3.0-2020.04.0/bin/../lib/gcc/riscv64-unknown-elf/8.3.0/../../../../riscv64-unknown-elf/lib/rv64imac/lp64/libc_nano.a(lib_a-puts.o) (__swbuf_r)
/mnt/f/ubuntu-ws/tools/riscv64-unknown-elf-gcc-8.3.0-2020.04.0/bin/../lib/gcc/riscv64-unknown-elf/8.3.0/../../../../riscv64-unknown-elf/lib/rv64imac/lp64/libc_nano.a(lib_a-wsetup.o)
                              /mnt/f/ubuntu-ws/tools/riscv64-unknown-elf-gcc-8.3.0-2020.04.0/bin/../lib/gcc/riscv64-unknown-elf/8.3.0/../../../../riscv64-unknown-elf/lib/rv64imac/lp64/libc_nano.a(lib_a-puts.o) (__swsetup_r)
/mnt/f/ubuntu-ws/tools/riscv64-unknown-elf-gcc-8.3.0-2020.04.0/bin/../lib/gcc/riscv64-unknown-elf/8.3.0/../../../../riscv64-unknown-elf/lib/rv64imac/lp64/libc_nano.a(lib_a-fflush.o)
                              /mnt/f/ubuntu-ws/tools/riscv64-unknown-elf-gcc-8.3.0-2020.04.0/bin/../lib/gcc/riscv64-unknown-elf/8.3.0/../../../../riscv64-unknown-elf/lib/rv64imac/lp64/libc_nano.a(lib_a-wbuf.o) (_fflush_r)
/mnt/f/ubuntu-ws/tools/riscv64-unknown-elf-gcc-8.3.0-2020.04.0/bin/../lib/gcc/riscv64-unknown-elf/8.3.0/../../../../riscv64-unknown-elf/lib/rv64imac/lp64/libc_nano.a(lib_a-findfp.o)
                              /mnt/f/ubuntu-ws/tools/riscv64-unknown-elf-gcc-8.3.0-2020.04.0/bin/../lib/gcc/riscv64-unknown-elf/8.3.0/../../../../riscv64-unknown-elf/lib/rv64imac/lp64/libc_nano.a(lib_a-puts.o) (__sinit)
/mnt/f/ubuntu-ws/tools/riscv64-unknown-elf-gcc-8.3.0-2020.04.0/bin/../lib/gcc/riscv64-unknown-elf/8.3.0/../../../../riscv64-unknown-elf/lib/rv64imac/lp64/libc_nano.a(lib_a-fwalk.o)
                              /mnt/f/ubuntu-ws/tools/riscv64-unknown-elf-gcc-8.3.0-2020.04.0/bin/../lib/gcc/riscv64-unknown-elf/8.3.0/../../../../riscv64-unknown-elf/lib/rv64imac/lp64/libc_nano.a(lib_a-findfp.o) (_fwalk)
/mnt/f/ubuntu-ws/tools/riscv64-unknown-elf-gcc-8.3.0-2020.04.0/bin/../lib/gcc/riscv64-unknown-elf/8.3.0/../../../../riscv64-unknown-elf/lib/rv64imac/lp64/libc_nano.a(lib_a-impure.o)
                              /mnt/f/ubuntu-ws/tools/riscv64-unknown-elf-gcc-8.3.0-2020.04.0/bin/../lib/gcc/riscv64-unknown-elf/8.3.0/../../../../riscv64-unknown-elf/lib/rv64imac/lp64/libc_nano.a(lib_a-fflush.o) (_global_impure_ptr)
/mnt/f/ubuntu-ws/tools/riscv64-unknown-elf-gcc-8.3.0-2020.04.0/bin/../lib/gcc/riscv64-unknown-elf/8.3.0/../../../../riscv64-unknown-elf/lib/rv64imac/lp64/libc_nano.a(lib_a-makebuf.o)
                              /mnt/f/ubuntu-ws/tools/riscv64-unknown-elf-gcc-8.3.0-2020.04.0/bin/../lib/gcc/riscv64-unknown-elf/8.3.0/../../../../riscv64-unknown-elf/lib/rv64imac/lp64/libc_nano.a(lib_a-wsetup.o) (__smakebuf_r)
/mnt/f/ubuntu-ws/tools/riscv64-unknown-elf-gcc-8.3.0-2020.04.0/bin/../lib/gcc/riscv64-unknown-elf/8.3.0/../../../../riscv64-unknown-elf/lib/rv64imac/lp64/libc_nano.a(lib_a-memset.o)
                              /mnt/f/ubuntu-ws/tools/riscv64-unknown-elf-gcc-8.3.0-2020.04.0/bin/../lib/gcc/riscv64-unknown-elf/8.3.0/../../../../riscv64-unknown-elf/lib/rv64imac/lp64/libc_nano.a(lib_a-findfp.o) (memset)
/mnt/f/ubuntu-ws/tools/riscv64-unknown-elf-gcc-8.3.0-2020.04.0/bin/../lib/gcc/riscv64-unknown-elf/8.3.0/../../../../riscv64-unknown-elf/lib/rv64imac/lp64/libc_nano.a(lib_a-nano-freer.o)
                              /mnt/f/ubuntu-ws/tools/riscv64-unknown-elf-gcc-8.3.0-2020.04.0/bin/../lib/gcc/riscv64-unknown-elf/8.3.0/../../../../riscv64-unknown-elf/lib/rv64imac/lp64/libc_nano.a(lib_a-wsetup.o) (_free_r)
/mnt/f/ubuntu-ws/tools/riscv64-unknown-elf-gcc-8.3.0-2020.04.0/bin/../lib/gcc/riscv64-unknown-elf/8.3.0/../../../../riscv64-unknown-elf/lib/rv64imac/lp64/libc_nano.a(lib_a-nano-mallocr.o)
                              /mnt/f/ubuntu-ws/tools/riscv64-unknown-elf-gcc-8.3.0-2020.04.0/bin/../lib/gcc/riscv64-unknown-elf/8.3.0/../../../../riscv64-unknown-elf/lib/rv64imac/lp64/libc_nano.a(lib_a-findfp.o) (_malloc_r)
/mnt/f/ubuntu-ws/tools/riscv64-unknown-elf-gcc-8.3.0-2020.04.0/bin/../lib/gcc/riscv64-unknown-elf/8.3.0/../../../../riscv64-unknown-elf/lib/rv64imac/lp64/libc_nano.a(lib_a-sbrkr.o)
                              /mnt/f/ubuntu-ws/tools/riscv64-unknown-elf-gcc-8.3.0-2020.04.0/bin/../lib/gcc/riscv64-unknown-elf/8.3.0/../../../../riscv64-unknown-elf/lib/rv64imac/lp64/libc_nano.a(lib_a-nano-mallocr.o) (_sbrk_r)
/mnt/f/ubuntu-ws/tools/riscv64-unknown-elf-gcc-8.3.0-2020.04.0/bin/../lib/gcc/riscv64-unknown-elf/8.3.0/../../../../riscv64-unknown-elf/lib/rv64imac/lp64/libc_nano.a(lib_a-stdio.o)
[...]
Memory Configuration

Name             Origin             Length             Attributes
ram              0x0000000080000000 0x0000000000400000 axrwl
rom              0x0000000020400000 0x000000001fc00000 xrl !aw
*default*        0x0000000000000000 0xffffffffffffffff

Linker script and memory map

LOAD /tmp/ccshgBBh.o
START GROUP
LOAD /mnt/f/ubuntu-ws/tools/riscv64-unknown-elf-gcc-8.3.0-2020.04.0/bin/../lib/gcc/riscv64-unknown-elf/8.3.0/../../../../riscv64-unknown-elf/lib/rv64imac/lp64/libc_nano.a
LOAD /mnt/f/ubuntu-ws/tools/riscv64-unknown-elf-gcc-8.3.0-2020.04.0/bin/../lib/gcc/riscv64-unknown-elf/8.3.0/rv64imac/lp64/libgcc.a
LOAD /mnt/f/ubuntu-ws/tools/riscv64-unknown-elf-gcc-8.3.0-2020.04.0/bin/../lib/gcc/riscv64-unknown-elf/8.3.0/../../../../riscv64-unknown-elf/lib/rv64imac/lp64/libm.a
LOAD /mnt/f/ubuntu-ws/freedom-e-sdk/bsp/qemu-sifive-s51/install/lib/debug//libmetal.a
LOAD /mnt/f/ubuntu-ws/freedom-e-sdk/bsp/qemu-sifive-s51/install/lib/debug//libmetal-gloss.a
END GROUP
                0x0000000000000400                __stack_size = DEFINED (__stack_size)?__stack_size:0x400
                [!provide]                        PROVIDE (__stack_size = __stack_size)
                0x0000000000000800                __heap_size = DEFINED (__heap_size)?__heap_size:0x800
                0x0000000000000000                PROVIDE (__metal_boot_hart = 0x0)
                0x0000000000000001                PROVIDE (__metal_chicken_bit = 0x1)
                0x0000000000000000                PROVIDE (__metal_eccscrub_bit = 0x0)
                [!provide]                        PROVIDE (metal_dtim_0_memory_start = 0x80000000)
                [!provide]                        PROVIDE (metal_dtim_0_memory_end = 0x80010000)

.init           0x0000000020400000      0x2f2
 *(.text.metal.init.enter)
 .text.metal.init.enter
                0x0000000020400000       0x92 /mnt/f/ubuntu-ws/freedom-e-sdk/bsp/qemu-sifive-s51/install/lib/debug//libmetal.a(entry.o)
                0x0000000020400000                _enter
 *(.text.metal.init.*)
 .text.metal.init.__register_frame_info
                0x0000000020400092        0x2 /mnt/f/ubuntu-ws/freedom-e-sdk/bsp/qemu-sifive-s51/install/lib/debug//libmetal.a(entry.o)
                0x0000000020400092                __register_frame_info
 .text.metal.init.scrub
                0x0000000020400094       0xb0 /mnt/f/ubuntu-ws/freedom-e-sdk/bsp/qemu-sifive-s51/install/lib/debug//libmetal.a(scrub.o)
                0x0000000020400094                metal_mem_scrub
                0x00000000204000d8                __metal_before_start
 *fill*         0x0000000020400144        0x0 
 .text.metal.init.trapvec
                0x0000000020400144        0xe /mnt/f/ubuntu-ws/freedom-e-sdk/bsp/qemu-sifive-s51/install/lib/debug//libmetal.a(trap.o)
                0x0000000020400144                early_trap_vector
 *(SORT_NONE(.init))
 .init          0x0000000020400152        0xe /mnt/f/ubuntu-ws/freedom-e-sdk/bsp/qemu-sifive-s51/install/lib/debug//libmetal.a(synchronize_harts.o)
                0x0000000020400152                __metal_synchronize_harts
 *(.text.libgloss.start)
 .text.libgloss.start
                0x0000000020400160      0x192 /mnt/f/ubuntu-ws/freedom-e-sdk/bsp/qemu-sifive-s51/install/lib/debug//libmetal-gloss.a(crt0.o)
                0x0000000020400160                _start
                0x00000000204002d0                _init
                0x00000000204002d0                _fini
                0x00000000204002d2                secondary_main

.fini
 *(SORT_NONE(.fini))

.preinit_array  0x00000000204002f8        0x0
                0x00000000204002f8                PROVIDE (__preinit_array_start = .)
 *(.preinit_array)
                0x00000000204002f8                PROVIDE (__preinit_array_end = .)

.init_array     0x00000000204002f8       0x18
                0x00000000204002f8                PROVIDE (__init_array_start = .)
 *(SORT_BY_INIT_PRIORITY(.init_array.*) SORT_BY_INIT_PRIORITY(.ctors.*))
 *(.init_array EXCLUDE_FILE(*crtend?.o *crtend.o *crtbegin?.o *crtbegin.o) .ctors)
                0x00000000204002f8                PROVIDE (__init_array_end = .)
                0x00000000204002f8                PROVIDE (metal_constructors_start = .)
 *(SORT_BY_INIT_PRIORITY(.metal.init_array.*))
 .metal.init_array.5000
                0x00000000204002f8       0x10 /mnt/f/ubuntu-ws/freedom-e-sdk/bsp/qemu-sifive-s51/install/lib/debug//libmetal.a(sifive_fe310-g000_pll.o)
                0x00000000204002f8                _metal_sifive_fe310_g000_pll_init_ptr
                0x0000000020400300                _use_hfxosc_ptr
 .metal.init_array.5000
                0x0000000020400308        0x8 /mnt/f/ubuntu-ws/freedom-e-sdk/bsp/qemu-sifive-s51/install/lib/debug//libmetal.a(tty.o)
                0x0000000020400308                _metal_tty_init_ptr
 *(.metal.init_array)
                0x0000000020400310                PROVIDE (metal_constructors_end = .)

.fini_array     0x0000000020400310        0x0
                0x0000000020400310                PROVIDE (__fini_array_start = .)
 *(SORT_BY_INIT_PRIORITY(.fini_array.*) SORT_BY_INIT_PRIORITY(.dtors.*))
 *(.fini_array EXCLUDE_FILE(*crtend?.o *crtend.o *crtbegin?.o *crtbegin.o) .dtors)
                0x0000000020400310                PROVIDE (__fini_array_end = .)
                0x0000000020400310                PROVIDE (metal_destructors_start = .)
 *(SORT_BY_INIT_PRIORITY(.metal.fini_array.*))
 *(.metal.fini_array)
                0x0000000020400310                PROVIDE (metal_destructors_end = .)

.ctors          0x0000000020400310       0x7a
 *crtbegin.o(.ctors)
 *crtbegin?.o(.ctors)
 *(EXCLUDE_FILE(*crtend?.o *crtend.o) .ctors)
 *(SORT_BY_NAME(.ctors.*))
 *(.ctors)
 *(.metal.ctors .metal.ctors.*)
 .metal.ctors   0x0000000020400310       0x56 /mnt/f/ubuntu-ws/freedom-e-sdk/bsp/qemu-sifive-s51/install/lib/debug//libmetal.a(sifive_fe310-g000_pll.o)
                0x0000000020400310                metal_sifive_fe310_g000_pll_init
                0x000000002040033c                use_hfxosc
 .metal.ctors   0x0000000020400366       0x24 /mnt/f/ubuntu-ws/freedom-e-sdk/bsp/qemu-sifive-s51/install/lib/debug//libmetal.a(tty.o)
                0x0000000020400366                metal_tty_init

.dtors
 *crtbegin.o(.dtors)
 *crtbegin?.o(.dtors)
 *(EXCLUDE_FILE(*crtend?.o *crtend.o) .dtors)
 *(SORT_BY_NAME(.dtors.*))
 *(.dtors)
 *(.metal.dtors .metal.dtors.*)

.rodata         0x0000000020400390     0x1718
 *(.rdata)
 *(.rodata .rodata.*)
 .rodata        0x0000000020400390       0x42 /tmp/ccshgBBh.o
 *fill*         0x00000000204003d2        0x6 
 .rodata.__sf_fake_stderr
                0x00000000204003d8       0x38 /mnt/f/ubuntu-ws/tools/riscv64-unknown-elf-gcc-8.3.0-2020.04.0/bin/../lib/gcc/riscv64-unknown-elf/8.3.0/../../../../riscv64-unknown-elf/lib/rv64imac/lp64/libc_nano.a(lib_a-findfp.o)
                0x00000000204003d8                __sf_fake_stderr
 .rodata.__sf_fake_stdin
                0x0000000020400410       0x38 /mnt/f/ubuntu-ws/tools/riscv64-unknown-elf-gcc-8.3.0-2020.04.0/bin/../lib/gcc/riscv64-unknown-elf/8.3.0/../../../../riscv64-unknown-elf/lib/rv64imac/lp64/libc_nano.a(lib_a-findfp.o)
                0x0000000020400410                __sf_fake_stdin
 .rodata.__sf_fake_stdout
                0x0000000020400448       0x38 /mnt/f/ubuntu-ws/tools/riscv64-unknown-elf-gcc-8.3.0-2020.04.0/bin/../lib/gcc/riscv64-unknown-elf/8.3.0/../../../../riscv64-unknown-elf/lib/rv64imac/lp64/libc_nano.a(lib_a-findfp.o)
                0x0000000020400448                __sf_fake_stdout
 .rodata.__metal_driver_vtable_riscv_clint0
                0x0000000020400480       0xc8 /mnt/f/ubuntu-ws/freedom-e-sdk/bsp/qemu-sifive-s51/install/lib/debug//libmetal.a(riscv_clint0.o)
                0x0000000020400480                __metal_driver_vtable_riscv_clint0
 .rodata.__metal_controller_interrupt_vector
                0x0000000020400548       0x14 /mnt/f/ubuntu-ws/freedom-e-sdk/bsp/qemu-sifive-s51/install/lib/debug//libmetal.a(riscv_cpu.o)
 .rodata.__metal_local_interrupt_enable
                0x000000002040055c       0x80 /mnt/f/ubuntu-ws/freedom-e-sdk/bsp/qemu-sifive-s51/install/lib/debug//libmetal.a(riscv_cpu.o)
 *fill*         0x00000000204005dc        0x4 
 .rodata.__metal_driver_vtable_riscv_cpu_intc
                0x00000000204005e0       0xc8 /mnt/f/ubuntu-ws/freedom-e-sdk/bsp/qemu-sifive-s51/install/lib/debug//libmetal.a(riscv_cpu.o)
                0x00000000204005e0                __metal_driver_vtable_riscv_cpu_intc
 .rodata.__metal_driver_vtable_cpu
                0x00000000204006a8       0x88 /mnt/f/ubuntu-ws/freedom-e-sdk/bsp/qemu-sifive-s51/install/lib/debug//libmetal.a(riscv_cpu.o)
                0x00000000204006a8                __metal_driver_vtable_cpu
 .rodata.__metal_driver_vtable_riscv_plic0
                0x0000000020400730       0xc8 /mnt/f/ubuntu-ws/freedom-e-sdk/bsp/qemu-sifive-s51/install/lib/debug//libmetal.a(riscv_plic0.o)
                0x0000000020400730                __metal_driver_vtable_riscv_plic0
 .rodata.__metal_driver_vtable_sifive_fe310_g000_hfrosc
                0x00000000204007f8       0x10 /mnt/f/ubuntu-ws/freedom-e-sdk/bsp/qemu-sifive-s51/install/lib/debug//libmetal.a(sifive_fe310-g000_hfrosc.o)
                0x00000000204007f8                __metal_driver_vtable_sifive_fe310_g000_hfrosc
 .rodata.__metal_driver_vtable_sifive_fe310_g000_hfxosc
                0x0000000020400808       0x10 /mnt/f/ubuntu-ws/freedom-e-sdk/bsp/qemu-sifive-s51/install/lib/debug//libmetal.a(sifive_fe310-g000_hfxosc.o)
                0x0000000020400808                __metal_driver_vtable_sifive_fe310_g000_hfxosc
 .rodata.pll_configs
                0x0000000020400818     0x1100 /mnt/f/ubuntu-ws/freedom-e-sdk/bsp/qemu-sifive-s51/install/lib/debug//libmetal.a(sifive_fe310-g000_pll.o)
 .rodata.__metal_driver_vtable_sifive_fe310_g000_pll
                0x0000000020401918       0x18 /mnt/f/ubuntu-ws/freedom-e-sdk/bsp/qemu-sifive-s51/install/lib/debug//libmetal.a(sifive_fe310-g000_pll.o)
                0x0000000020401918                __metal_driver_vtable_sifive_fe310_g000_pll
 .rodata.__metal_driver_vtable_sifive_fe310_g000_prci
                0x0000000020401930       0x10 /mnt/f/ubuntu-ws/freedom-e-sdk/bsp/qemu-sifive-s51/install/lib/debug//libmetal.a(sifive_fe310-g000_prci.o)
                0x0000000020401930                __metal_driver_vtable_sifive_fe310_g000_prci
 .rodata.__metal_driver_sifive_gpio0_config_int
                0x0000000020401940       0x20 /mnt/f/ubuntu-ws/freedom-e-sdk/bsp/qemu-sifive-s51/install/lib/debug//libmetal.a(sifive_gpio0.o)
 .rodata.__metal_driver_sifive_gpio0_clear_int
                0x0000000020401960       0x20 /mnt/f/ubuntu-ws/freedom-e-sdk/bsp/qemu-sifive-s51/install/lib/debug//libmetal.a(sifive_gpio0.o)
 .rodata.__metal_driver_vtable_sifive_gpio0
                0x0000000020401980       0x78 /mnt/f/ubuntu-ws/freedom-e-sdk/bsp/qemu-sifive-s51/install/lib/debug//libmetal.a(sifive_gpio0.o)
                0x0000000020401980                __metal_driver_vtable_sifive_gpio0
 .rodata.__metal_driver_vtable_sifive_uart0
                0x00000000204019f8       0x80 /mnt/f/ubuntu-ws/freedom-e-sdk/bsp/qemu-sifive-s51/install/lib/debug//libmetal.a(sifive_uart0.o)
                0x00000000204019f8                __metal_driver_vtable_sifive_uart0
 .rodata.__metal_driver_vtable_fixed_clock
                0x0000000020401a78       0x10 /mnt/f/ubuntu-ws/freedom-e-sdk/bsp/qemu-sifive-s51/install/lib/debug//libmetal.a(fixed-clock.o)
                0x0000000020401a78                __metal_driver_vtable_fixed_clock
 .rodata.libgloss.start
                0x0000000020401a88       0x19 /mnt/f/ubuntu-ws/freedom-e-sdk/bsp/qemu-sifive-s51/install/lib/debug//libmetal-gloss.a(crt0.o)
 *(.gnu.linkonce.r.*)
                0x0000000020401aa8                . = ALIGN (0x8)
 *fill*         0x0000000020401aa1        0x7 
 *(.srodata.cst16)
 *(.srodata.cst8)
 *(.srodata.cst4)
 *(.srodata.cst2)
 *(.srodata .srodata.*)

.itim           0x0000000080000000        0x0 load address 0x0000000020401aa8
 *(.itim .itim.*)
                0x0000000020401aa8                PROVIDE (metal_segment_itim_source_start = LOADADDR (.itim))
                0x0000000080000000                PROVIDE (metal_segment_itim_target_start = ADDR (.itim))
                0x0000000080000000                PROVIDE (metal_segment_itim_target_end = (ADDR (.itim) + SIZEOF (.itim)))

.lim            0x0000000080000000        0x0 load address 0x0000000020401aa8
 *(.lim .lim.*)
                0x0000000020401aa8                PROVIDE (metal_segment_lim_source_start = LOADADDR (.lim))
                0x0000000080000000                PROVIDE (metal_segment_lim_target_start = ADDR (.lim))
                0x0000000080000000                PROVIDE (metal_segment_lim_target_end = (ADDR (.lim) + SIZEOF (.lim)))

.text           0x0000000020401b00     0x5f0e
 *(.text.unlikely .text.unlikely.*)
 *(.text.startup .text.startup.*)
 *(.text .text.*)
 .text.main     0x0000000020401b00       0x50 /tmp/ccshgBBh.o
                0x0000000020401b00                main
 .text._puts_r  0x0000000020401b50       0xe8 /mnt/f/ubuntu-ws/tools/riscv64-unknown-elf-gcc-8.3.0-2020.04.0/bin/../lib/gcc/riscv64-unknown-elf/8.3.0/../../../../riscv64-unknown-elf/lib/rv64imac/lp64/libc_nano.a(lib_a-puts.o)
                0x0000000020401b50                _puts_r
 .text.puts     0x0000000020401c38        0xe /mnt/f/ubuntu-ws/tools/riscv64-unknown-elf-gcc-8.3.0-2020.04.0/bin/../lib/gcc/riscv64-unknown-elf/8.3.0/../../../../riscv64-unknown-elf/lib/rv64imac/lp64/libc_nano.a(lib_a-puts.o)
                0x0000000020401c38                puts
 .text.__swbuf_r
                0x0000000020401c46       0xc6 /mnt/f/ubuntu-ws/tools/riscv64-unknown-elf-gcc-8.3.0-2020.04.0/bin/../lib/gcc/riscv64-unknown-elf/8.3.0/../../../../riscv64-unknown-elf/lib/rv64imac/lp64/libc_nano.a(lib_a-wbuf.o)
                0x0000000020401c46                __swbuf_r
 .text.__swsetup_r
                0x0000000020401d0c      0x116 /mnt/f/ubuntu-ws/tools/riscv64-unknown-elf-gcc-8.3.0-2020.04.0/bin/../lib/gcc/riscv64-unknown-elf/8.3.0/../../../../riscv64-unknown-elf/lib/rv64imac/lp64/libc_nano.a(lib_a-wsetup.o)
                0x0000000020401d0c                __swsetup_r
 .text.__sflush_r
                0x0000000020401e22      0x13e /mnt/f/ubuntu-ws/tools/riscv64-unknown-elf-gcc-8.3.0-2020.04.0/bin/../lib/gcc/riscv64-unknown-elf/8.3.0/../../../../riscv64-unknown-elf/lib/rv64imac/lp64/libc_nano.a(lib_a-fflush.o)
                0x0000000020401e22                __sflush_r
 .text._fflush_r
                0x0000000020401f60       0x66 /mnt/f/ubuntu-ws/tools/riscv64-unknown-elf-gcc-8.3.0-2020.04.0/bin/../lib/gcc/riscv64-unknown-elf/8.3.0/../../../../riscv64-unknown-elf/lib/rv64imac/lp64/libc_nano.a(lib_a-fflush.o)
                0x0000000020401f60                _fflush_r
 .text.std      0x0000000020401fc6       0x66 /mnt/f/ubuntu-ws/tools/riscv64-unknown-elf-gcc-8.3.0-2020.04.0/bin/../lib/gcc/riscv64-unknown-elf/8.3.0/../../../../riscv64-unknown-elf/lib/rv64imac/lp64/libc_nano.a(lib_a-findfp.o)
 .text._cleanup_r
                0x000000002040202c        0xa /mnt/f/ubuntu-ws/tools/riscv64-unknown-elf-gcc-8.3.0-2020.04.0/bin/../lib/gcc/riscv64-unknown-elf/8.3.0/../../../../riscv64-unknown-elf/lib/rv64imac/lp64/libc_nano.a(lib_a-findfp.o)
                0x000000002040202c                _cleanup_r
 .text.__sfmoreglue
                0x0000000020402036       0x48 /mnt/f/ubuntu-ws/tools/riscv64-unknown-elf-gcc-8.3.0-2020.04.0/bin/../lib/gcc/riscv64-unknown-elf/8.3.0/../../../../riscv64-unknown-elf/lib/rv64imac/lp64/libc_nano.a(lib_a-findfp.o)
                0x0000000020402036                __sfmoreglue
 .text.__sinit  0x000000002040207e       0x72 /mnt/f/ubuntu-ws/tools/riscv64-unknown-elf-gcc-8.3.0-2020.04.0/bin/../lib/gcc/riscv64-unknown-elf/8.3.0/../../../../riscv64-unknown-elf/lib/rv64imac/lp64/libc_nano.a(lib_a-findfp.o)
                0x000000002040207e                __sinit
 .text.__sfp    0x00000000204020f0       0x9c /mnt/f/ubuntu-ws/tools/riscv64-unknown-elf-gcc-8.3.0-2020.04.0/bin/../lib/gcc/riscv64-unknown-elf/8.3.0/../../../../riscv64-unknown-elf/lib/rv64imac/lp64/libc_nano.a(lib_a-findfp.o)
                0x00000000204020f0                __sfp
 .text._fwalk_reent
                0x000000002040218c       0x6e /mnt/f/ubuntu-ws/tools/riscv64-unknown-elf-gcc-8.3.0-2020.04.0/bin/../lib/gcc/riscv64-unknown-elf/8.3.0/../../../../riscv64-unknown-elf/lib/rv64imac/lp64/libc_nano.a(lib_a-fwalk.o)
                0x000000002040218c                _fwalk_reent
 .text.__swhatbuf_r
                0x00000000204021fa       0x5a /mnt/f/ubuntu-ws/tools/riscv64-unknown-elf-gcc-8.3.0-2020.04.0/bin/../lib/gcc/riscv64-unknown-elf/8.3.0/../../../../riscv64-unknown-elf/lib/rv64imac/lp64/libc_nano.a(lib_a-makebuf.o)
                0x00000000204021fa                __swhatbuf_r
 .text.__smakebuf_r
                0x0000000020402254       0xa2 /mnt/f/ubuntu-ws/tools/riscv64-unknown-elf-gcc-8.3.0-2020.04.0/bin/../lib/gcc/riscv64-unknown-elf/8.3.0/../../../../riscv64-unknown-elf/lib/rv64imac/lp64/libc_nano.a(lib_a-makebuf.o)
                0x0000000020402254                __smakebuf_r
 .text          0x00000000204022f6       0x10 /mnt/f/ubuntu-ws/tools/riscv64-unknown-elf-gcc-8.3.0-2020.04.0/bin/../lib/gcc/riscv64-unknown-elf/8.3.0/../../../../riscv64-unknown-elf/lib/rv64imac/lp64/libc_nano.a(lib_a-memset.o)
                0x00000000204022f6                memset
 .text._free_r  0x0000000020402306       0xae /mnt/f/ubuntu-ws/tools/riscv64-unknown-elf-gcc-8.3.0-2020.04.0/bin/../lib/gcc/riscv64-unknown-elf/8.3.0/../../../../riscv64-unknown-elf/lib/rv64imac/lp64/libc_nano.a(lib_a-nano-freer.o)
                0x0000000020402306                _free_r
 .text._malloc_r
                0x00000000204023b4       0xf8 /mnt/f/ubuntu-ws/tools/riscv64-unknown-elf-gcc-8.3.0-2020.04.0/bin/../lib/gcc/riscv64-unknown-elf/8.3.0/../../../../riscv64-unknown-elf/lib/rv64imac/lp64/libc_nano.a(lib_a-nano-mallocr.o)
                0x00000000204023b4                _malloc_r
 .text._sbrk_r  0x00000000204024ac       0x2a /mnt/f/ubuntu-ws/tools/riscv64-unknown-elf-gcc-8.3.0-2020.04.0/bin/../lib/gcc/riscv64-unknown-elf/8.3.0/../../../../riscv64-unknown-elf/lib/rv64imac/lp64/libc_nano.a(lib_a-sbrkr.o)
                0x00000000204024ac                _sbrk_r
 .text.__sread  0x00000000204024d6       0x32 /mnt/f/ubuntu-ws/tools/riscv64-unknown-elf-gcc-8.3.0-2020.04.0/bin/../lib/gcc/riscv64-unknown-elf/8.3.0/../../../../riscv64-unknown-elf/lib/rv64imac/lp64/libc_nano.a(lib_a-stdio.o)
                0x00000000204024d6                __sread
 .text.__swrite
                0x0000000020402508       0x50 /mnt/f/ubuntu-ws/tools/riscv64-unknown-elf-gcc-8.3.0-2020.04.0/bin/../lib/gcc/riscv64-unknown-elf/8.3.0/../../../../riscv64-unknown-elf/lib/rv64imac/lp64/libc_nano.a(lib_a-stdio.o)
                0x0000000020402508                __swrite
 .text.__sseek  0x0000000020402558       0x38 /mnt/f/ubuntu-ws/tools/riscv64-unknown-elf-gcc-8.3.0-2020.04.0/bin/../lib/gcc/riscv64-unknown-elf/8.3.0/../../../../riscv64-unknown-elf/lib/rv64imac/lp64/libc_nano.a(lib_a-stdio.o)
                0x0000000020402558                __sseek
 .text.__sclose
                0x0000000020402590        0x6 /mnt/f/ubuntu-ws/tools/riscv64-unknown-elf-gcc-8.3.0-2020.04.0/bin/../lib/gcc/riscv64-unknown-elf/8.3.0/../../../../riscv64-unknown-elf/lib/rv64imac/lp64/libc_nano.a(lib_a-stdio.o)
                0x0000000020402590                __sclose
 .text._write_r
                0x0000000020402596       0x2e /mnt/f/ubuntu-ws/tools/riscv64-unknown-elf-gcc-8.3.0-2020.04.0/bin/../lib/gcc/riscv64-unknown-elf/8.3.0/../../../../riscv64-unknown-elf/lib/rv64imac/lp64/libc_nano.a(lib_a-writer.o)
                0x0000000020402596                _write_r
 .text._close_r
                0x00000000204025c4       0x2a /mnt/f/ubuntu-ws/tools/riscv64-unknown-elf-gcc-8.3.0-2020.04.0/bin/../lib/gcc/riscv64-unknown-elf/8.3.0/../../../../riscv64-unknown-elf/lib/rv64imac/lp64/libc_nano.a(lib_a-closer.o)
                0x00000000204025c4                _close_r
 .text._fstat_r
                0x00000000204025ee       0x2c /mnt/f/ubuntu-ws/tools/riscv64-unknown-elf-gcc-8.3.0-2020.04.0/bin/../lib/gcc/riscv64-unknown-elf/8.3.0/../../../../riscv64-unknown-elf/lib/rv64imac/lp64/libc_nano.a(lib_a-fstatr.o)
                0x00000000204025ee                _fstat_r
 .text._isatty_r
                0x000000002040261a       0x2a /mnt/f/ubuntu-ws/tools/riscv64-unknown-elf-gcc-8.3.0-2020.04.0/bin/../lib/gcc/riscv64-unknown-elf/8.3.0/../../../../riscv64-unknown-elf/lib/rv64imac/lp64/libc_nano.a(lib_a-isattyr.o)
                0x000000002040261a                _isatty_r
 .text._lseek_r
                0x0000000020402644       0x2e /mnt/f/ubuntu-ws/tools/riscv64-unknown-elf-gcc-8.3.0-2020.04.0/bin/../lib/gcc/riscv64-unknown-elf/8.3.0/../../../../riscv64-unknown-elf/lib/rv64imac/lp64/libc_nano.a(lib_a-lseekr.o)
                0x0000000020402644                _lseek_r
 .text.__malloc_lock
                0x0000000020402672        0x2 /mnt/f/ubuntu-ws/tools/riscv64-unknown-elf-gcc-8.3.0-2020.04.0/bin/../lib/gcc/riscv64-unknown-elf/8.3.0/../../../../riscv64-unknown-elf/lib/rv64imac/lp64/libc_nano.a(lib_a-mlock.o)
                0x0000000020402672                __malloc_lock
 .text.__malloc_unlock
                0x0000000020402674        0x2 /mnt/f/ubuntu-ws/tools/riscv64-unknown-elf-gcc-8.3.0-2020.04.0/bin/../lib/gcc/riscv64-unknown-elf/8.3.0/../../../../riscv64-unknown-elf/lib/rv64imac/lp64/libc_nano.a(lib_a-mlock.o)
                0x0000000020402674                __malloc_unlock
 .text._read_r  0x0000000020402676       0x2e /mnt/f/ubuntu-ws/tools/riscv64-unknown-elf-gcc-8.3.0-2020.04.0/bin/../lib/gcc/riscv64-unknown-elf/8.3.0/../../../../riscv64-unknown-elf/lib/rv64imac/lp64/libc_nano.a(lib_a-readr.o)
                0x0000000020402676                _read_r
 .text.__metal_driver_sifive_clint0_control_base
                0x00000000204026a4       0x2a /mnt/f/ubuntu-ws/freedom-e-sdk/bsp/qemu-sifive-s51/install/lib/debug//libmetal.a(riscv_clint0.o)
 .text.__metal_driver_sifive_clint0_num_interrupts
                0x00000000204026ce       0x28 /mnt/f/ubuntu-ws/freedom-e-sdk/bsp/qemu-sifive-s51/install/lib/debug//libmetal.a(riscv_clint0.o)
 .text.__metal_driver_sifive_clint0_interrupt_parents
                0x00000000204026f6       0x44 /mnt/f/ubuntu-ws/freedom-e-sdk/bsp/qemu-sifive-s51/install/lib/debug//libmetal.a(riscv_clint0.o)
 .text.__metal_driver_sifive_clint0_interrupt_lines
                0x000000002040273a       0x38 /mnt/f/ubuntu-ws/freedom-e-sdk/bsp/qemu-sifive-s51/install/lib/debug//libmetal.a(riscv_clint0.o)
 .text.__metal_clint0_mtime_get
                0x0000000020402772       0x6c /mnt/f/ubuntu-ws/freedom-e-sdk/bsp/qemu-sifive-s51/install/lib/debug//libmetal.a(riscv_clint0.o)
                0x0000000020402772                __metal_clint0_mtime_get
 .text.__metal_driver_riscv_clint0_mtimecmp_set
                0x00000000204027de       0x9e /mnt/f/ubuntu-ws/freedom-e-sdk/bsp/qemu-sifive-s51/install/lib/debug//libmetal.a(riscv_clint0.o)
                0x00000000204027de                __metal_driver_riscv_clint0_mtimecmp_set
 .text._get_cpu_intc
                0x000000002040287c       0x36 /mnt/f/ubuntu-ws/freedom-e-sdk/bsp/qemu-sifive-s51/install/lib/debug//libmetal.a(riscv_clint0.o)
 .text.__metal_driver_riscv_clint0_init
                0x00000000204028b2       0x9c /mnt/f/ubuntu-ws/freedom-e-sdk/bsp/qemu-sifive-s51/install/lib/debug//libmetal.a(riscv_clint0.o)
                0x00000000204028b2                __metal_driver_riscv_clint0_init
 .text.__metal_driver_riscv_clint0_register
                0x000000002040294e      0x100 /mnt/f/ubuntu-ws/freedom-e-sdk/bsp/qemu-sifive-s51/install/lib/debug//libmetal.a(riscv_clint0.o)
                0x000000002040294e                __metal_driver_riscv_clint0_register
 .text.__metal_driver_riscv_clint0_vector_register
                0x0000000020402a4e       0x2a /mnt/f/ubuntu-ws/freedom-e-sdk/bsp/qemu-sifive-s51/install/lib/debug//libmetal.a(riscv_clint0.o)
                0x0000000020402a4e                __metal_driver_riscv_clint0_vector_register
 .text.__metal_driver_riscv_clint0_get_vector_mode
                0x0000000020402a78       0x1e /mnt/f/ubuntu-ws/freedom-e-sdk/bsp/qemu-sifive-s51/install/lib/debug//libmetal.a(riscv_clint0.o)
                0x0000000020402a78                __metal_driver_riscv_clint0_get_vector_mode
 .text.__metal_driver_riscv_clint0_set_vector_mode
                0x0000000020402a96       0x64 /mnt/f/ubuntu-ws/freedom-e-sdk/bsp/qemu-sifive-s51/install/lib/debug//libmetal.a(riscv_clint0.o)
                0x0000000020402a96                __metal_driver_riscv_clint0_set_vector_mode
 .text.__metal_driver_riscv_clint0_enable
                0x0000000020402afa       0xd2 /mnt/f/ubuntu-ws/freedom-e-sdk/bsp/qemu-sifive-s51/install/lib/debug//libmetal.a(riscv_clint0.o)
                0x0000000020402afa                __metal_driver_riscv_clint0_enable
 .text.__metal_driver_riscv_clint0_disable
                0x0000000020402bcc       0xd2 /mnt/f/ubuntu-ws/freedom-e-sdk/bsp/qemu-sifive-s51/install/lib/debug//libmetal.a(riscv_clint0.o)
                0x0000000020402bcc                __metal_driver_riscv_clint0_disable
 .text.__metal_driver_riscv_clint0_command_request
                0x0000000020402c9e      0x15a /mnt/f/ubuntu-ws/freedom-e-sdk/bsp/qemu-sifive-s51/install/lib/debug//libmetal.a(riscv_clint0.o)
                0x0000000020402c9e                __metal_driver_riscv_clint0_command_request
 .text.__metal_driver_riscv_clint0_clear_interrupt
                0x0000000020402df8       0x38 /mnt/f/ubuntu-ws/freedom-e-sdk/bsp/qemu-sifive-s51/install/lib/debug//libmetal.a(riscv_clint0.o)
                0x0000000020402df8                __metal_driver_riscv_clint0_clear_interrupt
 .text.__metal_driver_riscv_clint0_set_interrupt
                0x0000000020402e30       0x38 /mnt/f/ubuntu-ws/freedom-e-sdk/bsp/qemu-sifive-s51/install/lib/debug//libmetal.a(riscv_clint0.o)
                0x0000000020402e30                __metal_driver_riscv_clint0_set_interrupt
 .text.__metal_driver_cpu_hartid
                0x0000000020402e68       0x28 /mnt/f/ubuntu-ws/freedom-e-sdk/bsp/qemu-sifive-s51/install/lib/debug//libmetal.a(riscv_cpu.o)
 .text.__metal_driver_cpu_timebase
                0x0000000020402e90       0x2e /mnt/f/ubuntu-ws/freedom-e-sdk/bsp/qemu-sifive-s51/install/lib/debug//libmetal.a(riscv_cpu.o)
 .text.__metal_driver_cpu_interrupt_controller
                0x0000000020402ebe       0x2e /mnt/f/ubuntu-ws/freedom-e-sdk/bsp/qemu-sifive-s51/install/lib/debug//libmetal.a(riscv_cpu.o)
 .text.__metal_driver_cpu_buserror
                0x0000000020402eec       0x28 /mnt/f/ubuntu-ws/freedom-e-sdk/bsp/qemu-sifive-s51/install/lib/debug//libmetal.a(riscv_cpu.o)
 .text.__metal_driver_cpu_get
                0x0000000020402f14       0x34 /mnt/f/ubuntu-ws/freedom-e-sdk/bsp/qemu-sifive-s51/install/lib/debug//libmetal.a(riscv_cpu.o)
                0x0000000020402f14                __metal_driver_cpu_get
 .text.__metal_myhart_id
                0x0000000020402f48       0x1a /mnt/f/ubuntu-ws/freedom-e-sdk/bsp/qemu-sifive-s51/install/lib/debug//libmetal.a(riscv_cpu.o)
                0x0000000020402f48                __metal_myhart_id
 .text.__metal_interrupt_global_enable
                0x0000000020402f62       0x18 /mnt/f/ubuntu-ws/freedom-e-sdk/bsp/qemu-sifive-s51/install/lib/debug//libmetal.a(riscv_cpu.o)
                0x0000000020402f62                __metal_interrupt_global_enable
 .text.__metal_interrupt_global_disable
                0x0000000020402f7a       0x18 /mnt/f/ubuntu-ws/freedom-e-sdk/bsp/qemu-sifive-s51/install/lib/debug//libmetal.a(riscv_cpu.o)
                0x0000000020402f7a                __metal_interrupt_global_disable
 .text.__metal_interrupt_software_enable
                0x0000000020402f92       0x18 /mnt/f/ubuntu-ws/freedom-e-sdk/bsp/qemu-sifive-s51/install/lib/debug//libmetal.a(riscv_cpu.o)
                0x0000000020402f92                __metal_interrupt_software_enable
 .text.__metal_interrupt_software_disable
                0x0000000020402faa       0x18 /mnt/f/ubuntu-ws/freedom-e-sdk/bsp/qemu-sifive-s51/install/lib/debug//libmetal.a(riscv_cpu.o)
                0x0000000020402faa                __metal_interrupt_software_disable
 .text.__metal_interrupt_timer_enable
                0x0000000020402fc2       0x1a /mnt/f/ubuntu-ws/freedom-e-sdk/bsp/qemu-sifive-s51/install/lib/debug//libmetal.a(riscv_cpu.o)
                0x0000000020402fc2                __metal_interrupt_timer_enable
 .text.__metal_interrupt_timer_disable
                0x0000000020402fdc       0x1a /mnt/f/ubuntu-ws/freedom-e-sdk/bsp/qemu-sifive-s51/install/lib/debug//libmetal.a(riscv_cpu.o)
                0x0000000020402fdc                __metal_interrupt_timer_disable
 .text.__metal_interrupt_external_enable
                0x0000000020402ff6       0x1c /mnt/f/ubuntu-ws/freedom-e-sdk/bsp/qemu-sifive-s51/install/lib/debug//libmetal.a(riscv_cpu.o)
                0x0000000020402ff6                __metal_interrupt_external_enable
 .text.__metal_interrupt_external_disable
                0x0000000020403012       0x1c /mnt/f/ubuntu-ws/freedom-e-sdk/bsp/qemu-sifive-s51/install/lib/debug//libmetal.a(riscv_cpu.o)
                0x0000000020403012                __metal_interrupt_external_disable
 .text.__metal_interrupt_local_enable
                0x000000002040302e       0x30 /mnt/f/ubuntu-ws/freedom-e-sdk/bsp/qemu-sifive-s51/install/lib/debug//libmetal.a(riscv_cpu.o)
                0x000000002040302e                __metal_interrupt_local_enable
 .text.__metal_interrupt_local_disable
                0x000000002040305e       0x30 /mnt/f/ubuntu-ws/freedom-e-sdk/bsp/qemu-sifive-s51/install/lib/debug//libmetal.a(riscv_cpu.o)
                0x000000002040305e                __metal_interrupt_local_disable
 .text.__metal_default_exception_handler
                0x000000002040308e       0x1a /mnt/f/ubuntu-ws/freedom-e-sdk/bsp/qemu-sifive-s51/install/lib/debug//libmetal.a(riscv_cpu.o)
                0x000000002040308e                __metal_default_exception_handler
 .text.__metal_default_interrupt_handler
                0x00000000204030a8       0x1a /mnt/f/ubuntu-ws/freedom-e-sdk/bsp/qemu-sifive-s51/install/lib/debug//libmetal.a(riscv_cpu.o)
                0x00000000204030a8                __metal_default_interrupt_handler
 .text.metal_interrupt_vector_handler
                0x00000000204030c2       0x2e /mnt/f/ubuntu-ws/freedom-e-sdk/bsp/qemu-sifive-s51/install/lib/debug//libmetal.a(riscv_cpu.o)
                0x00000000204030c2                metal_interrupt_vector_handler
 .text.metal_software_interrupt_vector_handler
                0x00000000204030f0       0x96 /mnt/f/ubuntu-ws/freedom-e-sdk/bsp/qemu-sifive-s51/install/lib/debug//libmetal.a(riscv_cpu.o)
                0x00000000204030f0                metal_software_interrupt_vector_handler
 .text.__metal_default_sw_handler
                0x0000000020403186       0x70 /mnt/f/ubuntu-ws/freedom-e-sdk/bsp/qemu-sifive-s51/install/lib/debug//libmetal.a(riscv_cpu.o)
                0x0000000020403186                __metal_default_sw_handler
 .text.metal_timer_interrupt_vector_handler
                0x00000000204031f6       0x96 /mnt/f/ubuntu-ws/freedom-e-sdk/bsp/qemu-sifive-s51/install/lib/debug//libmetal.a(riscv_cpu.o)
                0x00000000204031f6                metal_timer_interrupt_vector_handler
 .text.__metal_default_beu_handler
                0x000000002040328c       0x18 /mnt/f/ubuntu-ws/freedom-e-sdk/bsp/qemu-sifive-s51/install/lib/debug//libmetal.a(riscv_cpu.o)
                0x000000002040328c                __metal_default_beu_handler
 .text.__metal_default_timer_handler
                0x00000000204032a4       0x4a /mnt/f/ubuntu-ws/freedom-e-sdk/bsp/qemu-sifive-s51/install/lib/debug//libmetal.a(riscv_cpu.o)
                0x00000000204032a4                __metal_default_timer_handler
 *fill*         0x00000000204032ee       0x12 
 .text.__metal_exception_handler
                0x0000000020403300      0x1fa /mnt/f/ubuntu-ws/freedom-e-sdk/bsp/qemu-sifive-s51/install/lib/debug//libmetal.a(riscv_cpu.o)
                0x0000000020403300                __metal_exception_handler
 .text.metal_lc0_interrupt_vector_handler
                0x00000000204034fa       0x96 /mnt/f/ubuntu-ws/freedom-e-sdk/bsp/qemu-sifive-s51/install/lib/debug//libmetal.a(riscv_cpu.o)
                0x00000000204034fa                metal_lc0_interrupt_vector_handler
 .text.metal_lc1_interrupt_vector_handler
                0x0000000020403590       0x96 /mnt/f/ubuntu-ws/freedom-e-sdk/bsp/qemu-sifive-s51/install/lib/debug//libmetal.a(riscv_cpu.o)
                0x0000000020403590                metal_lc1_interrupt_vector_handler
 .text.metal_lc2_interrupt_vector_handler
                0x0000000020403626       0x96 /mnt/f/ubuntu-ws/freedom-e-sdk/bsp/qemu-sifive-s51/install/lib/debug//libmetal.a(riscv_cpu.o)
                0x0000000020403626                metal_lc2_interrupt_vector_handler
 .text.metal_lc3_interrupt_vector_handler
                0x00000000204036bc       0x96 /mnt/f/ubuntu-ws/freedom-e-sdk/bsp/qemu-sifive-s51/install/lib/debug//libmetal.a(riscv_cpu.o)
                0x00000000204036bc                metal_lc3_interrupt_vector_handler
 .text.metal_lc4_interrupt_vector_handler
                0x0000000020403752       0x96 /mnt/f/ubuntu-ws/freedom-e-sdk/bsp/qemu-sifive-s51/install/lib/debug//libmetal.a(riscv_cpu.o)
                0x0000000020403752                metal_lc4_interrupt_vector_handler
 .text.metal_lc5_interrupt_vector_handler
                0x00000000204037e8       0x96 /mnt/f/ubuntu-ws/freedom-e-sdk/bsp/qemu-sifive-s51/install/lib/debug//libmetal.a(riscv_cpu.o)
                0x00000000204037e8                metal_lc5_interrupt_vector_handler
 .text.metal_lc6_interrupt_vector_handler
                0x000000002040387e       0x96 /mnt/f/ubuntu-ws/freedom-e-sdk/bsp/qemu-sifive-s51/install/lib/debug//libmetal.a(riscv_cpu.o)
                0x000000002040387e                metal_lc6_interrupt_vector_handler
 .text.metal_lc7_interrupt_vector_handler
                0x0000000020403914       0x96 /mnt/f/ubuntu-ws/freedom-e-sdk/bsp/qemu-sifive-s51/install/lib/debug//libmetal.a(riscv_cpu.o)
                0x0000000020403914                metal_lc7_interrupt_vector_handler
 .text.metal_lc8_interrupt_vector_handler
                0x00000000204039aa       0x96 /mnt/f/ubuntu-ws/freedom-e-sdk/bsp/qemu-sifive-s51/install/lib/debug//libmetal.a(riscv_cpu.o)
                0x00000000204039aa                metal_lc8_interrupt_vector_handler
 .text.metal_lc9_interrupt_vector_handler
                0x0000000020403a40       0x96 /mnt/f/ubuntu-ws/freedom-e-sdk/bsp/qemu-sifive-s51/install/lib/debug//libmetal.a(riscv_cpu.o)
                0x0000000020403a40                metal_lc9_interrupt_vector_handler
 .text.metal_lc10_interrupt_vector_handler
                0x0000000020403ad6       0x96 /mnt/f/ubuntu-ws/freedom-e-sdk/bsp/qemu-sifive-s51/install/lib/debug//libmetal.a(riscv_cpu.o)
                0x0000000020403ad6                metal_lc10_interrupt_vector_handler
 .text.metal_lc11_interrupt_vector_handler
                0x0000000020403b6c       0x96 /mnt/f/ubuntu-ws/freedom-e-sdk/bsp/qemu-sifive-s51/install/lib/debug//libmetal.a(riscv_cpu.o)
                0x0000000020403b6c                metal_lc11_interrupt_vector_handler
 .text.metal_lc12_interrupt_vector_handler
                0x0000000020403c02       0x96 /mnt/f/ubuntu-ws/freedom-e-sdk/bsp/qemu-sifive-s51/install/lib/debug//libmetal.a(riscv_cpu.o)
                0x0000000020403c02                metal_lc12_interrupt_vector_handler
 .text.metal_lc13_interrupt_vector_handler
                0x0000000020403c98       0x96 /mnt/f/ubuntu-ws/freedom-e-sdk/bsp/qemu-sifive-s51/install/lib/debug//libmetal.a(riscv_cpu.o)
                0x0000000020403c98                metal_lc13_interrupt_vector_handler
 .text.metal_lc14_interrupt_vector_handler
                0x0000000020403d2e       0x96 /mnt/f/ubuntu-ws/freedom-e-sdk/bsp/qemu-sifive-s51/install/lib/debug//libmetal.a(riscv_cpu.o)
                0x0000000020403d2e                metal_lc14_interrupt_vector_handler
 .text.metal_lc15_interrupt_vector_handler
                0x0000000020403dc4       0x96 /mnt/f/ubuntu-ws/freedom-e-sdk/bsp/qemu-sifive-s51/install/lib/debug//libmetal.a(riscv_cpu.o)
                0x0000000020403dc4                metal_lc15_interrupt_vector_handler
 .text.__metal_controller_interrupt_vector_mode
                0x0000000020403e5a       0x50 /mnt/f/ubuntu-ws/freedom-e-sdk/bsp/qemu-sifive-s51/install/lib/debug//libmetal.a(riscv_cpu.o)
                0x0000000020403e5a                __metal_controller_interrupt_vector_mode
 .text.__metal_controller_interrupt_vector
                0x0000000020403eaa       0xac /mnt/f/ubuntu-ws/freedom-e-sdk/bsp/qemu-sifive-s51/install/lib/debug//libmetal.a(riscv_cpu.o)
                0x0000000020403eaa                __metal_controller_interrupt_vector
 .text.__metal_valid_interrupt_id
                0x0000000020403f56       0x82 /mnt/f/ubuntu-ws/freedom-e-sdk/bsp/qemu-sifive-s51/install/lib/debug//libmetal.a(riscv_cpu.o)
                0x0000000020403f56                __metal_valid_interrupt_id
 .text.__metal_local_interrupt_enable
                0x0000000020403fd8       0xde /mnt/f/ubuntu-ws/freedom-e-sdk/bsp/qemu-sifive-s51/install/lib/debug//libmetal.a(riscv_cpu.o)
                0x0000000020403fd8                __metal_local_interrupt_enable
 .text.__metal_exception_register
                0x00000000204040b6       0x54 /mnt/f/ubuntu-ws/freedom-e-sdk/bsp/qemu-sifive-s51/install/lib/debug//libmetal.a(riscv_cpu.o)
                0x00000000204040b6                __metal_exception_register
 .text.__metal_driver_riscv_cpu_controller_interrupt_init
                0x000000002040410a       0xde /mnt/f/ubuntu-ws/freedom-e-sdk/bsp/qemu-sifive-s51/install/lib/debug//libmetal.a(riscv_cpu.o)
                0x000000002040410a                __metal_driver_riscv_cpu_controller_interrupt_init
 .text.__metal_driver_riscv_cpu_controller_interrupt_register
                0x00000000204041e8      0x1d4 /mnt/f/ubuntu-ws/freedom-e-sdk/bsp/qemu-sifive-s51/install/lib/debug//libmetal.a(riscv_cpu.o)
                0x00000000204041e8                __metal_driver_riscv_cpu_controller_interrupt_register
 .text.__metal_driver_riscv_cpu_controller_interrupt_enable
                0x00000000204043bc       0x2e /mnt/f/ubuntu-ws/freedom-e-sdk/bsp/qemu-sifive-s51/install/lib/debug//libmetal.a(riscv_cpu.o)
                0x00000000204043bc                __metal_driver_riscv_cpu_controller_interrupt_enable
 .text.__metal_driver_riscv_cpu_controller_interrupt_disable
                0x00000000204043ea       0x2e /mnt/f/ubuntu-ws/freedom-e-sdk/bsp/qemu-sifive-s51/install/lib/debug//libmetal.a(riscv_cpu.o)
                0x00000000204043ea                __metal_driver_riscv_cpu_controller_interrupt_disable
 .text.__metal_driver_riscv_cpu_controller_get_vector_mode
                0x0000000020404418       0x1e /mnt/f/ubuntu-ws/freedom-e-sdk/bsp/qemu-sifive-s51/install/lib/debug//libmetal.a(riscv_cpu.o)
                0x0000000020404418                __metal_driver_riscv_cpu_controller_get_vector_mode
 .text.__metal_driver_riscv_cpu_controller_set_vector_mode
                0x0000000020404436       0x60 /mnt/f/ubuntu-ws/freedom-e-sdk/bsp/qemu-sifive-s51/install/lib/debug//libmetal.a(riscv_cpu.o)
                0x0000000020404436                __metal_driver_riscv_cpu_controller_set_vector_mode
 .text.__metal_driver_riscv_cpu_controller_command_request
                0x0000000020404496       0x1e /mnt/f/ubuntu-ws/freedom-e-sdk/bsp/qemu-sifive-s51/install/lib/debug//libmetal.a(riscv_cpu.o)
                0x0000000020404496                __metal_driver_riscv_cpu_controller_command_request
 .text.__metal_driver_cpu_mcycle_get
                0x00000000204044b4       0x22 /mnt/f/ubuntu-ws/freedom-e-sdk/bsp/qemu-sifive-s51/install/lib/debug//libmetal.a(riscv_cpu.o)
                0x00000000204044b4                __metal_driver_cpu_mcycle_get
 .text.__metal_driver_cpu_timebase_get
                0x00000000204044d6       0x32 /mnt/f/ubuntu-ws/freedom-e-sdk/bsp/qemu-sifive-s51/install/lib/debug//libmetal.a(riscv_cpu.o)
                0x00000000204044d6                __metal_driver_cpu_timebase_get
 .text.__metal_driver_cpu_mtime_get
                0x0000000020404508       0x58 /mnt/f/ubuntu-ws/freedom-e-sdk/bsp/qemu-sifive-s51/install/lib/debug//libmetal.a(riscv_cpu.o)
                0x0000000020404508                __metal_driver_cpu_mtime_get
 .text.__metal_driver_cpu_mtimecmp_set
                0x0000000020404560       0x70 /mnt/f/ubuntu-ws/freedom-e-sdk/bsp/qemu-sifive-s51/install/lib/debug//libmetal.a(riscv_cpu.o)
                0x0000000020404560                __metal_driver_cpu_mtimecmp_set
 .text.__metal_driver_cpu_timer_controller_interrupt
                0x00000000204045d0       0x1a /mnt/f/ubuntu-ws/freedom-e-sdk/bsp/qemu-sifive-s51/install/lib/debug//libmetal.a(riscv_cpu.o)
                0x00000000204045d0                __metal_driver_cpu_timer_controller_interrupt
 .text.__metal_driver_cpu_get_timer_interrupt_id
                0x00000000204045ea       0x14 /mnt/f/ubuntu-ws/freedom-e-sdk/bsp/qemu-sifive-s51/install/lib/debug//libmetal.a(riscv_cpu.o)
                0x00000000204045ea                __metal_driver_cpu_get_timer_interrupt_id
 .text.__metal_driver_cpu_sw_controller_interrupt
                0x00000000204045fe       0x1a /mnt/f/ubuntu-ws/freedom-e-sdk/bsp/qemu-sifive-s51/install/lib/debug//libmetal.a(riscv_cpu.o)
                0x00000000204045fe                __metal_driver_cpu_sw_controller_interrupt
 .text.__metal_driver_cpu_get_sw_interrupt_id
                0x0000000020404618       0x14 /mnt/f/ubuntu-ws/freedom-e-sdk/bsp/qemu-sifive-s51/install/lib/debug//libmetal.a(riscv_cpu.o)
                0x0000000020404618                __metal_driver_cpu_get_sw_interrupt_id
 .text.__metal_driver_cpu_set_sw_ipi
                0x000000002040462c       0x66 /mnt/f/ubuntu-ws/freedom-e-sdk/bsp/qemu-sifive-s51/install/lib/debug//libmetal.a(riscv_cpu.o)
                0x000000002040462c                __metal_driver_cpu_set_sw_ipi
 .text.__metal_driver_cpu_clear_sw_ipi
                0x0000000020404692       0x66 /mnt/f/ubuntu-ws/freedom-e-sdk/bsp/qemu-sifive-s51/install/lib/debug//libmetal.a(riscv_cpu.o)
                0x0000000020404692                __metal_driver_cpu_clear_sw_ipi
 .text.__metal_driver_cpu_get_msip
                0x00000000204046f8       0x64 /mnt/f/ubuntu-ws/freedom-e-sdk/bsp/qemu-sifive-s51/install/lib/debug//libmetal.a(riscv_cpu.o)
                0x00000000204046f8                __metal_driver_cpu_get_msip
 .text.__metal_driver_cpu_controller_interrupt
                0x000000002040475c       0x20 /mnt/f/ubuntu-ws/freedom-e-sdk/bsp/qemu-sifive-s51/install/lib/debug//libmetal.a(riscv_cpu.o)
                0x000000002040475c                __metal_driver_cpu_controller_interrupt
 .text.__metal_driver_cpu_exception_register
                0x000000002040477c       0x4a /mnt/f/ubuntu-ws/freedom-e-sdk/bsp/qemu-sifive-s51/install/lib/debug//libmetal.a(riscv_cpu.o)
                0x000000002040477c                __metal_driver_cpu_exception_register
 .text.__metal_driver_cpu_get_instruction_length
                0x00000000204047c6       0x32 /mnt/f/ubuntu-ws/freedom-e-sdk/bsp/qemu-sifive-s51/install/lib/debug//libmetal.a(riscv_cpu.o)
                0x00000000204047c6                __metal_driver_cpu_get_instruction_length
 .text.__metal_driver_cpu_get_exception_pc
                0x00000000204047f8       0x1e /mnt/f/ubuntu-ws/freedom-e-sdk/bsp/qemu-sifive-s51/install/lib/debug//libmetal.a(riscv_cpu.o)
                0x00000000204047f8                __metal_driver_cpu_get_exception_pc
 .text.__metal_driver_cpu_set_exception_pc
                0x0000000020404816       0x20 /mnt/f/ubuntu-ws/freedom-e-sdk/bsp/qemu-sifive-s51/install/lib/debug//libmetal.a(riscv_cpu.o)
                0x0000000020404816                __metal_driver_cpu_set_exception_pc
 .text.__metal_driver_cpu_get_buserror
                0x0000000020404836       0x20 /mnt/f/ubuntu-ws/freedom-e-sdk/bsp/qemu-sifive-s51/install/lib/debug//libmetal.a(riscv_cpu.o)
                0x0000000020404836                __metal_driver_cpu_get_buserror
 .text.__metal_driver_sifive_plic0_control_base
                0x0000000020404856       0x2a /mnt/f/ubuntu-ws/freedom-e-sdk/bsp/qemu-sifive-s51/install/lib/debug//libmetal.a(riscv_plic0.o)
 .text.__metal_driver_sifive_plic0_num_interrupts
                0x0000000020404880       0x28 /mnt/f/ubuntu-ws/freedom-e-sdk/bsp/qemu-sifive-s51/install/lib/debug//libmetal.a(riscv_plic0.o)
 .text.__metal_driver_sifive_plic0_max_priority
                0x00000000204048a8       0x28 /mnt/f/ubuntu-ws/freedom-e-sdk/bsp/qemu-sifive-s51/install/lib/debug//libmetal.a(riscv_plic0.o)
 .text.__metal_driver_sifive_plic0_interrupt_parents
                0x00000000204048d0       0x2c /mnt/f/ubuntu-ws/freedom-e-sdk/bsp/qemu-sifive-s51/install/lib/debug//libmetal.a(riscv_plic0.o)
 .text.__metal_driver_sifive_plic0_interrupt_lines
                0x00000000204048fc       0x26 /mnt/f/ubuntu-ws/freedom-e-sdk/bsp/qemu-sifive-s51/install/lib/debug//libmetal.a(riscv_plic0.o)
 .text.__metal_driver_sifive_plic0_context_ids
                0x0000000020404922       0x22 /mnt/f/ubuntu-ws/freedom-e-sdk/bsp/qemu-sifive-s51/install/lib/debug//libmetal.a(riscv_plic0.o)
 .text.__metal_plic0_claim_interrupt
                0x0000000020404944       0x42 /mnt/f/ubuntu-ws/freedom-e-sdk/bsp/qemu-sifive-s51/install/lib/debug//libmetal.a(riscv_plic0.o)
                0x0000000020404944                __metal_plic0_claim_interrupt
 .text.__metal_plic0_complete_interrupt
                0x0000000020404986       0x4e /mnt/f/ubuntu-ws/freedom-e-sdk/bsp/qemu-sifive-s51/install/lib/debug//libmetal.a(riscv_plic0.o)
                0x0000000020404986                __metal_plic0_complete_interrupt
 .text.__metal_plic0_set_threshold
                0x00000000204049d4       0x4e /mnt/f/ubuntu-ws/freedom-e-sdk/bsp/qemu-sifive-s51/install/lib/debug//libmetal.a(riscv_plic0.o)
                0x00000000204049d4                __metal_plic0_set_threshold
 .text.__metal_plic0_get_threshold
                0x0000000020404a22       0x40 /mnt/f/ubuntu-ws/freedom-e-sdk/bsp/qemu-sifive-s51/install/lib/debug//libmetal.a(riscv_plic0.o)
                0x0000000020404a22                __metal_plic0_get_threshold
 .text.__metal_driver_riscv_plic0_set_priority
                0x0000000020404a62       0x76 /mnt/f/ubuntu-ws/freedom-e-sdk/bsp/qemu-sifive-s51/install/lib/debug//libmetal.a(riscv_plic0.o)
                0x0000000020404a62                __metal_driver_riscv_plic0_set_priority
 .text.__metal_driver_riscv_plic0_get_priority
                0x0000000020404ad8       0x3e /mnt/f/ubuntu-ws/freedom-e-sdk/bsp/qemu-sifive-s51/install/lib/debug//libmetal.a(riscv_plic0.o)
                0x0000000020404ad8                __metal_driver_riscv_plic0_get_priority
 .text.__metal_plic0_enable
                0x0000000020404b16       0xd0 /mnt/f/ubuntu-ws/freedom-e-sdk/bsp/qemu-sifive-s51/install/lib/debug//libmetal.a(riscv_plic0.o)
                0x0000000020404b16                __metal_plic0_enable
 .text.__metal_plic0_default_handler
                0x0000000020404be6       0x1a /mnt/f/ubuntu-ws/freedom-e-sdk/bsp/qemu-sifive-s51/install/lib/debug//libmetal.a(riscv_plic0.o)
                0x0000000020404be6                __metal_plic0_default_handler
 .text.__metal_plic0_handler
                0x0000000020404c00       0xba /mnt/f/ubuntu-ws/freedom-e-sdk/bsp/qemu-sifive-s51/install/lib/debug//libmetal.a(riscv_plic0.o)
                0x0000000020404c00                __metal_plic0_handler
 .text.__metal_driver_riscv_plic0_init
                0x0000000020404cba      0x172 /mnt/f/ubuntu-ws/freedom-e-sdk/bsp/qemu-sifive-s51/install/lib/debug//libmetal.a(riscv_plic0.o)
                0x0000000020404cba                __metal_driver_riscv_plic0_init
 .text.__metal_driver_riscv_plic0_register
                0x0000000020404e2c       0xc2 /mnt/f/ubuntu-ws/freedom-e-sdk/bsp/qemu-sifive-s51/install/lib/debug//libmetal.a(riscv_plic0.o)
                0x0000000020404e2c                __metal_driver_riscv_plic0_register
 .text.__metal_driver_riscv_plic0_enable
                0x0000000020404eee       0x5a /mnt/f/ubuntu-ws/freedom-e-sdk/bsp/qemu-sifive-s51/install/lib/debug//libmetal.a(riscv_plic0.o)
                0x0000000020404eee                __metal_driver_riscv_plic0_enable
 .text.__metal_driver_riscv_plic0_disable
                0x0000000020404f48       0x5a /mnt/f/ubuntu-ws/freedom-e-sdk/bsp/qemu-sifive-s51/install/lib/debug//libmetal.a(riscv_plic0.o)
                0x0000000020404f48                __metal_driver_riscv_plic0_disable
 .text.__metal_driver_riscv_plic0_set_threshold
                0x0000000020404fa2       0x36 /mnt/f/ubuntu-ws/freedom-e-sdk/bsp/qemu-sifive-s51/install/lib/debug//libmetal.a(riscv_plic0.o)
                0x0000000020404fa2                __metal_driver_riscv_plic0_set_threshold
 .text.__metal_driver_riscv_plic0_get_threshold
                0x0000000020404fd8       0x2c /mnt/f/ubuntu-ws/freedom-e-sdk/bsp/qemu-sifive-s51/install/lib/debug//libmetal.a(riscv_plic0.o)
                0x0000000020404fd8                __metal_driver_riscv_plic0_get_threshold
 .text.__metal_driver_riscv_plic0_affinity_enable
                0x0000000020405004       0xae /mnt/f/ubuntu-ws/freedom-e-sdk/bsp/qemu-sifive-s51/install/lib/debug//libmetal.a(riscv_plic0.o)
                0x0000000020405004                __metal_driver_riscv_plic0_affinity_enable
 .text.__metal_driver_riscv_plic0_affinity_disable
                0x00000000204050b2       0xae /mnt/f/ubuntu-ws/freedom-e-sdk/bsp/qemu-sifive-s51/install/lib/debug//libmetal.a(riscv_plic0.o)
                0x00000000204050b2                __metal_driver_riscv_plic0_affinity_disable
 .text.__metal_driver_riscv_plic0_affinity_set_threshold
                0x0000000020405160       0x82 /mnt/f/ubuntu-ws/freedom-e-sdk/bsp/qemu-sifive-s51/install/lib/debug//libmetal.a(riscv_plic0.o)
                0x0000000020405160                __metal_driver_riscv_plic0_affinity_set_threshold
 .text.__metal_driver_riscv_plic0_affinity_get_threshold
                0x00000000204051e2       0x2c /mnt/f/ubuntu-ws/freedom-e-sdk/bsp/qemu-sifive-s51/install/lib/debug//libmetal.a(riscv_plic0.o)
                0x00000000204051e2                __metal_driver_riscv_plic0_affinity_get_threshold
 .text.__metal_driver_sifive_fe310_g000_hfrosc_ref
                0x000000002040520e       0x1a /mnt/f/ubuntu-ws/freedom-e-sdk/bsp/qemu-sifive-s51/install/lib/debug//libmetal.a(sifive_fe310-g000_hfrosc.o)
 .text.__metal_driver_sifive_fe310_g000_hfrosc_config_base
                0x0000000020405228       0x16 /mnt/f/ubuntu-ws/freedom-e-sdk/bsp/qemu-sifive-s51/install/lib/debug//libmetal.a(sifive_fe310-g000_hfrosc.o)
 .text.__metal_driver_sifive_fe310_g000_hfrosc_config_offset
                0x000000002040523e       0x14 /mnt/f/ubuntu-ws/freedom-e-sdk/bsp/qemu-sifive-s51/install/lib/debug//libmetal.a(sifive_fe310-g000_hfrosc.o)
 .text.__metal_driver_sifive_fe310_g000_prci_vtable
                0x0000000020405252       0x16 /mnt/f/ubuntu-ws/freedom-e-sdk/bsp/qemu-sifive-s51/install/lib/debug//libmetal.a(sifive_fe310-g000_hfrosc.o)
 .text.__metal_driver_sifive_fe310_g000_hfrosc_get_rate_hz
                0x0000000020405268       0x90 /mnt/f/ubuntu-ws/freedom-e-sdk/bsp/qemu-sifive-s51/install/lib/debug//libmetal.a(sifive_fe310-g000_hfrosc.o)
                0x0000000020405268                __metal_driver_sifive_fe310_g000_hfrosc_get_rate_hz
 .text.__metal_driver_sifive_fe310_g000_hfrosc_set_rate_hz
                0x00000000204052f8       0x24 /mnt/f/ubuntu-ws/freedom-e-sdk/bsp/qemu-sifive-s51/install/lib/debug//libmetal.a(sifive_fe310-g000_hfrosc.o)
                0x00000000204052f8                __metal_driver_sifive_fe310_g000_hfrosc_set_rate_hz
 .text.__metal_driver_sifive_fe310_g000_hfxosc_ref
                0x000000002040531c       0x1a /mnt/f/ubuntu-ws/freedom-e-sdk/bsp/qemu-sifive-s51/install/lib/debug//libmetal.a(sifive_fe310-g000_hfxosc.o)
 .text.__metal_driver_sifive_fe310_g000_hfxosc_config_base
                0x0000000020405336       0x16 /mnt/f/ubuntu-ws/freedom-e-sdk/bsp/qemu-sifive-s51/install/lib/debug//libmetal.a(sifive_fe310-g000_hfxosc.o)
 .text.__metal_driver_sifive_fe310_g000_hfxosc_config_offset
                0x000000002040534c       0x14 /mnt/f/ubuntu-ws/freedom-e-sdk/bsp/qemu-sifive-s51/install/lib/debug//libmetal.a(sifive_fe310-g000_hfxosc.o)
 .text.__metal_driver_sifive_fe310_g000_prci_vtable
                0x0000000020405360       0x16 /mnt/f/ubuntu-ws/freedom-e-sdk/bsp/qemu-sifive-s51/install/lib/debug//libmetal.a(sifive_fe310-g000_hfxosc.o)
 .text.__metal_driver_sifive_fe310_g000_hfxosc_get_rate_hz
                0x0000000020405376       0x80 /mnt/f/ubuntu-ws/freedom-e-sdk/bsp/qemu-sifive-s51/install/lib/debug//libmetal.a(sifive_fe310-g000_hfxosc.o)
                0x0000000020405376                __metal_driver_sifive_fe310_g000_hfxosc_get_rate_hz
 .text.__metal_driver_sifive_fe310_g000_hfxosc_set_rate_hz
                0x00000000204053f6       0x24 /mnt/f/ubuntu-ws/freedom-e-sdk/bsp/qemu-sifive-s51/install/lib/debug//libmetal.a(sifive_fe310-g000_hfxosc.o)
                0x00000000204053f6                __metal_driver_sifive_fe310_g000_hfxosc_set_rate_hz
 .text.__metal_driver_sifive_fe310_g000_pll_pllsel0
                0x000000002040541a       0x1a /mnt/f/ubuntu-ws/freedom-e-sdk/bsp/qemu-sifive-s51/install/lib/debug//libmetal.a(sifive_fe310-g000_pll.o)
 .text.__metal_driver_sifive_fe310_g000_pll_pllref
                0x0000000020405434       0x1a /mnt/f/ubuntu-ws/freedom-e-sdk/bsp/qemu-sifive-s51/install/lib/debug//libmetal.a(sifive_fe310-g000_pll.o)
 .text.__metal_driver_sifive_fe310_g000_pll_divider_base
                0x000000002040544e       0x16 /mnt/f/ubuntu-ws/freedom-e-sdk/bsp/qemu-sifive-s51/install/lib/debug//libmetal.a(sifive_fe310-g000_pll.o)
 .text.__metal_driver_sifive_fe310_g000_pll_divider_offset
                0x0000000020405464       0x14 /mnt/f/ubuntu-ws/freedom-e-sdk/bsp/qemu-sifive-s51/install/lib/debug//libmetal.a(sifive_fe310-g000_pll.o)
 .text.__metal_driver_sifive_fe310_g000_pll_config_base
                0x0000000020405478       0x12 /mnt/f/ubuntu-ws/freedom-e-sdk/bsp/qemu-sifive-s51/install/lib/debug//libmetal.a(sifive_fe310-g000_pll.o)
 .text.__metal_driver_sifive_fe310_g000_pll_config_offset
                0x000000002040548a       0x10 /mnt/f/ubuntu-ws/freedom-e-sdk/bsp/qemu-sifive-s51/install/lib/debug//libmetal.a(sifive_fe310-g000_pll.o)
 .text.__metal_driver_sifive_fe310_g000_pll_init_rate
                0x000000002040549a       0x16 /mnt/f/ubuntu-ws/freedom-e-sdk/bsp/qemu-sifive-s51/install/lib/debug//libmetal.a(sifive_fe310-g000_pll.o)
 .text.__metal_driver_sifive_fe310_g000_prci_base
                0x00000000204054b0       0x12 /mnt/f/ubuntu-ws/freedom-e-sdk/bsp/qemu-sifive-s51/install/lib/debug//libmetal.a(sifive_fe310-g000_pll.o)
 .text.__metal_driver_sifive_fe310_g000_prci_vtable
                0x00000000204054c2       0x16 /mnt/f/ubuntu-ws/freedom-e-sdk/bsp/qemu-sifive-s51/install/lib/debug//libmetal.a(sifive_fe310-g000_pll.o)
 .text.get_pll_config_freq
                0x00000000204054d8       0x4e /mnt/f/ubuntu-ws/freedom-e-sdk/bsp/qemu-sifive-s51/install/lib/debug//libmetal.a(sifive_fe310-g000_pll.o)
 .text.__metal_driver_sifive_fe310_g000_pll_init
                0x0000000020405526       0xc4 /mnt/f/ubuntu-ws/freedom-e-sdk/bsp/qemu-sifive-s51/install/lib/debug//libmetal.a(sifive_fe310-g000_pll.o)
                0x0000000020405526                __metal_driver_sifive_fe310_g000_pll_init
 .text.__metal_driver_sifive_fe310_g000_pll_get_rate_hz
                0x00000000204055ea      0x182 /mnt/f/ubuntu-ws/freedom-e-sdk/bsp/qemu-sifive-s51/install/lib/debug//libmetal.a(sifive_fe310-g000_pll.o)
                0x00000000204055ea                __metal_driver_sifive_fe310_g000_pll_get_rate_hz
 .text.find_closest_config
                0x000000002040576c       0xaa /mnt/f/ubuntu-ws/freedom-e-sdk/bsp/qemu-sifive-s51/install/lib/debug//libmetal.a(sifive_fe310-g000_pll.o)
 .text.configure_pll
                0x0000000020405816      0x1ea /mnt/f/ubuntu-ws/freedom-e-sdk/bsp/qemu-sifive-s51/install/lib/debug//libmetal.a(sifive_fe310-g000_pll.o)
 .text.__metal_driver_sifive_fe310_g000_pll_set_rate_hz
                0x0000000020405a00      0x19c /mnt/f/ubuntu-ws/freedom-e-sdk/bsp/qemu-sifive-s51/install/lib/debug//libmetal.a(sifive_fe310-g000_pll.o)
                0x0000000020405a00                __metal_driver_sifive_fe310_g000_pll_set_rate_hz
 .text.__metal_driver_sifive_fe310_g000_prci_base
                0x0000000020405b9c       0x12 /mnt/f/ubuntu-ws/freedom-e-sdk/bsp/qemu-sifive-s51/install/lib/debug//libmetal.a(sifive_fe310-g000_prci.o)
 .text.__metal_driver_sifive_fe310_g000_prci_get_reg
                0x0000000020405bae       0x36 /mnt/f/ubuntu-ws/freedom-e-sdk/bsp/qemu-sifive-s51/install/lib/debug//libmetal.a(sifive_fe310-g000_prci.o)
                0x0000000020405bae                __metal_driver_sifive_fe310_g000_prci_get_reg
 .text.__metal_driver_sifive_fe310_g000_prci_set_reg
                0x0000000020405be4       0x42 /mnt/f/ubuntu-ws/freedom-e-sdk/bsp/qemu-sifive-s51/install/lib/debug//libmetal.a(sifive_fe310-g000_prci.o)
                0x0000000020405be4                __metal_driver_sifive_fe310_g000_prci_set_reg
 .text.__metal_driver_sifive_gpio0_base
                0x0000000020405c26       0x26 /mnt/f/ubuntu-ws/freedom-e-sdk/bsp/qemu-sifive-s51/install/lib/debug//libmetal.a(sifive_gpio0.o)
 .text.__metal_driver_sifive_gpio0_interrupt_parent
                0x0000000020405c4c       0x2a /mnt/f/ubuntu-ws/freedom-e-sdk/bsp/qemu-sifive-s51/install/lib/debug//libmetal.a(sifive_gpio0.o)
 .text.__metal_driver_sifive_gpio0_interrupt_lines
                0x0000000020405c76      0x1f4 /mnt/f/ubuntu-ws/freedom-e-sdk/bsp/qemu-sifive-s51/install/lib/debug//libmetal.a(sifive_gpio0.o)
 .text.__metal_driver_sifive_gpio0_enable_input
                0x0000000020405e6a       0x52 /mnt/f/ubuntu-ws/freedom-e-sdk/bsp/qemu-sifive-s51/install/lib/debug//libmetal.a(sifive_gpio0.o)
                0x0000000020405e6a                __metal_driver_sifive_gpio0_enable_input
 .text.__metal_driver_sifive_gpio0_disable_input
                0x0000000020405ebc       0x58 /mnt/f/ubuntu-ws/freedom-e-sdk/bsp/qemu-sifive-s51/install/lib/debug//libmetal.a(sifive_gpio0.o)
                0x0000000020405ebc                __metal_driver_sifive_gpio0_disable_input
 .text.__metal_driver_sifive_gpio0_input
                0x0000000020405f14       0x30 /mnt/f/ubuntu-ws/freedom-e-sdk/bsp/qemu-sifive-s51/install/lib/debug//libmetal.a(sifive_gpio0.o)
                0x0000000020405f14                __metal_driver_sifive_gpio0_input
 .text.__metal_driver_sifive_gpio0_output
                0x0000000020405f44       0x32 /mnt/f/ubuntu-ws/freedom-e-sdk/bsp/qemu-sifive-s51/install/lib/debug//libmetal.a(sifive_gpio0.o)
                0x0000000020405f44                __metal_driver_sifive_gpio0_output
 .text.__metal_driver_sifive_gpio0_disable_output
                0x0000000020405f76       0x58 /mnt/f/ubuntu-ws/freedom-e-sdk/bsp/qemu-sifive-s51/install/lib/debug//libmetal.a(sifive_gpio0.o)
                0x0000000020405f76                __metal_driver_sifive_gpio0_disable_output
 .text.__metal_driver_sifive_gpio0_enable_output
                0x0000000020405fce       0x52 /mnt/f/ubuntu-ws/freedom-e-sdk/bsp/qemu-sifive-s51/install/lib/debug//libmetal.a(sifive_gpio0.o)
                0x0000000020405fce                __metal_driver_sifive_gpio0_enable_output
 .text.__metal_driver_sifive_gpio0_output_set
                0x0000000020406020       0x52 /mnt/f/ubuntu-ws/freedom-e-sdk/bsp/qemu-sifive-s51/install/lib/debug//libmetal.a(sifive_gpio0.o)
                0x0000000020406020                __metal_driver_sifive_gpio0_output_set
 .text.__metal_driver_sifive_gpio0_output_clear
                0x0000000020406072       0x58 /mnt/f/ubuntu-ws/freedom-e-sdk/bsp/qemu-sifive-s51/install/lib/debug//libmetal.a(sifive_gpio0.o)
                0x0000000020406072                __metal_driver_sifive_gpio0_output_clear
 .text.__metal_driver_sifive_gpio0_output_toggle
                0x00000000204060ca       0x52 /mnt/f/ubuntu-ws/freedom-e-sdk/bsp/qemu-sifive-s51/install/lib/debug//libmetal.a(sifive_gpio0.o)
                0x00000000204060ca                __metal_driver_sifive_gpio0_output_toggle
 .text.__metal_driver_sifive_gpio0_enable_io
                0x000000002040611c       0x86 /mnt/f/ubuntu-ws/freedom-e-sdk/bsp/qemu-sifive-s51/install/lib/debug//libmetal.a(sifive_gpio0.o)
                0x000000002040611c                __metal_driver_sifive_gpio0_enable_io
 .text.__metal_driver_sifive_gpio0_disable_io
                0x00000000204061a2       0x5c /mnt/f/ubuntu-ws/freedom-e-sdk/bsp/qemu-sifive-s51/install/lib/debug//libmetal.a(sifive_gpio0.o)
                0x00000000204061a2                __metal_driver_sifive_gpio0_disable_io
 .text.__metal_driver_sifive_gpio0_config_int
                0x00000000204061fe      0x33a /mnt/f/ubuntu-ws/freedom-e-sdk/bsp/qemu-sifive-s51/install/lib/debug//libmetal.a(sifive_gpio0.o)
                0x00000000204061fe                __metal_driver_sifive_gpio0_config_int
 .text.__metal_driver_sifive_gpio0_clear_int
                0x0000000020406538      0x274 /mnt/f/ubuntu-ws/freedom-e-sdk/bsp/qemu-sifive-s51/install/lib/debug//libmetal.a(sifive_gpio0.o)
                0x0000000020406538                __metal_driver_sifive_gpio0_clear_int
 .text.__metal_driver_gpio_interrupt_controller
                0x00000000204067ac       0x20 /mnt/f/ubuntu-ws/freedom-e-sdk/bsp/qemu-sifive-s51/install/lib/debug//libmetal.a(sifive_gpio0.o)
                0x00000000204067ac                __metal_driver_gpio_interrupt_controller
 .text.__metal_driver_gpio_get_interrupt_id
                0x00000000204067cc       0x34 /mnt/f/ubuntu-ws/freedom-e-sdk/bsp/qemu-sifive-s51/install/lib/debug//libmetal.a(sifive_gpio0.o)
                0x00000000204067cc                __metal_driver_gpio_get_interrupt_id
 .text.__metal_driver_sifive_test0_base
                0x0000000020406800       0x26 /mnt/f/ubuntu-ws/freedom-e-sdk/bsp/qemu-sifive-s51/install/lib/debug//libmetal.a(sifive_test0.o)
 .text.__metal_driver_sifive_test0_exit
                0x0000000020406826       0x56 /mnt/f/ubuntu-ws/freedom-e-sdk/bsp/qemu-sifive-s51/install/lib/debug//libmetal.a(sifive_test0.o)
                0x0000000020406826                __metal_driver_sifive_test0_exit
 .text.__metal_driver_sifive_uart0_control_base
                0x000000002040687c       0x2a /mnt/f/ubuntu-ws/freedom-e-sdk/bsp/qemu-sifive-s51/install/lib/debug//libmetal.a(sifive_uart0.o)
 .text.__metal_driver_sifive_uart0_interrupt_parent
                0x00000000204068a6       0x2e /mnt/f/ubuntu-ws/freedom-e-sdk/bsp/qemu-sifive-s51/install/lib/debug//libmetal.a(sifive_uart0.o)
 .text.__metal_driver_sifive_uart0_interrupt_line
                0x00000000204068d4       0x28 /mnt/f/ubuntu-ws/freedom-e-sdk/bsp/qemu-sifive-s51/install/lib/debug//libmetal.a(sifive_uart0.o)
 .text.__metal_driver_sifive_uart0_clock
                0x00000000204068fc       0x2e /mnt/f/ubuntu-ws/freedom-e-sdk/bsp/qemu-sifive-s51/install/lib/debug//libmetal.a(sifive_uart0.o)
 .text.__metal_driver_sifive_uart0_pinmux
                0x000000002040692a       0x2a /mnt/f/ubuntu-ws/freedom-e-sdk/bsp/qemu-sifive-s51/install/lib/debug//libmetal.a(sifive_uart0.o)
 .text.__metal_driver_sifive_uart0_pinmux_output_selector
                0x0000000020406954       0x28 /mnt/f/ubuntu-ws/freedom-e-sdk/bsp/qemu-sifive-s51/install/lib/debug//libmetal.a(sifive_uart0.o)
 .text.__metal_driver_sifive_uart0_pinmux_source_selector
                0x000000002040697c       0x2a /mnt/f/ubuntu-ws/freedom-e-sdk/bsp/qemu-sifive-s51/install/lib/debug//libmetal.a(sifive_uart0.o)
 .text.__metal_driver_sifive_uart0_interrupt_controller
                0x00000000204069a6       0x20 /mnt/f/ubuntu-ws/freedom-e-sdk/bsp/qemu-sifive-s51/install/lib/debug//libmetal.a(sifive_uart0.o)
                0x00000000204069a6                __metal_driver_sifive_uart0_interrupt_controller
 .text.__metal_driver_sifive_uart0_get_interrupt_id
                0x00000000204069c6       0x20 /mnt/f/ubuntu-ws/freedom-e-sdk/bsp/qemu-sifive-s51/install/lib/debug//libmetal.a(sifive_uart0.o)
                0x00000000204069c6                __metal_driver_sifive_uart0_get_interrupt_id
 .text.__metal_driver_sifive_uart0_tx_interrupt_enable
                0x00000000204069e6       0x44 /mnt/f/ubuntu-ws/freedom-e-sdk/bsp/qemu-sifive-s51/install/lib/debug//libmetal.a(sifive_uart0.o)
                0x00000000204069e6                __metal_driver_sifive_uart0_tx_interrupt_enable
 .text.__metal_driver_sifive_uart0_tx_interrupt_disable
                0x0000000020406a2a       0x42 /mnt/f/ubuntu-ws/freedom-e-sdk/bsp/qemu-sifive-s51/install/lib/debug//libmetal.a(sifive_uart0.o)
                0x0000000020406a2a                __metal_driver_sifive_uart0_tx_interrupt_disable
 .text.__metal_driver_sifive_uart0_rx_interrupt_enable
                0x0000000020406a6c       0x44 /mnt/f/ubuntu-ws/freedom-e-sdk/bsp/qemu-sifive-s51/install/lib/debug//libmetal.a(sifive_uart0.o)
                0x0000000020406a6c                __metal_driver_sifive_uart0_rx_interrupt_enable
 .text.__metal_driver_sifive_uart0_rx_interrupt_disable
                0x0000000020406ab0       0x42 /mnt/f/ubuntu-ws/freedom-e-sdk/bsp/qemu-sifive-s51/install/lib/debug//libmetal.a(sifive_uart0.o)
                0x0000000020406ab0                __metal_driver_sifive_uart0_rx_interrupt_disable
 .text.__metal_driver_sifive_uart0_txready
                0x0000000020406af2       0x38 /mnt/f/ubuntu-ws/freedom-e-sdk/bsp/qemu-sifive-s51/install/lib/debug//libmetal.a(sifive_uart0.o)
                0x0000000020406af2                __metal_driver_sifive_uart0_txready
 .text.__metal_driver_sifive_uart0_set_tx_watermark
                0x0000000020406b2a       0x5e /mnt/f/ubuntu-ws/freedom-e-sdk/bsp/qemu-sifive-s51/install/lib/debug//libmetal.a(sifive_uart0.o)
                0x0000000020406b2a                __metal_driver_sifive_uart0_set_tx_watermark
 .text.__metal_driver_sifive_uart0_get_tx_watermark
                0x0000000020406b88       0x3a /mnt/f/ubuntu-ws/freedom-e-sdk/bsp/qemu-sifive-s51/install/lib/debug//libmetal.a(sifive_uart0.o)
                0x0000000020406b88                __metal_driver_sifive_uart0_get_tx_watermark
 .text.__metal_driver_sifive_uart0_set_rx_watermark
                0x0000000020406bc2       0x5e /mnt/f/ubuntu-ws/freedom-e-sdk/bsp/qemu-sifive-s51/install/lib/debug//libmetal.a(sifive_uart0.o)
                0x0000000020406bc2                __metal_driver_sifive_uart0_set_rx_watermark
 .text.__metal_driver_sifive_uart0_get_rx_watermark
                0x0000000020406c20       0x3a /mnt/f/ubuntu-ws/freedom-e-sdk/bsp/qemu-sifive-s51/install/lib/debug//libmetal.a(sifive_uart0.o)
                0x0000000020406c20                __metal_driver_sifive_uart0_get_rx_watermark
 .text.__metal_driver_sifive_uart0_putc
                0x0000000020406c5a       0x44 /mnt/f/ubuntu-ws/freedom-e-sdk/bsp/qemu-sifive-s51/install/lib/debug//libmetal.a(sifive_uart0.o)
                0x0000000020406c5a                __metal_driver_sifive_uart0_putc
 .text.__metal_driver_sifive_uart0_getc
                0x0000000020406c9e       0x5a /mnt/f/ubuntu-ws/freedom-e-sdk/bsp/qemu-sifive-s51/install/lib/debug//libmetal.a(sifive_uart0.o)
                0x0000000020406c9e                __metal_driver_sifive_uart0_getc
 .text.__metal_driver_sifive_uart0_get_baud_rate
                0x0000000020406cf8       0x22 /mnt/f/ubuntu-ws/freedom-e-sdk/bsp/qemu-sifive-s51/install/lib/debug//libmetal.a(sifive_uart0.o)
                0x0000000020406cf8                __metal_driver_sifive_uart0_get_baud_rate
 .text.__metal_driver_sifive_uart0_set_baud_rate
                0x0000000020406d1a       0xb8 /mnt/f/ubuntu-ws/freedom-e-sdk/bsp/qemu-sifive-s51/install/lib/debug//libmetal.a(sifive_uart0.o)
                0x0000000020406d1a                __metal_driver_sifive_uart0_set_baud_rate
 .text.pre_rate_change_callback_func
                0x0000000020406dd2       0xec /mnt/f/ubuntu-ws/freedom-e-sdk/bsp/qemu-sifive-s51/install/lib/debug//libmetal.a(sifive_uart0.o)
 .text.post_rate_change_callback_func
                0x0000000020406ebe       0x32 /mnt/f/ubuntu-ws/freedom-e-sdk/bsp/qemu-sifive-s51/install/lib/debug//libmetal.a(sifive_uart0.o)
 .text.__metal_driver_sifive_uart0_init
                0x0000000020406ef0       0xdc /mnt/f/ubuntu-ws/freedom-e-sdk/bsp/qemu-sifive-s51/install/lib/debug//libmetal.a(sifive_uart0.o)
                0x0000000020406ef0                __metal_driver_sifive_uart0_init
 .text._metal_clock_call_all_callbacks
                0x0000000020406fcc       0x40 /mnt/f/ubuntu-ws/freedom-e-sdk/bsp/qemu-sifive-s51/install/lib/debug//libmetal.a(clock.o)
                0x0000000020406fcc                _metal_clock_call_all_callbacks
 .text._metal_clock_append_to_callbacks
                0x000000002040700c       0x54 /mnt/f/ubuntu-ws/freedom-e-sdk/bsp/qemu-sifive-s51/install/lib/debug//libmetal.a(clock.o)
                0x000000002040700c                _metal_clock_append_to_callbacks
 .text.metal_clock_get_rate_hz
                0x0000000020407060       0x26 /mnt/f/ubuntu-ws/freedom-e-sdk/bsp/qemu-sifive-s51/install/lib/debug//libmetal.a(clock.o)
                0x0000000020407060                metal_clock_get_rate_hz
 .text.metal_clock_set_rate_hz
                0x0000000020407086       0x4c /mnt/f/ubuntu-ws/freedom-e-sdk/bsp/qemu-sifive-s51/install/lib/debug//libmetal.a(clock.o)
                0x0000000020407086                metal_clock_set_rate_hz
 .text.metal_clock_register_pre_rate_change_callback
                0x00000000204070d2       0x32 /mnt/f/ubuntu-ws/freedom-e-sdk/bsp/qemu-sifive-s51/install/lib/debug//libmetal.a(clock.o)
                0x00000000204070d2                metal_clock_register_pre_rate_change_callback
 .text.metal_clock_register_post_rate_change_callback
                0x0000000020407104       0x32 /mnt/f/ubuntu-ws/freedom-e-sdk/bsp/qemu-sifive-s51/install/lib/debug//libmetal.a(clock.o)
                0x0000000020407104                metal_clock_register_post_rate_change_callback
 .text.metal_cpu_interrupt_controller
                0x0000000020407136       0x26 /mnt/f/ubuntu-ws/freedom-e-sdk/bsp/qemu-sifive-s51/install/lib/debug//libmetal.a(cpu.o)
                0x0000000020407136                metal_cpu_interrupt_controller
 .text.metal_cpu_get
                0x000000002040715c       0x32 /mnt/f/ubuntu-ws/freedom-e-sdk/bsp/qemu-sifive-s51/install/lib/debug//libmetal.a(cpu.o)
                0x000000002040715c                metal_cpu_get
 .text.metal_cpu_get_current_hartid
                0x000000002040718e       0x1a /mnt/f/ubuntu-ws/freedom-e-sdk/bsp/qemu-sifive-s51/install/lib/debug//libmetal.a(cpu.o)
                0x000000002040718e                metal_cpu_get_current_hartid
 .text.__metal_shutdown_exit
                0x00000000204071a8       0x26 /mnt/f/ubuntu-ws/freedom-e-sdk/bsp/qemu-sifive-s51/install/lib/debug//libmetal.a(shutdown.o)
                0x00000000204071a8                __metal_shutdown_exit
 .text.metal_shutdown
                0x00000000204071ce       0x1c /mnt/f/ubuntu-ws/freedom-e-sdk/bsp/qemu-sifive-s51/install/lib/debug//libmetal.a(shutdown.o)
                0x00000000204071ce                metal_shutdown
 .text.metal_uart_init
                0x00000000204071ea       0x30 /mnt/f/ubuntu-ws/freedom-e-sdk/bsp/qemu-sifive-s51/install/lib/debug//libmetal.a(uart.o)
                0x00000000204071ea                metal_uart_init
 .text.metal_uart_putc
                0x000000002040721a       0x32 /mnt/f/ubuntu-ws/freedom-e-sdk/bsp/qemu-sifive-s51/install/lib/debug//libmetal.a(uart.o)
                0x000000002040721a                metal_uart_putc
 .text.metal_uart_set_baud_rate
                0x000000002040724c       0x32 /mnt/f/ubuntu-ws/freedom-e-sdk/bsp/qemu-sifive-s51/install/lib/debug//libmetal.a(uart.o)
                0x000000002040724c                metal_uart_set_baud_rate
 *fill*         0x000000002040727e       0x82 
 .text          0x0000000020407300      0x100 /mnt/f/ubuntu-ws/freedom-e-sdk/bsp/qemu-sifive-s51/install/lib/debug//libmetal.a(vector.o)
                0x0000000020407300                __metal_vector_table
 .text.__metal_driver_fixed_clock_rate
                0x0000000020407400       0x62 /mnt/f/ubuntu-ws/freedom-e-sdk/bsp/qemu-sifive-s51/install/lib/debug//libmetal.a(fixed-clock.o)
 .text.__metal_driver_fixed_clock_get_rate_hz
                0x0000000020407462       0x20 /mnt/f/ubuntu-ws/freedom-e-sdk/bsp/qemu-sifive-s51/install/lib/debug//libmetal.a(fixed-clock.o)
                0x0000000020407462                __metal_driver_fixed_clock_get_rate_hz
 .text.__metal_driver_fixed_clock_set_rate_hz
                0x0000000020407482       0x24 /mnt/f/ubuntu-ws/freedom-e-sdk/bsp/qemu-sifive-s51/install/lib/debug//libmetal.a(fixed-clock.o)
                0x0000000020407482                __metal_driver_fixed_clock_set_rate_hz
 .text._close   0x00000000204074a6       0x26 /mnt/f/ubuntu-ws/freedom-e-sdk/bsp/qemu-sifive-s51/install/lib/debug//libmetal-gloss.a(sys_close.o)
                0x00000000204074a6                _close
 .text._fstat   0x00000000204074cc       0x2a /mnt/f/ubuntu-ws/freedom-e-sdk/bsp/qemu-sifive-s51/install/lib/debug//libmetal-gloss.a(sys_fstat.o)
                0x00000000204074cc                _fstat
 .text._isatty  0x00000000204074f6       0x2c /mnt/f/ubuntu-ws/freedom-e-sdk/bsp/qemu-sifive-s51/install/lib/debug//libmetal-gloss.a(sys_isatty.o)
                0x00000000204074f6                _isatty
 .text._lseek   0x0000000020407522       0x32 /mnt/f/ubuntu-ws/freedom-e-sdk/bsp/qemu-sifive-s51/install/lib/debug//libmetal-gloss.a(sys_lseek.o)
                0x0000000020407522                _lseek
 .text._read    0x0000000020407554       0x2e /mnt/f/ubuntu-ws/freedom-e-sdk/bsp/qemu-sifive-s51/install/lib/debug//libmetal-gloss.a(sys_read.o)
                0x0000000020407554                _read
 .text._sbrk    0x0000000020407582       0x78 /mnt/f/ubuntu-ws/freedom-e-sdk/bsp/qemu-sifive-s51/install/lib/debug//libmetal-gloss.a(sys_sbrk.o)
                0x0000000020407582                _sbrk
 .text._write   0x00000000204075fa       0x7a /mnt/f/ubuntu-ws/freedom-e-sdk/bsp/qemu-sifive-s51/install/lib/debug//libmetal-gloss.a(sys_write.o)
                0x00000000204075fa                write
                0x00000000204075fa                _write
 .text.atexit   0x0000000020407674        0xa /mnt/f/ubuntu-ws/tools/riscv64-unknown-elf-gcc-8.3.0-2020.04.0/bin/../lib/gcc/riscv64-unknown-elf/8.3.0/../../../../riscv64-unknown-elf/lib/rv64imac/lp64/libc_nano.a(lib_a-atexit.o)
                0x0000000020407674                atexit
 .text.__errno  0x000000002040767e        0xc /mnt/f/ubuntu-ws/tools/riscv64-unknown-elf-gcc-8.3.0-2020.04.0/bin/../lib/gcc/riscv64-unknown-elf/8.3.0/../../../../riscv64-unknown-elf/lib/rv64imac/lp64/libc_nano.a(lib_a-errno.o)
                0x000000002040767e                __errno
 .text.exit     0x000000002040768a       0x2a /mnt/f/ubuntu-ws/tools/riscv64-unknown-elf-gcc-8.3.0-2020.04.0/bin/../lib/gcc/riscv64-unknown-elf/8.3.0/../../../../riscv64-unknown-elf/lib/rv64imac/lp64/libc_nano.a(lib_a-exit.o)
                0x000000002040768a                exit
 .text.__libc_fini_array
                0x00000000204076b4       0x38 /mnt/f/ubuntu-ws/tools/riscv64-unknown-elf-gcc-8.3.0-2020.04.0/bin/../lib/gcc/riscv64-unknown-elf/8.3.0/../../../../riscv64-unknown-elf/lib/rv64imac/lp64/libc_nano.a(lib_a-fini.o)
                0x00000000204076b4                __libc_fini_array
 .text.__libc_init_array
                0x00000000204076ec       0x6a /mnt/f/ubuntu-ws/tools/riscv64-unknown-elf-gcc-8.3.0-2020.04.0/bin/../lib/gcc/riscv64-unknown-elf/8.3.0/../../../../riscv64-unknown-elf/lib/rv64imac/lp64/libc_nano.a(lib_a-init.o)
                0x00000000204076ec                __libc_init_array
 .text.__register_exitproc
                0x0000000020407756       0x8a /mnt/f/ubuntu-ws/tools/riscv64-unknown-elf-gcc-8.3.0-2020.04.0/bin/../lib/gcc/riscv64-unknown-elf/8.3.0/../../../../riscv64-unknown-elf/lib/rv64imac/lp64/libc_nano.a(lib_a-__atexit.o)
                0x0000000020407756                __register_exitproc
 .text.__call_exitprocs
                0x00000000204077e0       0xc6 /mnt/f/ubuntu-ws/tools/riscv64-unknown-elf-gcc-8.3.0-2020.04.0/bin/../lib/gcc/riscv64-unknown-elf/8.3.0/../../../../riscv64-unknown-elf/lib/rv64imac/lp64/libc_nano.a(lib_a-__call_atexit.o)
                0x00000000204077e0                __call_exitprocs
 .text.metal_init
                0x00000000204078a6       0x7c /mnt/f/ubuntu-ws/freedom-e-sdk/bsp/qemu-sifive-s51/install/lib/debug//libmetal.a(init.o)
                0x00000000204078a6                metal_init
 .text.metal_fini
                0x0000000020407922       0x7c /mnt/f/ubuntu-ws/freedom-e-sdk/bsp/qemu-sifive-s51/install/lib/debug//libmetal.a(init.o)
                0x0000000020407922                metal_fini
 .text.metal_init_run
                0x000000002040799e       0x16 /mnt/f/ubuntu-ws/freedom-e-sdk/bsp/qemu-sifive-s51/install/lib/debug//libmetal.a(init.o)
                0x000000002040799e                metal_init_run
 .text.metal_fini_run
                0x00000000204079b4       0x16 /mnt/f/ubuntu-ws/freedom-e-sdk/bsp/qemu-sifive-s51/install/lib/debug//libmetal.a(init.o)
                0x00000000204079b4                metal_fini_run
 .text.metal_tty_putc
                0x00000000204079ca       0x2c /mnt/f/ubuntu-ws/freedom-e-sdk/bsp/qemu-sifive-s51/install/lib/debug//libmetal.a(tty.o)
                0x00000000204079ca                metal_tty_putc
 .text._exit    0x00000000204079f6       0x18 /mnt/f/ubuntu-ws/freedom-e-sdk/bsp/qemu-sifive-s51/install/lib/debug//libmetal-gloss.a(sys_exit.o)
                0x00000000204079f6                _exit
 *(.gnu.linkonce.t.*)

.rela.dyn       0x0000000020407a10        0x0
 .rela.text.main
                0x0000000020407a10        0x0 /tmp/ccshgBBh.o
 .rela.text._sbrk_r
                0x0000000020407a10        0x0 /tmp/ccshgBBh.o
 .rela.text._write_r
                0x0000000020407a10        0x0 /tmp/ccshgBBh.o
 .rela.text._close_r
                0x0000000020407a10        0x0 /tmp/ccshgBBh.o
 .rela.text._fstat_r
                0x0000000020407a10        0x0 /tmp/ccshgBBh.o
 .rela.text._isatty_r
                0x0000000020407a10        0x0 /tmp/ccshgBBh.o
 .rela.text._lseek_r
                0x0000000020407a10        0x0 /tmp/ccshgBBh.o
 .rela.text._read_r
                0x0000000020407a10        0x0 /tmp/ccshgBBh.o
 .rela.text.__metal_driver_cpu_get
                0x0000000020407a10        0x0 /tmp/ccshgBBh.o
 .rela.text.metal_software_interrupt_vector_handler
                0x0000000020407a10        0x0 /tmp/ccshgBBh.o
 .rela.text.__metal_default_sw_handler
                0x0000000020407a10        0x0 /tmp/ccshgBBh.o
 .rela.text.metal_timer_interrupt_vector_handler
                0x0000000020407a10        0x0 /tmp/ccshgBBh.o
 .rela.text.__metal_exception_handler
                0x0000000020407a10        0x0 /tmp/ccshgBBh.o
 .rela.text.metal_lc0_interrupt_vector_handler
                0x0000000020407a10        0x0 /tmp/ccshgBBh.o
 .rela.text.metal_lc1_interrupt_vector_handler
                0x0000000020407a10        0x0 /tmp/ccshgBBh.o
 .rela.text.metal_lc2_interrupt_vector_handler
                0x0000000020407a10        0x0 /tmp/ccshgBBh.o
 .rela.text.metal_lc3_interrupt_vector_handler
                0x0000000020407a10        0x0 /tmp/ccshgBBh.o
 .rela.text.metal_lc4_interrupt_vector_handler
                0x0000000020407a10        0x0 /tmp/ccshgBBh.o
 .rela.text.metal_lc5_interrupt_vector_handler
                0x0000000020407a10        0x0 /tmp/ccshgBBh.o
 .rela.text.metal_lc6_interrupt_vector_handler
                0x0000000020407a10        0x0 /tmp/ccshgBBh.o
 .rela.text.metal_lc7_interrupt_vector_handler
                0x0000000020407a10        0x0 /tmp/ccshgBBh.o
 .rela.text.metal_lc8_interrupt_vector_handler
                0x0000000020407a10        0x0 /tmp/ccshgBBh.o
 .rela.text.metal_lc9_interrupt_vector_handler
                0x0000000020407a10        0x0 /tmp/ccshgBBh.o
 .rela.text.metal_lc10_interrupt_vector_handler
                0x0000000020407a10        0x0 /tmp/ccshgBBh.o
 .rela.text.metal_lc11_interrupt_vector_handler
                0x0000000020407a10        0x0 /tmp/ccshgBBh.o
 .rela.text.metal_lc12_interrupt_vector_handler
                0x0000000020407a10        0x0 /tmp/ccshgBBh.o
 .rela.text.metal_lc13_interrupt_vector_handler
                0x0000000020407a10        0x0 /tmp/ccshgBBh.o
 .rela.text.metal_lc14_interrupt_vector_handler
                0x0000000020407a10        0x0 /tmp/ccshgBBh.o
 .rela.text.metal_lc15_interrupt_vector_handler
                0x0000000020407a10        0x0 /tmp/ccshgBBh.o
 .rela.text.metal_cpu_get
                0x0000000020407a10        0x0 /tmp/ccshgBBh.o
 .rela.text.metal.init.enter
                0x0000000020407a10        0x0 /tmp/ccshgBBh.o
 .rela.text.metal.init.scrub
                0x0000000020407a10        0x0 /tmp/ccshgBBh.o
 .rela.text     0x0000000020407a10        0x0 /tmp/ccshgBBh.o
 .rela.text.libgloss.start
                0x0000000020407a10        0x0 /tmp/ccshgBBh.o
 .rela.sdata.__brk
                0x0000000020407a10        0x0 /tmp/ccshgBBh.o
 .rela.text._sbrk
                0x0000000020407a10        0x0 /tmp/ccshgBBh.o
 .rela.text.__libc_fini_array
                0x0000000020407a10        0x0 /tmp/ccshgBBh.o
 .rela.text.__libc_init_array
                0x0000000020407a10        0x0 /tmp/ccshgBBh.o
 .rela.text.__register_exitproc
                0x0000000020407a10        0x0 /tmp/ccshgBBh.o
 .rela.text.metal_init
                0x0000000020407a10        0x0 /tmp/ccshgBBh.o
 .rela.text.metal_fini
                0x0000000020407a10        0x0 /tmp/ccshgBBh.o

.data           0x0000000080000000      0xbb8 load address 0x0000000020407a10
 *(.data .data.*)
 .data.impure_data
                0x0000000080000000       0xb0 /mnt/f/ubuntu-ws/tools/riscv64-unknown-elf-gcc-8.3.0-2020.04.0/bin/../lib/gcc/riscv64-unknown-elf/8.3.0/../../../../riscv64-unknown-elf/lib/rv64imac/lp64/libc_nano.a(lib_a-impure.o)
 .data.__metal_dt_clock_0
                0x00000000800000b0       0x18 /mnt/f/ubuntu-ws/freedom-e-sdk/bsp/qemu-sifive-s51/install/lib/debug//libmetal.a(inline.o)
                0x00000000800000b0                __metal_dt_clock_0
 .data.__metal_dt_clock_2
                0x00000000800000c8       0x18 /mnt/f/ubuntu-ws/freedom-e-sdk/bsp/qemu-sifive-s51/install/lib/debug//libmetal.a(inline.o)
                0x00000000800000c8                __metal_dt_clock_2
 .data.__metal_dt_clock_5
                0x00000000800000e0       0x18 /mnt/f/ubuntu-ws/freedom-e-sdk/bsp/qemu-sifive-s51/install/lib/debug//libmetal.a(inline.o)
                0x00000000800000e0                __metal_dt_clock_5
 .data.__metal_dt_clint_2000000
                0x00000000800000f8       0x10 /mnt/f/ubuntu-ws/freedom-e-sdk/bsp/qemu-sifive-s51/install/lib/debug//libmetal.a(inline.o)
                0x00000000800000f8                __metal_dt_clint_2000000
 .data.__metal_dt_cpu_0
                0x0000000080000108       0x10 /mnt/f/ubuntu-ws/freedom-e-sdk/bsp/qemu-sifive-s51/install/lib/debug//libmetal.a(inline.o)
                0x0000000080000108                __metal_dt_cpu_0
 .data.__metal_dt_cpu_0_interrupt_controller
                0x0000000080000118      0x590 /mnt/f/ubuntu-ws/freedom-e-sdk/bsp/qemu-sifive-s51/install/lib/debug//libmetal.a(inline.o)
                0x0000000080000118                __metal_dt_cpu_0_interrupt_controller
 .data.__metal_dt_interrupt_controller_c000000
                0x00000000800006a8      0x448 /mnt/f/ubuntu-ws/freedom-e-sdk/bsp/qemu-sifive-s51/install/lib/debug//libmetal.a(inline.o)
                0x00000000800006a8                __metal_dt_interrupt_controller_c000000
 .data.__metal_dt_serial_10013000
                0x0000000080000af0       0x40 /mnt/f/ubuntu-ws/freedom-e-sdk/bsp/qemu-sifive-s51/install/lib/debug//libmetal.a(inline.o)
                0x0000000080000af0                __metal_dt_serial_10013000
 .data.__metal_dt_clock_3
                0x0000000080000b30       0x18 /mnt/f/ubuntu-ws/freedom-e-sdk/bsp/qemu-sifive-s51/install/lib/debug//libmetal.a(inline.o)
                0x0000000080000b30                __metal_dt_clock_3
 .data.__metal_dt_clock_1
                0x0000000080000b48       0x18 /mnt/f/ubuntu-ws/freedom-e-sdk/bsp/qemu-sifive-s51/install/lib/debug//libmetal.a(inline.o)
                0x0000000080000b48                __metal_dt_clock_1
 .data.__metal_dt_clock_4
                0x0000000080000b60       0x18 /mnt/f/ubuntu-ws/freedom-e-sdk/bsp/qemu-sifive-s51/install/lib/debug//libmetal.a(inline.o)
                0x0000000080000b60                __metal_dt_clock_4
 *(.gnu.linkonce.d.*)
                0x0000000080000b78                . = ALIGN (0x8)
                0x0000000080001378                PROVIDE (__global_pointer$ = (. + 0x800))
 *(.sdata .sdata.* .sdata2.*)
 .sdata.__metal_cpu_table
                0x0000000080000b78        0x8 /tmp/ccshgBBh.o
                0x0000000080000b78                __metal_cpu_table
 .sdata._impure_ptr
                0x0000000080000b80        0x8 /mnt/f/ubuntu-ws/tools/riscv64-unknown-elf-gcc-8.3.0-2020.04.0/bin/../lib/gcc/riscv64-unknown-elf/8.3.0/../../../../riscv64-unknown-elf/lib/rv64imac/lp64/libc_nano.a(lib_a-impure.o)
                0x0000000080000b80                _impure_ptr
 .sdata2._global_impure_ptr
                0x0000000080000b88        0x8 /mnt/f/ubuntu-ws/tools/riscv64-unknown-elf-gcc-8.3.0-2020.04.0/bin/../lib/gcc/riscv64-unknown-elf/8.3.0/../../../../riscv64-unknown-elf/lib/rv64imac/lp64/libc_nano.a(lib_a-impure.o)
                0x0000000080000b88                _global_impure_ptr
 .sdata.__metal_dt_gpio_10012000
                0x0000000080000b90        0x8 /mnt/f/ubuntu-ws/freedom-e-sdk/bsp/qemu-sifive-s51/install/lib/debug//libmetal.a(inline.o)
                0x0000000080000b90                __metal_dt_gpio_10012000
 .sdata.__metal_dt_test_100000
                0x0000000080000b98        0x8 /mnt/f/ubuntu-ws/freedom-e-sdk/bsp/qemu-sifive-s51/install/lib/debug//libmetal.a(inline.o)
                0x0000000080000b98                __metal_dt_test_100000
 .sdata.__metal_dt_prci_10008000
                0x0000000080000ba0        0x8 /mnt/f/ubuntu-ws/freedom-e-sdk/bsp/qemu-sifive-s51/install/lib/debug//libmetal.a(inline.o)
                0x0000000080000ba0                __metal_dt_prci_10008000
 .sdata2.__metal_driver_vtable_sifive_test0
                0x0000000080000ba8        0x8 /mnt/f/ubuntu-ws/freedom-e-sdk/bsp/qemu-sifive-s51/install/lib/debug//libmetal.a(sifive_test0.o)
                0x0000000080000ba8                __metal_driver_vtable_sifive_test0
 .sdata.__brk   0x0000000080000bb0        0x8 /mnt/f/ubuntu-ws/freedom-e-sdk/bsp/qemu-sifive-s51/install/lib/debug//libmetal-gloss.a(sys_sbrk.o)
 *(.gnu.linkonce.s.*)

.tdata          0x0000000080000bb8        0x0 load address 0x00000000204085c8
                0x0000000080000bb8                PROVIDE (__tls_base = .)
 *(.tdata .tdata.* .gnu.linkonce.td.*)
                [!provide]                        PROVIDE (__tdata_source = LOADADDR (.tdata))
                [!provide]                        PROVIDE (__tdata_size = SIZEOF (.tdata))
                0x0000000020407a10                PROVIDE (metal_segment_data_source_start = LOADADDR (.data))
                0x0000000080000000                PROVIDE (metal_segment_data_target_start = ADDR (.data))
                0x0000000080000bb8                PROVIDE (metal_segment_data_target_end = (ADDR (.tdata) + SIZEOF (.tdata)))

.tbss           0x0000000080000bb8        0x0
 *(.tbss .tbss.* .gnu.linkonce.tb.*)
 *(.tcommon .tcommon.*)
                [!provide]                        PROVIDE (__tls_end = .)
                0x0000000000000000                PROVIDE (__tbss_size = SIZEOF (.tbss))
                [!provide]                        PROVIDE (__tls_size = (__tls_end - __tls_base))

.tbss_space     0x0000000080000bb8        0x0
                0x0000000080000bb8                . = (. + __tbss_size)

.bss            0x0000000080000bb8      0x13c
 *(.sbss*)
 .sbss.__malloc_free_list
                0x0000000080000bb8        0x8 /mnt/f/ubuntu-ws/tools/riscv64-unknown-elf-gcc-8.3.0-2020.04.0/bin/../lib/gcc/riscv64-unknown-elf/8.3.0/../../../../riscv64-unknown-elf/lib/rv64imac/lp64/libc_nano.a(lib_a-nano-mallocr.o)
                0x0000000080000bb8                __malloc_free_list
 .sbss.__malloc_sbrk_start
                0x0000000080000bc0        0x8 /mnt/f/ubuntu-ws/tools/riscv64-unknown-elf-gcc-8.3.0-2020.04.0/bin/../lib/gcc/riscv64-unknown-elf/8.3.0/../../../../riscv64-unknown-elf/lib/rv64imac/lp64/libc_nano.a(lib_a-nano-mallocr.o)
                0x0000000080000bc0                __malloc_sbrk_start
 .sbss._global_atexit
                0x0000000080000bc8        0x8 /mnt/f/ubuntu-ws/tools/riscv64-unknown-elf-gcc-8.3.0-2020.04.0/bin/../lib/gcc/riscv64-unknown-elf/8.3.0/../../../../riscv64-unknown-elf/lib/rv64imac/lp64/libc_nano.a(lib_a-__call_atexit.o)
                0x0000000080000bc8                _global_atexit
 .sbss.init_done.1565
                0x0000000080000bd0        0x4 /mnt/f/ubuntu-ws/freedom-e-sdk/bsp/qemu-sifive-s51/install/lib/debug//libmetal.a(init.o)
 .sbss.fini_done.1574
                0x0000000080000bd4        0x4 /mnt/f/ubuntu-ws/freedom-e-sdk/bsp/qemu-sifive-s51/install/lib/debug//libmetal.a(init.o)
 *(.gnu.linkonce.sb.*)
 *(.bss .bss.*)
 .bss._global_atexit0
                0x0000000080000bd8      0x118 /mnt/f/ubuntu-ws/tools/riscv64-unknown-elf-gcc-8.3.0-2020.04.0/bin/../lib/gcc/riscv64-unknown-elf/8.3.0/../../../../riscv64-unknown-elf/lib/rv64imac/lp64/libc_nano.a(lib_a-__atexit.o)
 *(.gnu.linkonce.b.*)
 *(COMMON)
 COMMON         0x0000000080000cf0        0x4 /mnt/f/ubuntu-ws/tools/riscv64-unknown-elf-gcc-8.3.0-2020.04.0/bin/../lib/gcc/riscv64-unknown-elf/8.3.0/../../../../riscv64-unknown-elf/lib/rv64imac/lp64/libc_nano.a(lib_a-reent.o)
                0x0000000080000cf0                errno
                [!provide]                        PROVIDE (metal_segment_bss_source_start = LOADADDR (.tbss))
                0x0000000080000bb8                PROVIDE (metal_segment_bss_target_start = ADDR (.tbss))
                0x0000000080000cf4                PROVIDE (metal_segment_bss_target_end = (ADDR (.bss) + SIZEOF (.bss)))

.stack          0x0000000080000d00      0x400
                [!provide]                        PROVIDE (metal_segment_stack_begin = .)
                0x0000000080001100                . = (. + __stack_size)
 *fill*         0x0000000080000d00      0x400 
                0x0000000080001100                PROVIDE (_sp = .)
                [!provide]                        PROVIDE (metal_segment_stack_end = .)

.heap           0x0000000080001100      0x800
                [!provide]                        PROVIDE (__end = .)
                [!provide]                        PROVIDE (__heap_start = .)
                0x0000000080001100                PROVIDE (metal_segment_heap_target_start = .)
                0x0000000000000800                . = DEFINED (__heap_max)?MIN ((LENGTH (ram) - (. - ORIGIN (ram))), 0x10000000):__heap_size
 *fill*         0x0000000080001100      0x800 
                0x0000000080001900                PROVIDE (metal_segment_heap_target_end = .)
                [!provide]                        PROVIDE (_heap_end = .)
                [!provide]                        PROVIDE (__heap_end = .)

/DISCARD/
 *(.eh_frame .eh_frame.*)
OUTPUT(example_mydriver elf64-littleriscv)

.debug_info     0x0000000000000000    0x2c453
 .debug_info    0x0000000000000000     0x27c3 /tmp/ccshgBBh.o
 .debug_info    0x00000000000027c3     0x20b0 /mnt/f/ubuntu-ws/freedom-e-sdk/bsp/qemu-sifive-s51/install/lib/debug//libmetal.a(inline.o)
 .debug_info    0x0000000000004873     0x2661 /mnt/f/ubuntu-ws/freedom-e-sdk/bsp/qemu-sifive-s51/install/lib/debug//libmetal.a(riscv_clint0.o)
 .debug_info    0x0000000000006ed4     0x3687 /mnt/f/ubuntu-ws/freedom-e-sdk/bsp/qemu-sifive-s51/install/lib/debug//libmetal.a(riscv_cpu.o)
 .debug_info    0x000000000000a55b     0x2797 /mnt/f/ubuntu-ws/freedom-e-sdk/bsp/qemu-sifive-s51/install/lib/debug//libmetal.a(riscv_plic0.o)
 .debug_info    0x000000000000ccf2     0x207a /mnt/f/ubuntu-ws/freedom-e-sdk/bsp/qemu-sifive-s51/install/lib/debug//libmetal.a(sifive_fe310-g000_hfrosc.o)
 .debug_info    0x000000000000ed6c     0x207a /mnt/f/ubuntu-ws/freedom-e-sdk/bsp/qemu-sifive-s51/install/lib/debug//libmetal.a(sifive_fe310-g000_hfxosc.o)
 .debug_info    0x0000000000010de6     0x2e70 /mnt/f/ubuntu-ws/freedom-e-sdk/bsp/qemu-sifive-s51/install/lib/debug//libmetal.a(sifive_fe310-g000_pll.o)
 .debug_info    0x0000000000013c56     0x1fd8 /mnt/f/ubuntu-ws/freedom-e-sdk/bsp/qemu-sifive-s51/install/lib/debug//libmetal.a(sifive_fe310-g000_prci.o)
 .debug_info    0x0000000000015c2e     0x2453 /mnt/f/ubuntu-ws/freedom-e-sdk/bsp/qemu-sifive-s51/install/lib/debug//libmetal.a(sifive_gpio0.o)
 .debug_info    0x0000000000018081     0x1fab /mnt/f/ubuntu-ws/freedom-e-sdk/bsp/qemu-sifive-s51/install/lib/debug//libmetal.a(sifive_test0.o)
 .debug_info    0x000000000001a02c     0x2656 /mnt/f/ubuntu-ws/freedom-e-sdk/bsp/qemu-sifive-s51/install/lib/debug//libmetal.a(sifive_uart0.o)
 .debug_info    0x000000000001c682      0x2fb /mnt/f/ubuntu-ws/freedom-e-sdk/bsp/qemu-sifive-s51/install/lib/debug//libmetal.a(clock.o)
 .debug_info    0x000000000001c97d     0x233f /mnt/f/ubuntu-ws/freedom-e-sdk/bsp/qemu-sifive-s51/install/lib/debug//libmetal.a(cpu.o)