Archive member included to satisfy reference by file (symbol)

/mnt/f/ubuntu-ws/tools/riscv64-unknown-elf-gcc-8.3.0-2020.04.0/bin/../lib/gcc/riscv64-unknown-elf/8.3.0/../../../../riscv64-unknown-elf/lib/rv64imac/lp64/libc_nano.a(lib_a-printf.o)
                              /tmp/ccn9oeSL.o (printf)
/mnt/f/ubuntu-ws/tools/riscv64-unknown-elf-gcc-8.3.0-2020.04.0/bin/../lib/gcc/riscv64-unknown-elf/8.3.0/../../../../riscv64-unknown-elf/lib/rv64imac/lp64/libc_nano.a(lib_a-findfp.o)
                              /mnt/f/ubuntu-ws/tools/riscv64-unknown-elf-gcc-8.3.0-2020.04.0/bin/../lib/gcc/riscv64-unknown-elf/8.3.0/../../../../riscv64-unknown-elf/lib/rv64imac/lp64/libc_nano.a(lib_a-printf.o) (__sinit)
/mnt/f/ubuntu-ws/tools/riscv64-unknown-elf-gcc-8.3.0-2020.04.0/bin/../lib/gcc/riscv64-unknown-elf/8.3.0/../../../../riscv64-unknown-elf/lib/rv64imac/lp64/libc_nano.a(lib_a-fwalk.o)
                              /mnt/f/ubuntu-ws/tools/riscv64-unknown-elf-gcc-8.3.0-2020.04.0/bin/../lib/gcc/riscv64-unknown-elf/8.3.0/../../../../riscv64-unknown-elf/lib/rv64imac/lp64/libc_nano.a(lib_a-findfp.o) (_fwalk)
/mnt/f/ubuntu-ws/tools/riscv64-unknown-elf-gcc-8.3.0-2020.04.0/bin/../lib/gcc/riscv64-unknown-elf/8.3.0/../../../../riscv64-unknown-elf/lib/rv64imac/lp64/libc_nano.a(lib_a-impure.o)
                              /mnt/f/ubuntu-ws/tools/riscv64-unknown-elf-gcc-8.3.0-2020.04.0/bin/../lib/gcc/riscv64-unknown-elf/8.3.0/../../../../riscv64-unknown-elf/lib/rv64imac/lp64/libc_nano.a(lib_a-findfp.o) (_global_impure_ptr)
/mnt/f/ubuntu-ws/tools/riscv64-unknown-elf-gcc-8.3.0-2020.04.0/bin/../lib/gcc/riscv64-unknown-elf/8.3.0/../../../../riscv64-unknown-elf/lib/rv64imac/lp64/libc_nano.a(lib_a-memset.o)
                              /mnt/f/ubuntu-ws/tools/riscv64-unknown-elf-gcc-8.3.0-2020.04.0/bin/../lib/gcc/riscv64-unknown-elf/8.3.0/../../../../riscv64-unknown-elf/lib/rv64imac/lp64/libc_nano.a(lib_a-findfp.o) (memset)
/mnt/f/ubuntu-ws/tools/riscv64-unknown-elf-gcc-8.3.0-2020.04.0/bin/../lib/gcc/riscv64-unknown-elf/8.3.0/../../../../riscv64-unknown-elf/lib/rv64imac/lp64/libc_nano.a(lib_a-nano-mallocr.o)
                              /mnt/f/ubuntu-ws/tools/riscv64-unknown-elf-gcc-8.3.0-2020.04.0/bin/../lib/gcc/riscv64-unknown-elf/8.3.0/../../../../riscv64-unknown-elf/lib/rv64imac/lp64/libc_nano.a(lib_a-findfp.o) (_malloc_r)
/mnt/f/ubuntu-ws/tools/riscv64-unknown-elf-gcc-8.3.0-2020.04.0/bin/../lib/gcc/riscv64-unknown-elf/8.3.0/../../../../riscv64-unknown-elf/lib/rv64imac/lp64/libc_nano.a(lib_a-nano-vfprintf.o)
                              /mnt/f/ubuntu-ws/tools/riscv64-unknown-elf-gcc-8.3.0-2020.04.0/bin/../lib/gcc/riscv64-unknown-elf/8.3.0/../../../../riscv64-unknown-elf/lib/rv64imac/lp64/libc_nano.a(lib_a-printf.o) (_vfprintf_r)
/mnt/f/ubuntu-ws/tools/riscv64-unknown-elf-gcc-8.3.0-2020.04.0/bin/../lib/gcc/riscv64-unknown-elf/8.3.0/../../../../riscv64-unknown-elf/lib/rv64imac/lp64/libc_nano.a(lib_a-sbrkr.o)
                              /mnt/f/ubuntu-ws/tools/riscv64-unknown-elf-gcc-8.3.0-2020.04.0/bin/../lib/gcc/riscv64-unknown-elf/8.3.0/../../../../riscv64-unknown-elf/lib/rv64imac/lp64/libc_nano.a(lib_a-nano-mallocr.o) (_sbrk_r)
/mnt/f/ubuntu-ws/tools/riscv64-unknown-elf-gcc-8.3.0-2020.04.0/bin/../lib/gcc/riscv64-unknown-elf/8.3.0/../../../../riscv64-unknown-elf/lib/rv64imac/lp64/libc_nano.a(lib_a-stdio.o)
                              /mnt/f/ubuntu-ws/tools/riscv64-unknown-elf-gcc-8.3.0-2020.04.0/bin/../lib/gcc/riscv64-unknown-elf/8.3.0/../../../../riscv64-unknown-elf/lib/rv64imac/lp64/libc_nano.a(lib_a-findfp.o) (__sread)
/mnt/f/ubuntu-ws/tools/riscv64-unknown-elf-gcc-8.3.0-2020.04.0/bin/../lib/gcc/riscv64-unknown-elf/8.3.0/../../../../riscv64-unknown-elf/lib/rv64imac/lp64/libc_nano.a(lib_a-wbuf.o)
                              /mnt/f/ubuntu-ws/tools/riscv64-unknown-elf-gcc-8.3.0-2020.04.0/bin/../lib/gcc/riscv64-unknown-elf/8.3.0/../../../../riscv64-unknown-elf/lib/rv64imac/lp64/libc_nano.a(lib_a-nano-vfprintf.o) (__swbuf_r)
/mnt/f/ubuntu-ws/tools/riscv64-unknown-elf-gcc-8.3.0-2020.04.0/bin/../lib/gcc/riscv64-unknown-elf/8.3.0/../../../../riscv64-unknown-elf/lib/rv64imac/lp64/libc_nano.a(lib_a-writer.o)
                              /mnt/f/ubuntu-ws/tools/riscv64-unknown-elf-gcc-8.3.0-2020.04.0/bin/../lib/gcc/riscv64-unknown-elf/8.3.0/../../../../riscv64-unknown-elf/lib/rv64imac/lp64/libc_nano.a(lib_a-stdio.o) (_write_r)
/mnt/f/ubuntu-ws/tools/riscv64-unknown-elf-gcc-8.3.0-2020.04.0/bin/../lib/gcc/riscv64-unknown-elf/8.3.0/../../../../riscv64-unknown-elf/lib/rv64imac/lp64/libc_nano.a(lib_a-wsetup.o)
                              /mnt/f/ubuntu-ws/tools/riscv64-unknown-elf-gcc-8.3.0-2020.04.0/bin/../lib/gcc/riscv64-unknown-elf/8.3.0/../../../../riscv64-unknown-elf/lib/rv64imac/lp64/libc_nano.a(lib_a-nano-vfprintf.o) (__swsetup_r)
/mnt/f/ubuntu-ws/tools/riscv64-unknown-elf-gcc-8.3.0-2020.04.0/bin/../lib/gcc/riscv64-unknown-elf/8.3.0/../../../../riscv64-unknown-elf/lib/rv64imac/lp64/libc_nano.a(lib_a-closer.o)
[...]
Memory Configuration

Name             Origin             Length             Attributes
ram              0x0000000080000000 0x0000000000400000 axrwl
rom              0x0000000020400000 0x000000001fc00000 xrl !aw
*default*        0x0000000000000000 0xffffffffffffffff

Linker script and memory map

LOAD /tmp/ccn9oeSL.o
START GROUP
LOAD /mnt/f/ubuntu-ws/tools/riscv64-unknown-elf-gcc-8.3.0-2020.04.0/bin/../lib/gcc/riscv64-unknown-elf/8.3.0/../../../../riscv64-unknown-elf/lib/rv64imac/lp64/libc_nano.a
LOAD /mnt/f/ubuntu-ws/tools/riscv64-unknown-elf-gcc-8.3.0-2020.04.0/bin/../lib/gcc/riscv64-unknown-elf/8.3.0/rv64imac/lp64/libgcc.a
LOAD /mnt/f/ubuntu-ws/tools/riscv64-unknown-elf-gcc-8.3.0-2020.04.0/bin/../lib/gcc/riscv64-unknown-elf/8.3.0/../../../../riscv64-unknown-elf/lib/rv64imac/lp64/libm.a
LOAD /mnt/f/ubuntu-ws/freedom-e-sdk/bsp/qemu-sifive-s51/install/lib/debug//libmetal.a
LOAD /mnt/f/ubuntu-ws/freedom-e-sdk/bsp/qemu-sifive-s51/install/lib/debug//libmetal-gloss.a
END GROUP
                0x0000000000000400                __stack_size = DEFINED (__stack_size)?__stack_size:0x400
                [!provide]                        PROVIDE (__stack_size = __stack_size)
                0x0000000000000800                __heap_size = DEFINED (__heap_size)?__heap_size:0x800
                0x0000000000000000                PROVIDE (__metal_boot_hart = 0x0)
                0x0000000000000001                PROVIDE (__metal_chicken_bit = 0x1)
                0x0000000000000000                PROVIDE (__metal_eccscrub_bit = 0x0)
                [!provide]                        PROVIDE (metal_dtim_0_memory_start = 0x80000000)
                [!provide]                        PROVIDE (metal_dtim_0_memory_end = 0x80010000)

.init           0x0000000020400000      0x2f2
 *(.text.metal.init.enter)
 .text.metal.init.enter
                0x0000000020400000       0x92 /mnt/f/ubuntu-ws/freedom-e-sdk/bsp/qemu-sifive-s51/install/lib/debug//libmetal.a(entry.o)
                0x0000000020400000                _enter
 *(.text.metal.init.*)
 .text.metal.init.__register_frame_info
                0x0000000020400092        0x2 /mnt/f/ubuntu-ws/freedom-e-sdk/bsp/qemu-sifive-s51/install/lib/debug//libmetal.a(entry.o)
                0x0000000020400092                __register_frame_info
 .text.metal.init.scrub
                0x0000000020400094       0xb0 /mnt/f/ubuntu-ws/freedom-e-sdk/bsp/qemu-sifive-s51/install/lib/debug//libmetal.a(scrub.o)
                0x0000000020400094                metal_mem_scrub
                0x00000000204000d8                __metal_before_start
 *fill*         0x0000000020400144        0x0 
 .text.metal.init.trapvec
                0x0000000020400144        0xe /mnt/f/ubuntu-ws/freedom-e-sdk/bsp/qemu-sifive-s51/install/lib/debug//libmetal.a(trap.o)
                0x0000000020400144                early_trap_vector
 *(SORT_NONE(.init))
 .init          0x0000000020400152        0xe /mnt/f/ubuntu-ws/freedom-e-sdk/bsp/qemu-sifive-s51/install/lib/debug//libmetal.a(synchronize_harts.o)
                0x0000000020400152                __metal_synchronize_harts
 *(.text.libgloss.start)
 .text.libgloss.start
                0x0000000020400160      0x192 /mnt/f/ubuntu-ws/freedom-e-sdk/bsp/qemu-sifive-s51/install/lib/debug//libmetal-gloss.a(crt0.o)
                0x0000000020400160                _start
                0x00000000204002d0                _init
                0x00000000204002d0                _fini
                0x00000000204002d2                secondary_main

.fini
 *(SORT_NONE(.fini))

.preinit_array  0x00000000204002f8        0x0
                0x00000000204002f8                PROVIDE (__preinit_array_start = .)
 *(.preinit_array)
                0x00000000204002f8                PROVIDE (__preinit_array_end = .)

.init_array     0x00000000204002f8       0x18
                0x00000000204002f8                PROVIDE (__init_array_start = .)
 *(SORT_BY_INIT_PRIORITY(.init_array.*) SORT_BY_INIT_PRIORITY(.ctors.*))
 *(.init_array EXCLUDE_FILE(*crtend?.o *crtend.o *crtbegin?.o *crtbegin.o) .ctors)
                0x00000000204002f8                PROVIDE (__init_array_end = .)
                0x00000000204002f8                PROVIDE (metal_constructors_start = .)
 *(SORT_BY_INIT_PRIORITY(.metal.init_array.*))
 .metal.init_array.5000
                0x00000000204002f8        0x8 /mnt/f/ubuntu-ws/freedom-e-sdk/bsp/qemu-sifive-s51/install/lib/debug//libmetal.a(tty.o)
                0x00000000204002f8                _metal_tty_init_ptr
 .metal.init_array.5000
                0x0000000020400300       0x10 /mnt/f/ubuntu-ws/freedom-e-sdk/bsp/qemu-sifive-s51/install/lib/debug//libmetal.a(sifive_fe310-g000_pll.o)
                0x0000000020400300                _metal_sifive_fe310_g000_pll_init_ptr
                0x0000000020400308                _use_hfxosc_ptr
 *(.metal.init_array)
                0x0000000020400310                PROVIDE (metal_constructors_end = .)

.fini_array     0x0000000020400310        0x0
                0x0000000020400310                PROVIDE (__fini_array_start = .)
 *(SORT_BY_INIT_PRIORITY(.fini_array.*) SORT_BY_INIT_PRIORITY(.dtors.*))
 *(.fini_array EXCLUDE_FILE(*crtend?.o *crtend.o *crtbegin?.o *crtbegin.o) .dtors)
                0x0000000020400310                PROVIDE (__fini_array_end = .)
                0x0000000020400310                PROVIDE (metal_destructors_start = .)
 *(SORT_BY_INIT_PRIORITY(.metal.fini_array.*))
 *(.metal.fini_array)
                0x0000000020400310                PROVIDE (metal_destructors_end = .)

.ctors          0x0000000020400310       0x7a
 *crtbegin.o(.ctors)
 *crtbegin?.o(.ctors)
 *(EXCLUDE_FILE(*crtend?.o *crtend.o) .ctors)
 *(SORT_BY_NAME(.ctors.*))
 *(.ctors)
 *(.metal.ctors .metal.ctors.*)
 .metal.ctors   0x0000000020400310       0x24 /mnt/f/ubuntu-ws/freedom-e-sdk/bsp/qemu-sifive-s51/install/lib/debug//libmetal.a(tty.o)
                0x0000000020400310                metal_tty_init
 .metal.ctors   0x0000000020400334       0x56 /mnt/f/ubuntu-ws/freedom-e-sdk/bsp/qemu-sifive-s51/install/lib/debug//libmetal.a(sifive_fe310-g000_pll.o)
                0x0000000020400334                metal_sifive_fe310_g000_pll_init
                0x0000000020400360                use_hfxosc

.dtors
 *crtbegin.o(.dtors)
 *crtbegin?.o(.dtors)
 *(EXCLUDE_FILE(*crtend?.o *crtend.o) .dtors)
 *(SORT_BY_NAME(.dtors.*))
 *(.dtors)
 *(.metal.dtors .metal.dtors.*)

.rodata         0x0000000020400390     0x17d0
 *(.rdata)
 *(.rodata .rodata.*)
 .rodata        0x0000000020400390       0x45 /tmp/ccn9oeSL.o
 *fill*         0x00000000204003d5        0x3 
 .rodata.__sf_fake_stderr
                0x00000000204003d8       0x38 /mnt/f/ubuntu-ws/tools/riscv64-unknown-elf-gcc-8.3.0-2020.04.0/bin/../lib/gcc/riscv64-unknown-elf/8.3.0/../../../../riscv64-unknown-elf/lib/rv64imac/lp64/libc_nano.a(lib_a-findfp.o)
                0x00000000204003d8                __sf_fake_stderr
 .rodata.__sf_fake_stdin
                0x0000000020400410       0x38 /mnt/f/ubuntu-ws/tools/riscv64-unknown-elf-gcc-8.3.0-2020.04.0/bin/../lib/gcc/riscv64-unknown-elf/8.3.0/../../../../riscv64-unknown-elf/lib/rv64imac/lp64/libc_nano.a(lib_a-findfp.o)
                0x0000000020400410                __sf_fake_stdin
 .rodata.__sf_fake_stdout
                0x0000000020400448       0x38 /mnt/f/ubuntu-ws/tools/riscv64-unknown-elf-gcc-8.3.0-2020.04.0/bin/../lib/gcc/riscv64-unknown-elf/8.3.0/../../../../riscv64-unknown-elf/lib/rv64imac/lp64/libc_nano.a(lib_a-findfp.o)
                0x0000000020400448                __sf_fake_stdout
 .rodata._vfprintf_r.str1.8
                0x0000000020400480       0x17 /mnt/f/ubuntu-ws/tools/riscv64-unknown-elf-gcc-8.3.0-2020.04.0/bin/../lib/gcc/riscv64-unknown-elf/8.3.0/../../../../riscv64-unknown-elf/lib/rv64imac/lp64/libc_nano.a(lib_a-nano-vfprintf.o)
 *fill*         0x0000000020400497        0x1 
 .rodata._printf_i.str1.8
                0x0000000020400498       0x30 /mnt/f/ubuntu-ws/tools/riscv64-unknown-elf-gcc-8.3.0-2020.04.0/bin/../lib/gcc/riscv64-unknown-elf/8.3.0/../../../../riscv64-unknown-elf/lib/rv64imac/lp64/libc_nano.a(lib_a-nano-vfprintf_i.o)
                                         0x29 (size before relaxing)
 .rodata        0x00000000204004c8       0x72 /mnt/f/ubuntu-ws/freedom-e-sdk/bsp/qemu-sifive-s51/install/lib/debug//libmetal.a(mydriver_mem0.o)
 .rodata.libgloss.start
                0x000000002040053a       0x19 /mnt/f/ubuntu-ws/freedom-e-sdk/bsp/qemu-sifive-s51/install/lib/debug//libmetal-gloss.a(crt0.o)
 *fill*         0x0000000020400553        0x5 
 .rodata.__metal_driver_vtable_riscv_clint0
                0x0000000020400558       0xc8 /mnt/f/ubuntu-ws/freedom-e-sdk/bsp/qemu-sifive-s51/install/lib/debug//libmetal.a(riscv_clint0.o)
                0x0000000020400558                __metal_driver_vtable_riscv_clint0
 .rodata.__metal_controller_interrupt_vector
                0x0000000020400620       0x14 /mnt/f/ubuntu-ws/freedom-e-sdk/bsp/qemu-sifive-s51/install/lib/debug//libmetal.a(riscv_cpu.o)
 .rodata.__metal_local_interrupt_enable
                0x0000000020400634       0x80 /mnt/f/ubuntu-ws/freedom-e-sdk/bsp/qemu-sifive-s51/install/lib/debug//libmetal.a(riscv_cpu.o)
 *fill*         0x00000000204006b4        0x4 
 .rodata.__metal_driver_vtable_riscv_cpu_intc
                0x00000000204006b8       0xc8 /mnt/f/ubuntu-ws/freedom-e-sdk/bsp/qemu-sifive-s51/install/lib/debug//libmetal.a(riscv_cpu.o)
                0x00000000204006b8                __metal_driver_vtable_riscv_cpu_intc
 .rodata.__metal_driver_vtable_cpu
                0x0000000020400780       0x88 /mnt/f/ubuntu-ws/freedom-e-sdk/bsp/qemu-sifive-s51/install/lib/debug//libmetal.a(riscv_cpu.o)
                0x0000000020400780                __metal_driver_vtable_cpu
 .rodata.__metal_driver_vtable_riscv_plic0
                0x0000000020400808       0xc8 /mnt/f/ubuntu-ws/freedom-e-sdk/bsp/qemu-sifive-s51/install/lib/debug//libmetal.a(riscv_plic0.o)
                0x0000000020400808                __metal_driver_vtable_riscv_plic0
 .rodata.__metal_driver_vtable_sifive_fe310_g000_hfrosc
                0x00000000204008d0       0x10 /mnt/f/ubuntu-ws/freedom-e-sdk/bsp/qemu-sifive-s51/install/lib/debug//libmetal.a(sifive_fe310-g000_hfrosc.o)
                0x00000000204008d0                __metal_driver_vtable_sifive_fe310_g000_hfrosc
 .rodata.__metal_driver_vtable_sifive_fe310_g000_hfxosc
                0x00000000204008e0       0x10 /mnt/f/ubuntu-ws/freedom-e-sdk/bsp/qemu-sifive-s51/install/lib/debug//libmetal.a(sifive_fe310-g000_hfxosc.o)
                0x00000000204008e0                __metal_driver_vtable_sifive_fe310_g000_hfxosc
 .rodata.pll_configs
                0x00000000204008f0     0x1100 /mnt/f/ubuntu-ws/freedom-e-sdk/bsp/qemu-sifive-s51/install/lib/debug//libmetal.a(sifive_fe310-g000_pll.o)
 .rodata.__metal_driver_vtable_sifive_fe310_g000_pll
                0x00000000204019f0       0x18 /mnt/f/ubuntu-ws/freedom-e-sdk/bsp/qemu-sifive-s51/install/lib/debug//libmetal.a(sifive_fe310-g000_pll.o)
                0x00000000204019f0                __metal_driver_vtable_sifive_fe310_g000_pll
 .rodata.__metal_driver_vtable_sifive_fe310_g000_prci
                0x0000000020401a08       0x10 /mnt/f/ubuntu-ws/freedom-e-sdk/bsp/qemu-sifive-s51/install/lib/debug//libmetal.a(sifive_fe310-g000_prci.o)
                0x0000000020401a08                __metal_driver_vtable_sifive_fe310_g000_prci
 .rodata.__metal_driver_sifive_gpio0_config_int
                0x0000000020401a18       0x20 /mnt/f/ubuntu-ws/freedom-e-sdk/bsp/qemu-sifive-s51/install/lib/debug//libmetal.a(sifive_gpio0.o)
 .rodata.__metal_driver_sifive_gpio0_clear_int
                0x0000000020401a38       0x20 /mnt/f/ubuntu-ws/freedom-e-sdk/bsp/qemu-sifive-s51/install/lib/debug//libmetal.a(sifive_gpio0.o)
 .rodata.__metal_driver_vtable_sifive_gpio0
                0x0000000020401a58       0x78 /mnt/f/ubuntu-ws/freedom-e-sdk/bsp/qemu-sifive-s51/install/lib/debug//libmetal.a(sifive_gpio0.o)
                0x0000000020401a58                __metal_driver_vtable_sifive_gpio0
 .rodata.__metal_driver_vtable_sifive_uart0
                0x0000000020401ad0       0x80 /mnt/f/ubuntu-ws/freedom-e-sdk/bsp/qemu-sifive-s51/install/lib/debug//libmetal.a(sifive_uart0.o)
                0x0000000020401ad0                __metal_driver_vtable_sifive_uart0
 .rodata.__metal_driver_vtable_fixed_clock
                0x0000000020401b50       0x10 /mnt/f/ubuntu-ws/freedom-e-sdk/bsp/qemu-sifive-s51/install/lib/debug//libmetal.a(fixed-clock.o)
                0x0000000020401b50                __metal_driver_vtable_fixed_clock
 *(.gnu.linkonce.r.*)
                0x0000000020401b60                . = ALIGN (0x8)
 *(.srodata.cst16)
 *(.srodata.cst8)
 *(.srodata.cst4)
 *(.srodata.cst2)
 *(.srodata .srodata.*)

.itim           0x0000000080000000        0x0 load address 0x0000000020401b60
 *(.itim .itim.*)
                0x0000000020401b60                PROVIDE (metal_segment_itim_source_start = LOADADDR (.itim))
                0x0000000080000000                PROVIDE (metal_segment_itim_target_start = ADDR (.itim))
                0x0000000080000000                PROVIDE (metal_segment_itim_target_end = (ADDR (.itim) + SIZEOF (.itim)))

.lim            0x0000000080000000        0x0 load address 0x0000000020401b60
 *(.lim .lim.*)
                0x0000000020401b60                PROVIDE (metal_segment_lim_source_start = LOADADDR (.lim))
                0x0000000080000000                PROVIDE (metal_segment_lim_target_start = ADDR (.lim))
                0x0000000080000000                PROVIDE (metal_segment_lim_target_end = (ADDR (.lim) + SIZEOF (.lim)))

.text           0x0000000020401c00     0x65be
 *(.text.unlikely .text.unlikely.*)
 *(.text.startup .text.startup.*)
 *(.text .text.*)
 .text.main     0x0000000020401c00       0x44 /tmp/ccn9oeSL.o
                0x0000000020401c00                main
 .text.printf   0x0000000020401c44       0x46 /mnt/f/ubuntu-ws/tools/riscv64-unknown-elf-gcc-8.3.0-2020.04.0/bin/../lib/gcc/riscv64-unknown-elf/8.3.0/../../../../riscv64-unknown-elf/lib/rv64imac/lp64/libc_nano.a(lib_a-printf.o)
                0x0000000020401c44                printf
                0x0000000020401c44                iprintf
 .text.std      0x0000000020401c8a       0x66 /mnt/f/ubuntu-ws/tools/riscv64-unknown-elf-gcc-8.3.0-2020.04.0/bin/../lib/gcc/riscv64-unknown-elf/8.3.0/../../../../riscv64-unknown-elf/lib/rv64imac/lp64/libc_nano.a(lib_a-findfp.o)
 .text._cleanup_r
                0x0000000020401cf0        0xa /mnt/f/ubuntu-ws/tools/riscv64-unknown-elf-gcc-8.3.0-2020.04.0/bin/../lib/gcc/riscv64-unknown-elf/8.3.0/../../../../riscv64-unknown-elf/lib/rv64imac/lp64/libc_nano.a(lib_a-findfp.o)
                0x0000000020401cf0                _cleanup_r
 .text.__sfmoreglue
                0x0000000020401cfa       0x48 /mnt/f/ubuntu-ws/tools/riscv64-unknown-elf-gcc-8.3.0-2020.04.0/bin/../lib/gcc/riscv64-unknown-elf/8.3.0/../../../../riscv64-unknown-elf/lib/rv64imac/lp64/libc_nano.a(lib_a-findfp.o)
                0x0000000020401cfa                __sfmoreglue
 .text.__sinit  0x0000000020401d42       0x76 /mnt/f/ubuntu-ws/tools/riscv64-unknown-elf-gcc-8.3.0-2020.04.0/bin/../lib/gcc/riscv64-unknown-elf/8.3.0/../../../../riscv64-unknown-elf/lib/rv64imac/lp64/libc_nano.a(lib_a-findfp.o)
                0x0000000020401d42                __sinit
 .text.__sfp    0x0000000020401db8       0xa0 /mnt/f/ubuntu-ws/tools/riscv64-unknown-elf-gcc-8.3.0-2020.04.0/bin/../lib/gcc/riscv64-unknown-elf/8.3.0/../../../../riscv64-unknown-elf/lib/rv64imac/lp64/libc_nano.a(lib_a-findfp.o)
                0x0000000020401db8                __sfp
 .text._fwalk_reent
                0x0000000020401e58       0x6e /mnt/f/ubuntu-ws/tools/riscv64-unknown-elf-gcc-8.3.0-2020.04.0/bin/../lib/gcc/riscv64-unknown-elf/8.3.0/../../../../riscv64-unknown-elf/lib/rv64imac/lp64/libc_nano.a(lib_a-fwalk.o)
                0x0000000020401e58                _fwalk_reent
 .text          0x0000000020401ec6       0x10 /mnt/f/ubuntu-ws/tools/riscv64-unknown-elf-gcc-8.3.0-2020.04.0/bin/../lib/gcc/riscv64-unknown-elf/8.3.0/../../../../riscv64-unknown-elf/lib/rv64imac/lp64/libc_nano.a(lib_a-memset.o)
                0x0000000020401ec6                memset
 .text._malloc_r
                0x0000000020401ed6       0xf8 /mnt/f/ubuntu-ws/tools/riscv64-unknown-elf-gcc-8.3.0-2020.04.0/bin/../lib/gcc/riscv64-unknown-elf/8.3.0/../../../../riscv64-unknown-elf/lib/rv64imac/lp64/libc_nano.a(lib_a-nano-mallocr.o)
                0x0000000020401ed6                _malloc_r
 .text.__sfputc_r
                0x0000000020401fce       0x2a /mnt/f/ubuntu-ws/tools/riscv64-unknown-elf-gcc-8.3.0-2020.04.0/bin/../lib/gcc/riscv64-unknown-elf/8.3.0/../../../../riscv64-unknown-elf/lib/rv64imac/lp64/libc_nano.a(lib_a-nano-vfprintf.o)
 .text.__sfputs_r
                0x0000000020401ff8       0x44 /mnt/f/ubuntu-ws/tools/riscv64-unknown-elf-gcc-8.3.0-2020.04.0/bin/../lib/gcc/riscv64-unknown-elf/8.3.0/../../../../riscv64-unknown-elf/lib/rv64imac/lp64/libc_nano.a(lib_a-nano-vfprintf.o)
                0x0000000020401ff8                __sfputs_r
 .text._vfprintf_r
                0x000000002040203c      0x2b4 /mnt/f/ubuntu-ws/tools/riscv64-unknown-elf-gcc-8.3.0-2020.04.0/bin/../lib/gcc/riscv64-unknown-elf/8.3.0/../../../../riscv64-unknown-elf/lib/rv64imac/lp64/libc_nano.a(lib_a-nano-vfprintf.o)
                0x000000002040203c                _vfiprintf_r
                0x000000002040203c                _vfprintf_r
 .text._sbrk_r  0x00000000204022f0       0x2a /mnt/f/ubuntu-ws/tools/riscv64-unknown-elf-gcc-8.3.0-2020.04.0/bin/../lib/gcc/riscv64-unknown-elf/8.3.0/../../../../riscv64-unknown-elf/lib/rv64imac/lp64/libc_nano.a(lib_a-sbrkr.o)
                0x00000000204022f0                _sbrk_r
 .text.__sread  0x000000002040231a       0x32 /mnt/f/ubuntu-ws/tools/riscv64-unknown-elf-gcc-8.3.0-2020.04.0/bin/../lib/gcc/riscv64-unknown-elf/8.3.0/../../../../riscv64-unknown-elf/lib/rv64imac/lp64/libc_nano.a(lib_a-stdio.o)
                0x000000002040231a                __sread
 .text.__swrite
                0x000000002040234c       0x50 /mnt/f/ubuntu-ws/tools/riscv64-unknown-elf-gcc-8.3.0-2020.04.0/bin/../lib/gcc/riscv64-unknown-elf/8.3.0/../../../../riscv64-unknown-elf/lib/rv64imac/lp64/libc_nano.a(lib_a-stdio.o)
                0x000000002040234c                __swrite
 .text.__sseek  0x000000002040239c       0x38 /mnt/f/ubuntu-ws/tools/riscv64-unknown-elf-gcc-8.3.0-2020.04.0/bin/../lib/gcc/riscv64-unknown-elf/8.3.0/../../../../riscv64-unknown-elf/lib/rv64imac/lp64/libc_nano.a(lib_a-stdio.o)
                0x000000002040239c                __sseek
 .text.__sclose
                0x00000000204023d4        0x6 /mnt/f/ubuntu-ws/tools/riscv64-unknown-elf-gcc-8.3.0-2020.04.0/bin/../lib/gcc/riscv64-unknown-elf/8.3.0/../../../../riscv64-unknown-elf/lib/rv64imac/lp64/libc_nano.a(lib_a-stdio.o)
                0x00000000204023d4                __sclose
 .text.__swbuf_r
                0x00000000204023da       0xc6 /mnt/f/ubuntu-ws/tools/riscv64-unknown-elf-gcc-8.3.0-2020.04.0/bin/../lib/gcc/riscv64-unknown-elf/8.3.0/../../../../riscv64-unknown-elf/lib/rv64imac/lp64/libc_nano.a(lib_a-wbuf.o)
                0x00000000204023da                __swbuf_r
 .text._write_r
                0x00000000204024a0       0x2e /mnt/f/ubuntu-ws/tools/riscv64-unknown-elf-gcc-8.3.0-2020.04.0/bin/../lib/gcc/riscv64-unknown-elf/8.3.0/../../../../riscv64-unknown-elf/lib/rv64imac/lp64/libc_nano.a(lib_a-writer.o)
                0x00000000204024a0                _write_r
 .text.__swsetup_r
                0x00000000204024ce      0x116 /mnt/f/ubuntu-ws/tools/riscv64-unknown-elf-gcc-8.3.0-2020.04.0/bin/../lib/gcc/riscv64-unknown-elf/8.3.0/../../../../riscv64-unknown-elf/lib/rv64imac/lp64/libc_nano.a(lib_a-wsetup.o)
                0x00000000204024ce                __swsetup_r
 .text._close_r
                0x00000000204025e4       0x2a /mnt/f/ubuntu-ws/tools/riscv64-unknown-elf-gcc-8.3.0-2020.04.0/bin/../lib/gcc/riscv64-unknown-elf/8.3.0/../../../../riscv64-unknown-elf/lib/rv64imac/lp64/libc_nano.a(lib_a-closer.o)
                0x00000000204025e4                _close_r
 .text.__sflush_r
                0x000000002040260e      0x13e /mnt/f/ubuntu-ws/tools/riscv64-unknown-elf-gcc-8.3.0-2020.04.0/bin/../lib/gcc/riscv64-unknown-elf/8.3.0/../../../../riscv64-unknown-elf/lib/rv64imac/lp64/libc_nano.a(lib_a-fflush.o)
                0x000000002040260e                __sflush_r
 .text._fflush_r
                0x000000002040274c       0x66 /mnt/f/ubuntu-ws/tools/riscv64-unknown-elf-gcc-8.3.0-2020.04.0/bin/../lib/gcc/riscv64-unknown-elf/8.3.0/../../../../riscv64-unknown-elf/lib/rv64imac/lp64/libc_nano.a(lib_a-fflush.o)
                0x000000002040274c                _fflush_r
 .text._lseek_r
                0x00000000204027b2       0x2e /mnt/f/ubuntu-ws/tools/riscv64-unknown-elf-gcc-8.3.0-2020.04.0/bin/../lib/gcc/riscv64-unknown-elf/8.3.0/../../../../riscv64-unknown-elf/lib/rv64imac/lp64/libc_nano.a(lib_a-lseekr.o)
                0x00000000204027b2                _lseek_r
 .text.__swhatbuf_r
                0x00000000204027e0       0x5a /mnt/f/ubuntu-ws/tools/riscv64-unknown-elf-gcc-8.3.0-2020.04.0/bin/../lib/gcc/riscv64-unknown-elf/8.3.0/../../../../riscv64-unknown-elf/lib/rv64imac/lp64/libc_nano.a(lib_a-makebuf.o)
                0x00000000204027e0                __swhatbuf_r
 .text.__smakebuf_r
                0x000000002040283a       0xa2 /mnt/f/ubuntu-ws/tools/riscv64-unknown-elf-gcc-8.3.0-2020.04.0/bin/../lib/gcc/riscv64-unknown-elf/8.3.0/../../../../riscv64-unknown-elf/lib/rv64imac/lp64/libc_nano.a(lib_a-makebuf.o)
                0x000000002040283a                __smakebuf_r
 .text.memchr   0x00000000204028dc       0x1a /mnt/f/ubuntu-ws/tools/riscv64-unknown-elf-gcc-8.3.0-2020.04.0/bin/../lib/gcc/riscv64-unknown-elf/8.3.0/../../../../riscv64-unknown-elf/lib/rv64imac/lp64/libc_nano.a(lib_a-memchr.o)
                0x00000000204028dc                memchr
 .text.__malloc_lock
                0x00000000204028f6        0x2 /mnt/f/ubuntu-ws/tools/riscv64-unknown-elf-gcc-8.3.0-2020.04.0/bin/../lib/gcc/riscv64-unknown-elf/8.3.0/../../../../riscv64-unknown-elf/lib/rv64imac/lp64/libc_nano.a(lib_a-mlock.o)
                0x00000000204028f6                __malloc_lock
 .text.__malloc_unlock
                0x00000000204028f8        0x2 /mnt/f/ubuntu-ws/tools/riscv64-unknown-elf-gcc-8.3.0-2020.04.0/bin/../lib/gcc/riscv64-unknown-elf/8.3.0/../../../../riscv64-unknown-elf/lib/rv64imac/lp64/libc_nano.a(lib_a-mlock.o)
                0x00000000204028f8                __malloc_unlock
 .text._free_r  0x00000000204028fa       0xae /mnt/f/ubuntu-ws/tools/riscv64-unknown-elf-gcc-8.3.0-2020.04.0/bin/../lib/gcc/riscv64-unknown-elf/8.3.0/../../../../riscv64-unknown-elf/lib/rv64imac/lp64/libc_nano.a(lib_a-nano-freer.o)
                0x00000000204028fa                _free_r
 .text._printf_common
                0x00000000204029a8      0x124 /mnt/f/ubuntu-ws/tools/riscv64-unknown-elf-gcc-8.3.0-2020.04.0/bin/../lib/gcc/riscv64-unknown-elf/8.3.0/../../../../riscv64-unknown-elf/lib/rv64imac/lp64/libc_nano.a(lib_a-nano-vfprintf_i.o)
                0x00000000204029a8                _printf_common
 .text._printf_i
                0x0000000020402acc      0x2c2 /mnt/f/ubuntu-ws/tools/riscv64-unknown-elf-gcc-8.3.0-2020.04.0/bin/../lib/gcc/riscv64-unknown-elf/8.3.0/../../../../riscv64-unknown-elf/lib/rv64imac/lp64/libc_nano.a(lib_a-nano-vfprintf_i.o)
                0x0000000020402acc                _printf_i
 .text._read_r  0x0000000020402d8e       0x2e /mnt/f/ubuntu-ws/tools/riscv64-unknown-elf-gcc-8.3.0-2020.04.0/bin/../lib/gcc/riscv64-unknown-elf/8.3.0/../../../../riscv64-unknown-elf/lib/rv64imac/lp64/libc_nano.a(lib_a-readr.o)
                0x0000000020402d8e                _read_r
 .text._fstat_r
                0x0000000020402dbc       0x2c /mnt/f/ubuntu-ws/tools/riscv64-unknown-elf-gcc-8.3.0-2020.04.0/bin/../lib/gcc/riscv64-unknown-elf/8.3.0/../../../../riscv64-unknown-elf/lib/rv64imac/lp64/libc_nano.a(lib_a-fstatr.o)
                0x0000000020402dbc                _fstat_r
 .text._isatty_r
                0x0000000020402de8       0x2a /mnt/f/ubuntu-ws/tools/riscv64-unknown-elf-gcc-8.3.0-2020.04.0/bin/../lib/gcc/riscv64-unknown-elf/8.3.0/../../../../riscv64-unknown-elf/lib/rv64imac/lp64/libc_nano.a(lib_a-isattyr.o)
                0x0000000020402de8                _isatty_r
 .text.my_mem_driver_init
                0x0000000020402e12       0x36 /mnt/f/ubuntu-ws/freedom-e-sdk/bsp/qemu-sifive-s51/install/lib/debug//libmetal.a(mydriver_mem0.o)
                0x0000000020402e12                my_mem_driver_init
 .text._close   0x0000000020402e48       0x26 /mnt/f/ubuntu-ws/freedom-e-sdk/bsp/qemu-sifive-s51/install/lib/debug//libmetal-gloss.a(sys_close.o)
                0x0000000020402e48                _close
 .text._fstat   0x0000000020402e6e       0x2a /mnt/f/ubuntu-ws/freedom-e-sdk/bsp/qemu-sifive-s51/install/lib/debug//libmetal-gloss.a(sys_fstat.o)
                0x0000000020402e6e                _fstat
 .text._isatty  0x0000000020402e98       0x2c /mnt/f/ubuntu-ws/freedom-e-sdk/bsp/qemu-sifive-s51/install/lib/debug//libmetal-gloss.a(sys_isatty.o)
                0x0000000020402e98                _isatty
 .text._lseek   0x0000000020402ec4       0x32 /mnt/f/ubuntu-ws/freedom-e-sdk/bsp/qemu-sifive-s51/install/lib/debug//libmetal-gloss.a(sys_lseek.o)
                0x0000000020402ec4                _lseek
 .text._read    0x0000000020402ef6       0x2e /mnt/f/ubuntu-ws/freedom-e-sdk/bsp/qemu-sifive-s51/install/lib/debug//libmetal-gloss.a(sys_read.o)
                0x0000000020402ef6                _read
 .text._sbrk    0x0000000020402f24       0x78 /mnt/f/ubuntu-ws/freedom-e-sdk/bsp/qemu-sifive-s51/install/lib/debug//libmetal-gloss.a(sys_sbrk.o)
                0x0000000020402f24                _sbrk
 .text._write   0x0000000020402f9c       0x7a /mnt/f/ubuntu-ws/freedom-e-sdk/bsp/qemu-sifive-s51/install/lib/debug//libmetal-gloss.a(sys_write.o)
                0x0000000020402f9c                write
                0x0000000020402f9c                _write
 .text.atexit   0x0000000020403016        0xa /mnt/f/ubuntu-ws/tools/riscv64-unknown-elf-gcc-8.3.0-2020.04.0/bin/../lib/gcc/riscv64-unknown-elf/8.3.0/../../../../riscv64-unknown-elf/lib/rv64imac/lp64/libc_nano.a(lib_a-atexit.o)
                0x0000000020403016                atexit
 .text.__errno  0x0000000020403020        0xc /mnt/f/ubuntu-ws/tools/riscv64-unknown-elf-gcc-8.3.0-2020.04.0/bin/../lib/gcc/riscv64-unknown-elf/8.3.0/../../../../riscv64-unknown-elf/lib/rv64imac/lp64/libc_nano.a(lib_a-errno.o)
                0x0000000020403020                __errno
 .text.exit     0x000000002040302c       0x2e /mnt/f/ubuntu-ws/tools/riscv64-unknown-elf-gcc-8.3.0-2020.04.0/bin/../lib/gcc/riscv64-unknown-elf/8.3.0/../../../../riscv64-unknown-elf/lib/rv64imac/lp64/libc_nano.a(lib_a-exit.o)
                0x000000002040302c                exit
 .text.__libc_fini_array
                0x000000002040305a       0x38 /mnt/f/ubuntu-ws/tools/riscv64-unknown-elf-gcc-8.3.0-2020.04.0/bin/../lib/gcc/riscv64-unknown-elf/8.3.0/../../../../riscv64-unknown-elf/lib/rv64imac/lp64/libc_nano.a(lib_a-fini.o)
                0x000000002040305a                __libc_fini_array
 .text.__libc_init_array
                0x0000000020403092       0x6a /mnt/f/ubuntu-ws/tools/riscv64-unknown-elf-gcc-8.3.0-2020.04.0/bin/../lib/gcc/riscv64-unknown-elf/8.3.0/../../../../riscv64-unknown-elf/lib/rv64imac/lp64/libc_nano.a(lib_a-init.o)
                0x0000000020403092                __libc_init_array
 .text.__register_exitproc
                0x00000000204030fc       0x8a /mnt/f/ubuntu-ws/tools/riscv64-unknown-elf-gcc-8.3.0-2020.04.0/bin/../lib/gcc/riscv64-unknown-elf/8.3.0/../../../../riscv64-unknown-elf/lib/rv64imac/lp64/libc_nano.a(lib_a-__atexit.o)
                0x00000000204030fc                __register_exitproc
 .text.__call_exitprocs
                0x0000000020403186       0xc6 /mnt/f/ubuntu-ws/tools/riscv64-unknown-elf-gcc-8.3.0-2020.04.0/bin/../lib/gcc/riscv64-unknown-elf/8.3.0/../../../../riscv64-unknown-elf/lib/rv64imac/lp64/libc_nano.a(lib_a-__call_atexit.o)
                0x0000000020403186                __call_exitprocs
 .text.metal_init
                0x000000002040324c       0x7c /mnt/f/ubuntu-ws/freedom-e-sdk/bsp/qemu-sifive-s51/install/lib/debug//libmetal.a(init.o)
                0x000000002040324c                metal_init
 .text.metal_fini
                0x00000000204032c8       0x7c /mnt/f/ubuntu-ws/freedom-e-sdk/bsp/qemu-sifive-s51/install/lib/debug//libmetal.a(init.o)
                0x00000000204032c8                metal_fini
 .text.metal_init_run
                0x0000000020403344       0x16 /mnt/f/ubuntu-ws/freedom-e-sdk/bsp/qemu-sifive-s51/install/lib/debug//libmetal.a(init.o)
                0x0000000020403344                metal_init_run
 .text.metal_fini_run
                0x000000002040335a       0x16 /mnt/f/ubuntu-ws/freedom-e-sdk/bsp/qemu-sifive-s51/install/lib/debug//libmetal.a(init.o)
                0x000000002040335a                metal_fini_run
 .text.metal_tty_putc
                0x0000000020403370       0x2c /mnt/f/ubuntu-ws/freedom-e-sdk/bsp/qemu-sifive-s51/install/lib/debug//libmetal.a(tty.o)
                0x0000000020403370                metal_tty_putc
 .text.metal_uart_init
                0x000000002040339c       0x30 /mnt/f/ubuntu-ws/freedom-e-sdk/bsp/qemu-sifive-s51/install/lib/debug//libmetal.a(uart.o)
                0x000000002040339c                metal_uart_init
 .text.metal_uart_putc
                0x00000000204033cc       0x32 /mnt/f/ubuntu-ws/freedom-e-sdk/bsp/qemu-sifive-s51/install/lib/debug//libmetal.a(uart.o)
                0x00000000204033cc                metal_uart_putc
 .text.metal_uart_set_baud_rate
                0x00000000204033fe       0x32 /mnt/f/ubuntu-ws/freedom-e-sdk/bsp/qemu-sifive-s51/install/lib/debug//libmetal.a(uart.o)
                0x00000000204033fe                metal_uart_set_baud_rate
 .text.__metal_driver_sifive_clint0_control_base
                0x0000000020403430       0x2a /mnt/f/ubuntu-ws/freedom-e-sdk/bsp/qemu-sifive-s51/install/lib/debug//libmetal.a(riscv_clint0.o)
 .text.__metal_driver_sifive_clint0_num_interrupts
                0x000000002040345a       0x28 /mnt/f/ubuntu-ws/freedom-e-sdk/bsp/qemu-sifive-s51/install/lib/debug//libmetal.a(riscv_clint0.o)
 .text.__metal_driver_sifive_clint0_interrupt_parents
                0x0000000020403482       0x44 /mnt/f/ubuntu-ws/freedom-e-sdk/bsp/qemu-sifive-s51/install/lib/debug//libmetal.a(riscv_clint0.o)
 .text.__metal_driver_sifive_clint0_interrupt_lines
                0x00000000204034c6       0x38 /mnt/f/ubuntu-ws/freedom-e-sdk/bsp/qemu-sifive-s51/install/lib/debug//libmetal.a(riscv_clint0.o)
 .text.__metal_clint0_mtime_get
                0x00000000204034fe       0x6c /mnt/f/ubuntu-ws/freedom-e-sdk/bsp/qemu-sifive-s51/install/lib/debug//libmetal.a(riscv_clint0.o)
                0x00000000204034fe                __metal_clint0_mtime_get
 .text.__metal_driver_riscv_clint0_mtimecmp_set
                0x000000002040356a       0x9e /mnt/f/ubuntu-ws/freedom-e-sdk/bsp/qemu-sifive-s51/install/lib/debug//libmetal.a(riscv_clint0.o)
                0x000000002040356a                __metal_driver_riscv_clint0_mtimecmp_set
 .text._get_cpu_intc
                0x0000000020403608       0x36 /mnt/f/ubuntu-ws/freedom-e-sdk/bsp/qemu-sifive-s51/install/lib/debug//libmetal.a(riscv_clint0.o)
 .text.__metal_driver_riscv_clint0_init
                0x000000002040363e       0x9c /mnt/f/ubuntu-ws/freedom-e-sdk/bsp/qemu-sifive-s51/install/lib/debug//libmetal.a(riscv_clint0.o)
                0x000000002040363e                __metal_driver_riscv_clint0_init
 .text.__metal_driver_riscv_clint0_register
                0x00000000204036da      0x100 /mnt/f/ubuntu-ws/freedom-e-sdk/bsp/qemu-sifive-s51/install/lib/debug//libmetal.a(riscv_clint0.o)
                0x00000000204036da                __metal_driver_riscv_clint0_register
 .text.__metal_driver_riscv_clint0_vector_register
                0x00000000204037da       0x2a /mnt/f/ubuntu-ws/freedom-e-sdk/bsp/qemu-sifive-s51/install/lib/debug//libmetal.a(riscv_clint0.o)
                0x00000000204037da                __metal_driver_riscv_clint0_vector_register
 .text.__metal_driver_riscv_clint0_get_vector_mode
                0x0000000020403804       0x1e /mnt/f/ubuntu-ws/freedom-e-sdk/bsp/qemu-sifive-s51/install/lib/debug//libmetal.a(riscv_clint0.o)
                0x0000000020403804                __metal_driver_riscv_clint0_get_vector_mode
 .text.__metal_driver_riscv_clint0_set_vector_mode
                0x0000000020403822       0x64 /mnt/f/ubuntu-ws/freedom-e-sdk/bsp/qemu-sifive-s51/install/lib/debug//libmetal.a(riscv_clint0.o)
                0x0000000020403822                __metal_driver_riscv_clint0_set_vector_mode
 .text.__metal_driver_riscv_clint0_enable
                0x0000000020403886       0xd2 /mnt/f/ubuntu-ws/freedom-e-sdk/bsp/qemu-sifive-s51/install/lib/debug//libmetal.a(riscv_clint0.o)
                0x0000000020403886                __metal_driver_riscv_clint0_enable
 .text.__metal_driver_riscv_clint0_disable
                0x0000000020403958       0xd2 /mnt/f/ubuntu-ws/freedom-e-sdk/bsp/qemu-sifive-s51/install/lib/debug//libmetal.a(riscv_clint0.o)
                0x0000000020403958                __metal_driver_riscv_clint0_disable
 .text.__metal_driver_riscv_clint0_command_request
                0x0000000020403a2a      0x15a /mnt/f/ubuntu-ws/freedom-e-sdk/bsp/qemu-sifive-s51/install/lib/debug//libmetal.a(riscv_clint0.o)
                0x0000000020403a2a                __metal_driver_riscv_clint0_command_request
 .text.__metal_driver_riscv_clint0_clear_interrupt
                0x0000000020403b84       0x38 /mnt/f/ubuntu-ws/freedom-e-sdk/bsp/qemu-sifive-s51/install/lib/debug//libmetal.a(riscv_clint0.o)
                0x0000000020403b84                __metal_driver_riscv_clint0_clear_interrupt
 .text.__metal_driver_riscv_clint0_set_interrupt
                0x0000000020403bbc       0x38 /mnt/f/ubuntu-ws/freedom-e-sdk/bsp/qemu-sifive-s51/install/lib/debug//libmetal.a(riscv_clint0.o)
                0x0000000020403bbc                __metal_driver_riscv_clint0_set_interrupt
 .text.__metal_driver_cpu_hartid
                0x0000000020403bf4       0x28 /mnt/f/ubuntu-ws/freedom-e-sdk/bsp/qemu-sifive-s51/install/lib/debug//libmetal.a(riscv_cpu.o)
 .text.__metal_driver_cpu_timebase
                0x0000000020403c1c       0x2e /mnt/f/ubuntu-ws/freedom-e-sdk/bsp/qemu-sifive-s51/install/lib/debug//libmetal.a(riscv_cpu.o)
 .text.__metal_driver_cpu_interrupt_controller
                0x0000000020403c4a       0x2e /mnt/f/ubuntu-ws/freedom-e-sdk/bsp/qemu-sifive-s51/install/lib/debug//libmetal.a(riscv_cpu.o)
 .text.__metal_driver_cpu_buserror
                0x0000000020403c78       0x28 /mnt/f/ubuntu-ws/freedom-e-sdk/bsp/qemu-sifive-s51/install/lib/debug//libmetal.a(riscv_cpu.o)
 .text.__metal_driver_cpu_get
                0x0000000020403ca0       0x30 /mnt/f/ubuntu-ws/freedom-e-sdk/bsp/qemu-sifive-s51/install/lib/debug//libmetal.a(riscv_cpu.o)
                0x0000000020403ca0                __metal_driver_cpu_get
 .text.__metal_myhart_id
                0x0000000020403cd0       0x1a /mnt/f/ubuntu-ws/freedom-e-sdk/bsp/qemu-sifive-s51/install/lib/debug//libmetal.a(riscv_cpu.o)
                0x0000000020403cd0                __metal_myhart_id
 .text.__metal_interrupt_global_enable
                0x0000000020403cea       0x18 /mnt/f/ubuntu-ws/freedom-e-sdk/bsp/qemu-sifive-s51/install/lib/debug//libmetal.a(riscv_cpu.o)
                0x0000000020403cea                __metal_interrupt_global_enable
 .text.__metal_interrupt_global_disable
                0x0000000020403d02       0x18 /mnt/f/ubuntu-ws/freedom-e-sdk/bsp/qemu-sifive-s51/install/lib/debug//libmetal.a(riscv_cpu.o)
                0x0000000020403d02                __metal_interrupt_global_disable
 .text.__metal_interrupt_software_enable
                0x0000000020403d1a       0x18 /mnt/f/ubuntu-ws/freedom-e-sdk/bsp/qemu-sifive-s51/install/lib/debug//libmetal.a(riscv_cpu.o)
                0x0000000020403d1a                __metal_interrupt_software_enable
 .text.__metal_interrupt_software_disable
                0x0000000020403d32       0x18 /mnt/f/ubuntu-ws/freedom-e-sdk/bsp/qemu-sifive-s51/install/lib/debug//libmetal.a(riscv_cpu.o)
                0x0000000020403d32                __metal_interrupt_software_disable
 .text.__metal_interrupt_timer_enable
                0x0000000020403d4a       0x1a /mnt/f/ubuntu-ws/freedom-e-sdk/bsp/qemu-sifive-s51/install/lib/debug//libmetal.a(riscv_cpu.o)
                0x0000000020403d4a                __metal_interrupt_timer_enable
 .text.__metal_interrupt_timer_disable
                0x0000000020403d64       0x1a /mnt/f/ubuntu-ws/freedom-e-sdk/bsp/qemu-sifive-s51/install/lib/debug//libmetal.a(riscv_cpu.o)
                0x0000000020403d64                __metal_interrupt_timer_disable
 .text.__metal_interrupt_external_enable
                0x0000000020403d7e       0x1c /mnt/f/ubuntu-ws/freedom-e-sdk/bsp/qemu-sifive-s51/install/lib/debug//libmetal.a(riscv_cpu.o)
                0x0000000020403d7e                __metal_interrupt_external_enable
 .text.__metal_interrupt_external_disable
                0x0000000020403d9a       0x1c /mnt/f/ubuntu-ws/freedom-e-sdk/bsp/qemu-sifive-s51/install/lib/debug//libmetal.a(riscv_cpu.o)
                0x0000000020403d9a                __metal_interrupt_external_disable
 .text.__metal_interrupt_local_enable
                0x0000000020403db6       0x30 /mnt/f/ubuntu-ws/freedom-e-sdk/bsp/qemu-sifive-s51/install/lib/debug//libmetal.a(riscv_cpu.o)
                0x0000000020403db6                __metal_interrupt_local_enable
 .text.__metal_interrupt_local_disable
                0x0000000020403de6       0x30 /mnt/f/ubuntu-ws/freedom-e-sdk/bsp/qemu-sifive-s51/install/lib/debug//libmetal.a(riscv_cpu.o)
                0x0000000020403de6                __metal_interrupt_local_disable
 .text.__metal_default_exception_handler
                0x0000000020403e16       0x1a /mnt/f/ubuntu-ws/freedom-e-sdk/bsp/qemu-sifive-s51/install/lib/debug//libmetal.a(riscv_cpu.o)
                0x0000000020403e16                __metal_default_exception_handler
 .text.__metal_default_interrupt_handler
                0x0000000020403e30       0x1a /mnt/f/ubuntu-ws/freedom-e-sdk/bsp/qemu-sifive-s51/install/lib/debug//libmetal.a(riscv_cpu.o)
                0x0000000020403e30                __metal_default_interrupt_handler
 .text.metal_interrupt_vector_handler
                0x0000000020403e4a       0x2e /mnt/f/ubuntu-ws/freedom-e-sdk/bsp/qemu-sifive-s51/install/lib/debug//libmetal.a(riscv_cpu.o)
                0x0000000020403e4a                metal_interrupt_vector_handler
 .text.metal_software_interrupt_vector_handler
                0x0000000020403e78       0x92 /mnt/f/ubuntu-ws/freedom-e-sdk/bsp/qemu-sifive-s51/install/lib/debug//libmetal.a(riscv_cpu.o)
                0x0000000020403e78                metal_software_interrupt_vector_handler
 .text.__metal_default_sw_handler
                0x0000000020403f0a       0x6c /mnt/f/ubuntu-ws/freedom-e-sdk/bsp/qemu-sifive-s51/install/lib/debug//libmetal.a(riscv_cpu.o)
                0x0000000020403f0a                __metal_default_sw_handler
 .text.metal_timer_interrupt_vector_handler
                0x0000000020403f76       0x92 /mnt/f/ubuntu-ws/freedom-e-sdk/bsp/qemu-sifive-s51/install/lib/debug//libmetal.a(riscv_cpu.o)
                0x0000000020403f76                metal_timer_interrupt_vector_handler
 .text.__metal_default_beu_handler
                0x0000000020404008       0x18 /mnt/f/ubuntu-ws/freedom-e-sdk/bsp/qemu-sifive-s51/install/lib/debug//libmetal.a(riscv_cpu.o)
                0x0000000020404008                __metal_default_beu_handler
 .text.__metal_default_timer_handler
                0x0000000020404020       0x4a /mnt/f/ubuntu-ws/freedom-e-sdk/bsp/qemu-sifive-s51/install/lib/debug//libmetal.a(riscv_cpu.o)
                0x0000000020404020                __metal_default_timer_handler
 *fill*         0x000000002040406a       0x16 
 .text.__metal_exception_handler
                0x0000000020404080      0x1f6 /mnt/f/ubuntu-ws/freedom-e-sdk/bsp/qemu-sifive-s51/install/lib/debug//libmetal.a(riscv_cpu.o)
                0x0000000020404080                __metal_exception_handler
 .text.metal_lc0_interrupt_vector_handler
                0x0000000020404276       0x92 /mnt/f/ubuntu-ws/freedom-e-sdk/bsp/qemu-sifive-s51/install/lib/debug//libmetal.a(riscv_cpu.o)
                0x0000000020404276                metal_lc0_interrupt_vector_handler
 .text.metal_lc1_interrupt_vector_handler
                0x0000000020404308       0x92 /mnt/f/ubuntu-ws/freedom-e-sdk/bsp/qemu-sifive-s51/install/lib/debug//libmetal.a(riscv_cpu.o)
                0x0000000020404308                metal_lc1_interrupt_vector_handler
 .text.metal_lc2_interrupt_vector_handler
                0x000000002040439a       0x92 /mnt/f/ubuntu-ws/freedom-e-sdk/bsp/qemu-sifive-s51/install/lib/debug//libmetal.a(riscv_cpu.o)
                0x000000002040439a                metal_lc2_interrupt_vector_handler
 .text.metal_lc3_interrupt_vector_handler
                0x000000002040442c       0x92 /mnt/f/ubuntu-ws/freedom-e-sdk/bsp/qemu-sifive-s51/install/lib/debug//libmetal.a(riscv_cpu.o)
                0x000000002040442c                metal_lc3_interrupt_vector_handler
 .text.metal_lc4_interrupt_vector_handler
                0x00000000204044be       0x92 /mnt/f/ubuntu-ws/freedom-e-sdk/bsp/qemu-sifive-s51/install/lib/debug//libmetal.a(riscv_cpu.o)
                0x00000000204044be                metal_lc4_interrupt_vector_handler
 .text.metal_lc5_interrupt_vector_handler
                0x0000000020404550       0x92 /mnt/f/ubuntu-ws/freedom-e-sdk/bsp/qemu-sifive-s51/install/lib/debug//libmetal.a(riscv_cpu.o)
                0x0000000020404550                metal_lc5_interrupt_vector_handler
 .text.metal_lc6_interrupt_vector_handler
                0x00000000204045e2       0x92 /mnt/f/ubuntu-ws/freedom-e-sdk/bsp/qemu-sifive-s51/install/lib/debug//libmetal.a(riscv_cpu.o)
                0x00000000204045e2                metal_lc6_interrupt_vector_handler
 .text.metal_lc7_interrupt_vector_handler
                0x0000000020404674       0x92 /mnt/f/ubuntu-ws/freedom-e-sdk/bsp/qemu-sifive-s51/install/lib/debug//libmetal.a(riscv_cpu.o)
                0x0000000020404674                metal_lc7_interrupt_vector_handler
 .text.metal_lc8_interrupt_vector_handler
                0x0000000020404706       0x92 /mnt/f/ubuntu-ws/freedom-e-sdk/bsp/qemu-sifive-s51/install/lib/debug//libmetal.a(riscv_cpu.o)
                0x0000000020404706                metal_lc8_interrupt_vector_handler
 .text.metal_lc9_interrupt_vector_handler
                0x0000000020404798       0x92 /mnt/f/ubuntu-ws/freedom-e-sdk/bsp/qemu-sifive-s51/install/lib/debug//libmetal.a(riscv_cpu.o)
                0x0000000020404798                metal_lc9_interrupt_vector_handler
 .text.metal_lc10_interrupt_vector_handler
                0x000000002040482a       0x92 /mnt/f/ubuntu-ws/freedom-e-sdk/bsp/qemu-sifive-s51/install/lib/debug//libmetal.a(riscv_cpu.o)
                0x000000002040482a                metal_lc10_interrupt_vector_handler
 .text.metal_lc11_interrupt_vector_handler
                0x00000000204048bc       0x92 /mnt/f/ubuntu-ws/freedom-e-sdk/bsp/qemu-sifive-s51/install/lib/debug//libmetal.a(riscv_cpu.o)
                0x00000000204048bc                metal_lc11_interrupt_vector_handler
 .text.metal_lc12_interrupt_vector_handler
                0x000000002040494e       0x92 /mnt/f/ubuntu-ws/freedom-e-sdk/bsp/qemu-sifive-s51/install/lib/debug//libmetal.a(riscv_cpu.o)
                0x000000002040494e                metal_lc12_interrupt_vector_handler
 .text.metal_lc13_interrupt_vector_handler
                0x00000000204049e0       0x92 /mnt/f/ubuntu-ws/freedom-e-sdk/bsp/qemu-sifive-s51/install/lib/debug//libmetal.a(riscv_cpu.o)
                0x00000000204049e0                metal_lc13_interrupt_vector_handler
 .text.metal_lc14_interrupt_vector_handler
                0x0000000020404a72       0x92 /mnt/f/ubuntu-ws/freedom-e-sdk/bsp/qemu-sifive-s51/install/lib/debug//libmetal.a(riscv_cpu.o)
                0x0000000020404a72                metal_lc14_interrupt_vector_handler
 .text.metal_lc15_interrupt_vector_handler
                0x0000000020404b04       0x92 /mnt/f/ubuntu-ws/freedom-e-sdk/bsp/qemu-sifive-s51/install/lib/debug//libmetal.a(riscv_cpu.o)
                0x0000000020404b04                metal_lc15_interrupt_vector_handler
 .text.__metal_controller_interrupt_vector_mode
                0x0000000020404b96       0x50 /mnt/f/ubuntu-ws/freedom-e-sdk/bsp/qemu-sifive-s51/install/lib/debug//libmetal.a(riscv_cpu.o)
                0x0000000020404b96                __metal_controller_interrupt_vector_mode
 .text.__metal_controller_interrupt_vector
                0x0000000020404be6       0xac /mnt/f/ubuntu-ws/freedom-e-sdk/bsp/qemu-sifive-s51/install/lib/debug//libmetal.a(riscv_cpu.o)
                0x0000000020404be6                __metal_controller_interrupt_vector
 .text.__metal_valid_interrupt_id
                0x0000000020404c92       0x82 /mnt/f/ubuntu-ws/freedom-e-sdk/bsp/qemu-sifive-s51/install/lib/debug//libmetal.a(riscv_cpu.o)
                0x0000000020404c92                __metal_valid_interrupt_id
 .text.__metal_local_interrupt_enable
                0x0000000020404d14       0xde /mnt/f/ubuntu-ws/freedom-e-sdk/bsp/qemu-sifive-s51/install/lib/debug//libmetal.a(riscv_cpu.o)
                0x0000000020404d14                __metal_local_interrupt_enable
 .text.__metal_exception_register
                0x0000000020404df2       0x54 /mnt/f/ubuntu-ws/freedom-e-sdk/bsp/qemu-sifive-s51/install/lib/debug//libmetal.a(riscv_cpu.o)
                0x0000000020404df2                __metal_exception_register
 .text.__metal_driver_riscv_cpu_controller_interrupt_init
                0x0000000020404e46       0xde /mnt/f/ubuntu-ws/freedom-e-sdk/bsp/qemu-sifive-s51/install/lib/debug//libmetal.a(riscv_cpu.o)
                0x0000000020404e46                __metal_driver_riscv_cpu_controller_interrupt_init
 .text.__metal_driver_riscv_cpu_controller_interrupt_register
                0x0000000020404f24      0x1d4 /mnt/f/ubuntu-ws/freedom-e-sdk/bsp/qemu-sifive-s51/install/lib/debug//libmetal.a(riscv_cpu.o)
                0x0000000020404f24                __metal_driver_riscv_cpu_controller_interrupt_register
 .text.__metal_driver_riscv_cpu_controller_interrupt_enable
                0x00000000204050f8       0x2e /mnt/f/ubuntu-ws/freedom-e-sdk/bsp/qemu-sifive-s51/install/lib/debug//libmetal.a(riscv_cpu.o)
                0x00000000204050f8                __metal_driver_riscv_cpu_controller_interrupt_enable
 .text.__metal_driver_riscv_cpu_controller_interrupt_disable
                0x0000000020405126       0x2e /mnt/f/ubuntu-ws/freedom-e-sdk/bsp/qemu-sifive-s51/install/lib/debug//libmetal.a(riscv_cpu.o)
                0x0000000020405126                __metal_driver_riscv_cpu_controller_interrupt_disable
 .text.__metal_driver_riscv_cpu_controller_get_vector_mode
                0x0000000020405154       0x1e /mnt/f/ubuntu-ws/freedom-e-sdk/bsp/qemu-sifive-s51/install/lib/debug//libmetal.a(riscv_cpu.o)
                0x0000000020405154                __metal_driver_riscv_cpu_controller_get_vector_mode
 .text.__metal_driver_riscv_cpu_controller_set_vector_mode
                0x0000000020405172       0x60 /mnt/f/ubuntu-ws/freedom-e-sdk/bsp/qemu-sifive-s51/install/lib/debug//libmetal.a(riscv_cpu.o)
                0x0000000020405172                __metal_driver_riscv_cpu_controller_set_vector_mode
 .text.__metal_driver_riscv_cpu_controller_command_request
                0x00000000204051d2       0x1e /mnt/f/ubuntu-ws/freedom-e-sdk/bsp/qemu-sifive-s51/install/lib/debug//libmetal.a(riscv_cpu.o)
                0x00000000204051d2                __metal_driver_riscv_cpu_controller_command_request
 .text.__metal_driver_cpu_mcycle_get
                0x00000000204051f0       0x22 /mnt/f/ubuntu-ws/freedom-e-sdk/bsp/qemu-sifive-s51/install/lib/debug//libmetal.a(riscv_cpu.o)
                0x00000000204051f0                __metal_driver_cpu_mcycle_get
 .text.__metal_driver_cpu_timebase_get
                0x0000000020405212       0x32 /mnt/f/ubuntu-ws/freedom-e-sdk/bsp/qemu-sifive-s51/install/lib/debug//libmetal.a(riscv_cpu.o)
                0x0000000020405212                __metal_driver_cpu_timebase_get
 .text.__metal_driver_cpu_mtime_get
                0x0000000020405244       0x58 /mnt/f/ubuntu-ws/freedom-e-sdk/bsp/qemu-sifive-s51/install/lib/debug//libmetal.a(riscv_cpu.o)
                0x0000000020405244                __metal_driver_cpu_mtime_get
 .text.__metal_driver_cpu_mtimecmp_set
                0x000000002040529c       0x70 /mnt/f/ubuntu-ws/freedom-e-sdk/bsp/qemu-sifive-s51/install/lib/debug//libmetal.a(riscv_cpu.o)
                0x000000002040529c                __metal_driver_cpu_mtimecmp_set
 .text.__metal_driver_cpu_timer_controller_interrupt
                0x000000002040530c       0x1a /mnt/f/ubuntu-ws/freedom-e-sdk/bsp/qemu-sifive-s51/install/lib/debug//libmetal.a(riscv_cpu.o)
                0x000000002040530c                __metal_driver_cpu_timer_controller_interrupt
 .text.__metal_driver_cpu_get_timer_interrupt_id
                0x0000000020405326       0x14 /mnt/f/ubuntu-ws/freedom-e-sdk/bsp/qemu-sifive-s51/install/lib/debug//libmetal.a(riscv_cpu.o)
                0x0000000020405326                __metal_driver_cpu_get_timer_interrupt_id
 .text.__metal_driver_cpu_sw_controller_interrupt
                0x000000002040533a       0x1a /mnt/f/ubuntu-ws/freedom-e-sdk/bsp/qemu-sifive-s51/install/lib/debug//libmetal.a(riscv_cpu.o)
                0x000000002040533a                __metal_driver_cpu_sw_controller_interrupt
 .text.__metal_driver_cpu_get_sw_interrupt_id
                0x0000000020405354       0x14 /mnt/f/ubuntu-ws/freedom-e-sdk/bsp/qemu-sifive-s51/install/lib/debug//libmetal.a(riscv_cpu.o)
                0x0000000020405354                __metal_driver_cpu_get_sw_interrupt_id
 .text.__metal_driver_cpu_set_sw_ipi
                0x0000000020405368       0x66 /mnt/f/ubuntu-ws/freedom-e-sdk/bsp/qemu-sifive-s51/install/lib/debug//libmetal.a(riscv_cpu.o)
                0x0000000020405368                __metal_driver_cpu_set_sw_ipi
 .text.__metal_driver_cpu_clear_sw_ipi
                0x00000000204053ce       0x66 /mnt/f/ubuntu-ws/freedom-e-sdk/bsp/qemu-sifive-s51/install/lib/debug//libmetal.a(riscv_cpu.o)
                0x00000000204053ce                __metal_driver_cpu_clear_sw_ipi
 .text.__metal_driver_cpu_get_msip
                0x0000000020405434       0x64 /mnt/f/ubuntu-ws/freedom-e-sdk/bsp/qemu-sifive-s51/install/lib/debug//libmetal.a(riscv_cpu.o)
                0x0000000020405434                __metal_driver_cpu_get_msip
 .text.__metal_driver_cpu_controller_interrupt
                0x0000000020405498       0x20 /mnt/f/ubuntu-ws/freedom-e-sdk/bsp/qemu-sifive-s51/install/lib/debug//libmetal.a(riscv_cpu.o)
                0x0000000020405498                __metal_driver_cpu_controller_interrupt
 .text.__metal_driver_cpu_exception_register
                0x00000000204054b8       0x4a /mnt/f/ubuntu-ws/freedom-e-sdk/bsp/qemu-sifive-s51/install/lib/debug//libmetal.a(riscv_cpu.o)
                0x00000000204054b8                __metal_driver_cpu_exception_register
 .text.__metal_driver_cpu_get_instruction_length
                0x0000000020405502       0x32 /mnt/f/ubuntu-ws/freedom-e-sdk/bsp/qemu-sifive-s51/install/lib/debug//libmetal.a(riscv_cpu.o)
                0x0000000020405502                __metal_driver_cpu_get_instruction_length
 .text.__metal_driver_cpu_get_exception_pc
                0x0000000020405534       0x1e /mnt/f/ubuntu-ws/freedom-e-sdk/bsp/qemu-sifive-s51/install/lib/debug//libmetal.a(riscv_cpu.o)
                0x0000000020405534                __metal_driver_cpu_get_exception_pc
 .text.__metal_driver_cpu_set_exception_pc
                0x0000000020405552       0x20 /mnt/f/ubuntu-ws/freedom-e-sdk/bsp/qemu-sifive-s51/install/lib/debug//libmetal.a(riscv_cpu.o)
                0x0000000020405552                __metal_driver_cpu_set_exception_pc
 .text.__metal_driver_cpu_get_buserror
                0x0000000020405572       0x20 /mnt/f/ubuntu-ws/freedom-e-sdk/bsp/qemu-sifive-s51/install/lib/debug//libmetal.a(riscv_cpu.o)
                0x0000000020405572                __metal_driver_cpu_get_buserror
 .text.__metal_driver_sifive_plic0_control_base
                0x0000000020405592       0x2a /mnt/f/ubuntu-ws/freedom-e-sdk/bsp/qemu-sifive-s51/install/lib/debug//libmetal.a(riscv_plic0.o)
 .text.__metal_driver_sifive_plic0_num_interrupts
                0x00000000204055bc       0x28 /mnt/f/ubuntu-ws/freedom-e-sdk/bsp/qemu-sifive-s51/install/lib/debug//libmetal.a(riscv_plic0.o)
 .text.__metal_driver_sifive_plic0_max_priority
                0x00000000204055e4       0x28 /mnt/f/ubuntu-ws/freedom-e-sdk/bsp/qemu-sifive-s51/install/lib/debug//libmetal.a(riscv_plic0.o)
 .text.__metal_driver_sifive_plic0_interrupt_parents
                0x000000002040560c       0x2c /mnt/f/ubuntu-ws/freedom-e-sdk/bsp/qemu-sifive-s51/install/lib/debug//libmetal.a(riscv_plic0.o)
 .text.__metal_driver_sifive_plic0_interrupt_lines
                0x0000000020405638       0x26 /mnt/f/ubuntu-ws/freedom-e-sdk/bsp/qemu-sifive-s51/install/lib/debug//libmetal.a(riscv_plic0.o)
 .text.__metal_driver_sifive_plic0_context_ids
                0x000000002040565e       0x22 /mnt/f/ubuntu-ws/freedom-e-sdk/bsp/qemu-sifive-s51/install/lib/debug//libmetal.a(riscv_plic0.o)
 .text.__metal_plic0_claim_interrupt
                0x0000000020405680       0x42 /mnt/f/ubuntu-ws/freedom-e-sdk/bsp/qemu-sifive-s51/install/lib/debug//libmetal.a(riscv_plic0.o)
                0x0000000020405680                __metal_plic0_claim_interrupt
 .text.__metal_plic0_complete_interrupt
                0x00000000204056c2       0x4e /mnt/f/ubuntu-ws/freedom-e-sdk/bsp/qemu-sifive-s51/install/lib/debug//libmetal.a(riscv_plic0.o)
                0x00000000204056c2                __metal_plic0_complete_interrupt
 .text.__metal_plic0_set_threshold
                0x0000000020405710       0x4e /mnt/f/ubuntu-ws/freedom-e-sdk/bsp/qemu-sifive-s51/install/lib/debug//libmetal.a(riscv_plic0.o)
                0x0000000020405710                __metal_plic0_set_threshold
 .text.__metal_plic0_get_threshold
                0x000000002040575e       0x40 /mnt/f/ubuntu-ws/freedom-e-sdk/bsp/qemu-sifive-s51/install/lib/debug//libmetal.a(riscv_plic0.o)
                0x000000002040575e                __metal_plic0_get_threshold
 .text.__metal_driver_riscv_plic0_set_priority
                0x000000002040579e       0x76 /mnt/f/ubuntu-ws/freedom-e-sdk/bsp/qemu-sifive-s51/install/lib/debug//libmetal.a(riscv_plic0.o)
                0x000000002040579e                __metal_driver_riscv_plic0_set_priority
 .text.__metal_driver_riscv_plic0_get_priority
                0x0000000020405814       0x3e /mnt/f/ubuntu-ws/freedom-e-sdk/bsp/qemu-sifive-s51/install/lib/debug//libmetal.a(riscv_plic0.o)
                0x0000000020405814                __metal_driver_riscv_plic0_get_priority
 .text.__metal_plic0_enable
                0x0000000020405852       0xd0 /mnt/f/ubuntu-ws/freedom-e-sdk/bsp/qemu-sifive-s51/install/lib/debug//libmetal.a(riscv_plic0.o)
                0x0000000020405852                __metal_plic0_enable
 .text.__metal_plic0_default_handler
                0x0000000020405922       0x1a /mnt/f/ubuntu-ws/freedom-e-sdk/bsp/qemu-sifive-s51/install/lib/debug//libmetal.a(riscv_plic0.o)
                0x0000000020405922                __metal_plic0_default_handler
 .text.__metal_plic0_handler
                0x000000002040593c       0xba /mnt/f/ubuntu-ws/freedom-e-sdk/bsp/qemu-sifive-s51/install/lib/debug//libmetal.a(riscv_plic0.o)
                0x000000002040593c                __metal_plic0_handler
 .text.__metal_driver_riscv_plic0_init
                0x00000000204059f6      0x172 /mnt/f/ubuntu-ws/freedom-e-sdk/bsp/qemu-sifive-s51/install/lib/debug//libmetal.a(riscv_plic0.o)
                0x00000000204059f6                __metal_driver_riscv_plic0_init
 .text.__metal_driver_riscv_plic0_register
                0x0000000020405b68       0xc2 /mnt/f/ubuntu-ws/freedom-e-sdk/bsp/qemu-sifive-s51/install/lib/debug//libmetal.a(riscv_plic0.o)
                0x0000000020405b68                __metal_driver_riscv_plic0_register
 .text.__metal_driver_riscv_plic0_enable
                0x0000000020405c2a       0x5a /mnt/f/ubuntu-ws/freedom-e-sdk/bsp/qemu-sifive-s51/install/lib/debug//libmetal.a(riscv_plic0.o)
                0x0000000020405c2a                __metal_driver_riscv_plic0_enable
 .text.__metal_driver_riscv_plic0_disable
                0x0000000020405c84       0x5a /mnt/f/ubuntu-ws/freedom-e-sdk/bsp/qemu-sifive-s51/install/lib/debug//libmetal.a(riscv_plic0.o)
                0x0000000020405c84                __metal_driver_riscv_plic0_disable
 .text.__metal_driver_riscv_plic0_set_threshold
                0x0000000020405cde       0x36 /mnt/f/ubuntu-ws/freedom-e-sdk/bsp/qemu-sifive-s51/install/lib/debug//libmetal.a(riscv_plic0.o)
                0x0000000020405cde                __metal_driver_riscv_plic0_set_threshold
 .text.__metal_driver_riscv_plic0_get_threshold
                0x0000000020405d14       0x2c /mnt/f/ubuntu-ws/freedom-e-sdk/bsp/qemu-sifive-s51/install/lib/debug//libmetal.a(riscv_plic0.o)
                0x0000000020405d14                __metal_driver_riscv_plic0_get_threshold
 .text.__metal_driver_riscv_plic0_affinity_enable
                0x0000000020405d40       0xae /mnt/f/ubuntu-ws/freedom-e-sdk/bsp/qemu-sifive-s51/install/lib/debug//libmetal.a(riscv_plic0.o)
                0x0000000020405d40                __metal_driver_riscv_plic0_affinity_enable
 .text.__metal_driver_riscv_plic0_affinity_disable
                0x0000000020405dee       0xae /mnt/f/ubuntu-ws/freedom-e-sdk/bsp/qemu-sifive-s51/install/lib/debug//libmetal.a(riscv_plic0.o)
                0x0000000020405dee                __metal_driver_riscv_plic0_affinity_disable
 .text.__metal_driver_riscv_plic0_affinity_set_threshold
                0x0000000020405e9c       0x82 /mnt/f/ubuntu-ws/freedom-e-sdk/bsp/qemu-sifive-s51/install/lib/debug//libmetal.a(riscv_plic0.o)
                0x0000000020405e9c                __metal_driver_riscv_plic0_affinity_set_threshold
 .text.__metal_driver_riscv_plic0_affinity_get_threshold
                0x0000000020405f1e       0x2c /mnt/f/ubuntu-ws/freedom-e-sdk/bsp/qemu-sifive-s51/install/lib/debug//libmetal.a(riscv_plic0.o)
                0x0000000020405f1e                __metal_driver_riscv_plic0_affinity_get_threshold
 .text.__metal_driver_sifive_fe310_g000_hfrosc_ref
                0x0000000020405f4a       0x1a /mnt/f/ubuntu-ws/freedom-e-sdk/bsp/qemu-sifive-s51/install/lib/debug//libmetal.a(sifive_fe310-g000_hfrosc.o)
 .text.__metal_driver_sifive_fe310_g000_hfrosc_config_base
                0x0000000020405f64       0x16 /mnt/f/ubuntu-ws/freedom-e-sdk/bsp/qemu-sifive-s51/install/lib/debug//libmetal.a(sifive_fe310-g000_hfrosc.o)
 .text.__metal_driver_sifive_fe310_g000_hfrosc_config_offset
                0x0000000020405f7a       0x14 /mnt/f/ubuntu-ws/freedom-e-sdk/bsp/qemu-sifive-s51/install/lib/debug//libmetal.a(sifive_fe310-g000_hfrosc.o)
 .text.__metal_driver_sifive_fe310_g000_prci_vtable
                0x0000000020405f8e       0x16 /mnt/f/ubuntu-ws/freedom-e-sdk/bsp/qemu-sifive-s51/install/lib/debug//libmetal.a(sifive_fe310-g000_hfrosc.o)
 .text.__metal_driver_sifive_fe310_g000_hfrosc_get_rate_hz
                0x0000000020405fa4       0x90 /mnt/f/ubuntu-ws/freedom-e-sdk/bsp/qemu-sifive-s51/install/lib/debug//libmetal.a(sifive_fe310-g000_hfrosc.o)
                0x0000000020405fa4                __metal_driver_sifive_fe310_g000_hfrosc_get_rate_hz
 .text.__metal_driver_sifive_fe310_g000_hfrosc_set_rate_hz
                0x0000000020406034       0x24 /mnt/f/ubuntu-ws/freedom-e-sdk/bsp/qemu-sifive-s51/install/lib/debug//libmetal.a(sifive_fe310-g000_hfrosc.o)
                0x0000000020406034                __metal_driver_sifive_fe310_g000_hfrosc_set_rate_hz
 .text.__metal_driver_sifive_fe310_g000_hfxosc_ref
                0x0000000020406058       0x1a /mnt/f/ubuntu-ws/freedom-e-sdk/bsp/qemu-sifive-s51/install/lib/debug//libmetal.a(sifive_fe310-g000_hfxosc.o)
 .text.__metal_driver_sifive_fe310_g000_hfxosc_config_base
                0x0000000020406072       0x16 /mnt/f/ubuntu-ws/freedom-e-sdk/bsp/qemu-sifive-s51/install/lib/debug//libmetal.a(sifive_fe310-g000_hfxosc.o)
 .text.__metal_driver_sifive_fe310_g000_hfxosc_config_offset
                0x0000000020406088       0x14 /mnt/f/ubuntu-ws/freedom-e-sdk/bsp/qemu-sifive-s51/install/lib/debug//libmetal.a(sifive_fe310-g000_hfxosc.o)
 .text.__metal_driver_sifive_fe310_g000_prci_vtable
                0x000000002040609c       0x16 /mnt/f/ubuntu-ws/freedom-e-sdk/bsp/qemu-sifive-s51/install/lib/debug//libmetal.a(sifive_fe310-g000_hfxosc.o)
 .text.__metal_driver_sifive_fe310_g000_hfxosc_get_rate_hz
                0x00000000204060b2       0x80 /mnt/f/ubuntu-ws/freedom-e-sdk/bsp/qemu-sifive-s51/install/lib/debug//libmetal.a(sifive_fe310-g000_hfxosc.o)
                0x00000000204060b2                __metal_driver_sifive_fe310_g000_hfxosc_get_rate_hz
 .text.__metal_driver_sifive_fe310_g000_hfxosc_set_rate_hz
                0x0000000020406132       0x24 /mnt/f/ubuntu-ws/freedom-e-sdk/bsp/qemu-sifive-s51/install/lib/debug//libmetal.a(sifive_fe310-g000_hfxosc.o)
                0x0000000020406132                __metal_driver_sifive_fe310_g000_hfxosc_set_rate_hz
 .text.__metal_driver_sifive_fe310_g000_pll_pllsel0
                0x0000000020406156       0x1a /mnt/f/ubuntu-ws/freedom-e-sdk/bsp/qemu-sifive-s51/install/lib/debug//libmetal.a(sifive_fe310-g000_pll.o)
 .text.__metal_driver_sifive_fe310_g000_pll_pllref
                0x0000000020406170       0x1a /mnt/f/ubuntu-ws/freedom-e-sdk/bsp/qemu-sifive-s51/install/lib/debug//libmetal.a(sifive_fe310-g000_pll.o)
 .text.__metal_driver_sifive_fe310_g000_pll_divider_base
                0x000000002040618a       0x16 /mnt/f/ubuntu-ws/freedom-e-sdk/bsp/qemu-sifive-s51/install/lib/debug//libmetal.a(sifive_fe310-g000_pll.o)
 .text.__metal_driver_sifive_fe310_g000_pll_divider_offset
                0x00000000204061a0       0x14 /mnt/f/ubuntu-ws/freedom-e-sdk/bsp/qemu-sifive-s51/install/lib/debug//libmetal.a(sifive_fe310-g000_pll.o)
 .text.__metal_driver_sifive_fe310_g000_pll_config_base
                0x00000000204061b4       0x12 /mnt/f/ubuntu-ws/freedom-e-sdk/bsp/qemu-sifive-s51/install/lib/debug//libmetal.a(sifive_fe310-g000_pll.o)
 .text.__metal_driver_sifive_fe310_g000_pll_config_offset
                0x00000000204061c6       0x10 /mnt/f/ubuntu-ws/freedom-e-sdk/bsp/qemu-sifive-s51/install/lib/debug//libmetal.a(sifive_fe310-g000_pll.o)
 .text.__metal_driver_sifive_fe310_g000_pll_init_rate
                0x00000000204061d6       0x16 /mnt/f/ubuntu-ws/freedom-e-sdk/bsp/qemu-sifive-s51/install/lib/debug//libmetal.a(sifive_fe310-g000_pll.o)
 .text.__metal_driver_sifive_fe310_g000_prci_base
                0x00000000204061ec       0x12 /mnt/f/ubuntu-ws/freedom-e-sdk/bsp/qemu-sifive-s51/install/lib/debug//libmetal.a(sifive_fe310-g000_pll.o)
 .text.__metal_driver_sifive_fe310_g000_prci_vtable
                0x00000000204061fe       0x16 /mnt/f/ubuntu-ws/freedom-e-sdk/bsp/qemu-sifive-s51/install/lib/debug//libmetal.a(sifive_fe310-g000_pll.o)
 .text.get_pll_config_freq
                0x0000000020406214       0x4e /mnt/f/ubuntu-ws/freedom-e-sdk/bsp/qemu-sifive-s51/install/lib/debug//libmetal.a(sifive_fe310-g000_pll.o)
 .text.__metal_driver_sifive_fe310_g000_pll_init
                0x0000000020406262       0xc4 /mnt/f/ubuntu-ws/freedom-e-sdk/bsp/qemu-sifive-s51/install/lib/debug//libmetal.a(sifive_fe310-g000_pll.o)
                0x0000000020406262                __metal_driver_sifive_fe310_g000_pll_init
 .text.__metal_driver_sifive_fe310_g000_pll_get_rate_hz
                0x0000000020406326      0x182 /mnt/f/ubuntu-ws/freedom-e-sdk/bsp/qemu-sifive-s51/install/lib/debug//libmetal.a(sifive_fe310-g000_pll.o)
                0x0000000020406326                __metal_driver_sifive_fe310_g000_pll_get_rate_hz
 .text.find_closest_config
                0x00000000204064a8       0xaa /mnt/f/ubuntu-ws/freedom-e-sdk/bsp/qemu-sifive-s51/install/lib/debug//libmetal.a(sifive_fe310-g000_pll.o)
 .text.configure_pll
                0x0000000020406552      0x1ea /mnt/f/ubuntu-ws/freedom-e-sdk/bsp/qemu-sifive-s51/install/lib/debug//libmetal.a(sifive_fe310-g000_pll.o)
 .text.__metal_driver_sifive_fe310_g000_pll_set_rate_hz
                0x000000002040673c      0x19c /mnt/f/ubuntu-ws/freedom-e-sdk/bsp/qemu-sifive-s51/install/lib/debug//libmetal.a(sifive_fe310-g000_pll.o)
                0x000000002040673c                __metal_driver_sifive_fe310_g000_pll_set_rate_hz
 .text.__metal_driver_sifive_fe310_g000_prci_base
                0x00000000204068d8       0x12 /mnt/f/ubuntu-ws/freedom-e-sdk/bsp/qemu-sifive-s51/install/lib/debug//libmetal.a(sifive_fe310-g000_prci.o)
 .text.__metal_driver_sifive_fe310_g000_prci_get_reg
                0x00000000204068ea       0x36 /mnt/f/ubuntu-ws/freedom-e-sdk/bsp/qemu-sifive-s51/install/lib/debug//libmetal.a(sifive_fe310-g000_prci.o)
                0x00000000204068ea                __metal_driver_sifive_fe310_g000_prci_get_reg
 .text.__metal_driver_sifive_fe310_g000_prci_set_reg
                0x0000000020406920       0x42 /mnt/f/ubuntu-ws/freedom-e-sdk/bsp/qemu-sifive-s51/install/lib/debug//libmetal.a(sifive_fe310-g000_prci.o)
                0x0000000020406920                __metal_driver_sifive_fe310_g000_prci_set_reg
 .text.__metal_driver_sifive_gpio0_base
                0x0000000020406962       0x26 /mnt/f/ubuntu-ws/freedom-e-sdk/bsp/qemu-sifive-s51/install/lib/debug//libmetal.a(sifive_gpio0.o)
 .text.__metal_driver_sifive_gpio0_interrupt_parent
                0x0000000020406988       0x2a /mnt/f/ubuntu-ws/freedom-e-sdk/bsp/qemu-sifive-s51/install/lib/debug//libmetal.a(sifive_gpio0.o)
 .text.__metal_driver_sifive_gpio0_interrupt_lines
                0x00000000204069b2      0x1f4 /mnt/f/ubuntu-ws/freedom-e-sdk/bsp/qemu-sifive-s51/install/lib/debug//libmetal.a(sifive_gpio0.o)
 .text.__metal_driver_sifive_gpio0_enable_input
                0x0000000020406ba6       0x52 /mnt/f/ubuntu-ws/freedom-e-sdk/bsp/qemu-sifive-s51/install/lib/debug//libmetal.a(sifive_gpio0.o)
                0x0000000020406ba6                __metal_driver_sifive_gpio0_enable_input
 .text.__metal_driver_sifive_gpio0_disable_input
                0x0000000020406bf8       0x58 /mnt/f/ubuntu-ws/freedom-e-sdk/bsp/qemu-sifive-s51/install/lib/debug//libmetal.a(sifive_gpio0.o)
                0x0000000020406bf8                __metal_driver_sifive_gpio0_disable_input
 .text.__metal_driver_sifive_gpio0_input
                0x0000000020406c50       0x30 /mnt/f/ubuntu-ws/freedom-e-sdk/bsp/qemu-sifive-s51/install/lib/debug//libmetal.a(sifive_gpio0.o)
                0x0000000020406c50                __metal_driver_sifive_gpio0_input
 .text.__metal_driver_sifive_gpio0_output
                0x0000000020406c80       0x32 /mnt/f/ubuntu-ws/freedom-e-sdk/bsp/qemu-sifive-s51/install/lib/debug//libmetal.a(sifive_gpio0.o)
                0x0000000020406c80                __metal_driver_sifive_gpio0_output
 .text.__metal_driver_sifive_gpio0_disable_output
                0x0000000020406cb2       0x58 /mnt/f/ubuntu-ws/freedom-e-sdk/bsp/qemu-sifive-s51/install/lib/debug//libmetal.a(sifive_gpio0.o)
                0x0000000020406cb2                __metal_driver_sifive_gpio0_disable_output
 .text.__metal_driver_sifive_gpio0_enable_output
                0x0000000020406d0a       0x52 /mnt/f/ubuntu-ws/freedom-e-sdk/bsp/qemu-sifive-s51/install/lib/debug//libmetal.a(sifive_gpio0.o)
                0x0000000020406d0a                __metal_driver_sifive_gpio0_enable_output
 .text.__metal_driver_sifive_gpio0_output_set
                0x0000000020406d5c       0x52 /mnt/f/ubuntu-ws/freedom-e-sdk/bsp/qemu-sifive-s51/install/lib/debug//libmetal.a(sifive_gpio0.o)
                0x0000000020406d5c                __metal_driver_sifive_gpio0_output_set
 .text.__metal_driver_sifive_gpio0_output_clear
                0x0000000020406dae       0x58 /mnt/f/ubuntu-ws/freedom-e-sdk/bsp/qemu-sifive-s51/install/lib/debug//libmetal.a(sifive_gpio0.o)
                0x0000000020406dae                __metal_driver_sifive_gpio0_output_clear
 .text.__metal_driver_sifive_gpio0_output_toggle
                0x0000000020406e06       0x52 /mnt/f/ubuntu-ws/freedom-e-sdk/bsp/qemu-sifive-s51/install/lib/debug//libmetal.a(sifive_gpio0.o)
                0x0000000020406e06                __metal_driver_sifive_gpio0_output_toggle
 .text.__metal_driver_sifive_gpio0_enable_io
                0x0000000020406e58       0x86 /mnt/f/ubuntu-ws/freedom-e-sdk/bsp/qemu-sifive-s51/install/lib/debug//libmetal.a(sifive_gpio0.o)
                0x0000000020406e58                __metal_driver_sifive_gpio0_enable_io
 .text.__metal_driver_sifive_gpio0_disable_io
                0x0000000020406ede       0x5c /mnt/f/ubuntu-ws/freedom-e-sdk/bsp/qemu-sifive-s51/install/lib/debug//libmetal.a(sifive_gpio0.o)
                0x0000000020406ede                __metal_driver_sifive_gpio0_disable_io
 .text.__metal_driver_sifive_gpio0_config_int
                0x0000000020406f3a      0x33a /mnt/f/ubuntu-ws/freedom-e-sdk/bsp/qemu-sifive-s51/install/lib/debug//libmetal.a(sifive_gpio0.o)
                0x0000000020406f3a                __metal_driver_sifive_gpio0_config_int
 .text.__metal_driver_sifive_gpio0_clear_int
                0x0000000020407274      0x274 /mnt/f/ubuntu-ws/freedom-e-sdk/bsp/qemu-sifive-s51/install/lib/debug//libmetal.a(sifive_gpio0.o)
                0x0000000020407274                __metal_driver_sifive_gpio0_clear_int
 .text.__metal_driver_gpio_interrupt_controller
                0x00000000204074e8       0x20 /mnt/f/ubuntu-ws/freedom-e-sdk/bsp/qemu-sifive-s51/install/lib/debug//libmetal.a(sifive_gpio0.o)
                0x00000000204074e8                __metal_driver_gpio_interrupt_controller
 .text.__metal_driver_gpio_get_interrupt_id
                0x0000000020407508       0x34 /mnt/f/ubuntu-ws/freedom-e-sdk/bsp/qemu-sifive-s51/install/lib/debug//libmetal.a(sifive_gpio0.o)
                0x0000000020407508                __metal_driver_gpio_get_interrupt_id
 .text.__metal_driver_sifive_test0_base
                0x000000002040753c       0x26 /mnt/f/ubuntu-ws/freedom-e-sdk/bsp/qemu-sifive-s51/install/lib/debug//libmetal.a(sifive_test0.o)
 .text.__metal_driver_sifive_test0_exit
                0x0000000020407562       0x56 /mnt/f/ubuntu-ws/freedom-e-sdk/bsp/qemu-sifive-s51/install/lib/debug//libmetal.a(sifive_test0.o)
                0x0000000020407562                __metal_driver_sifive_test0_exit
 .text.__metal_driver_sifive_uart0_control_base
                0x00000000204075b8       0x2a /mnt/f/ubuntu-ws/freedom-e-sdk/bsp/qemu-sifive-s51/install/lib/debug//libmetal.a(sifive_uart0.o)
 .text.__metal_driver_sifive_uart0_interrupt_parent
                0x00000000204075e2       0x2e /mnt/f/ubuntu-ws/freedom-e-sdk/bsp/qemu-sifive-s51/install/lib/debug//libmetal.a(sifive_uart0.o)
 .text.__metal_driver_sifive_uart0_interrupt_line
                0x0000000020407610       0x28 /mnt/f/ubuntu-ws/freedom-e-sdk/bsp/qemu-sifive-s51/install/lib/debug//libmetal.a(sifive_uart0.o)
 .text.__metal_driver_sifive_uart0_clock
                0x0000000020407638       0x2e /mnt/f/ubuntu-ws/freedom-e-sdk/bsp/qemu-sifive-s51/install/lib/debug//libmetal.a(sifive_uart0.o)
 .text.__metal_driver_sifive_uart0_pinmux
                0x0000000020407666       0x2a /mnt/f/ubuntu-ws/freedom-e-sdk/bsp/qemu-sifive-s51/install/lib/debug//libmetal.a(sifive_uart0.o)
 .text.__metal_driver_sifive_uart0_pinmux_output_selector
                0x0000000020407690       0x28 /mnt/f/ubuntu-ws/freedom-e-sdk/bsp/qemu-sifive-s51/install/lib/debug//libmetal.a(sifive_uart0.o)
 .text.__metal_driver_sifive_uart0_pinmux_source_selector
                0x00000000204076b8       0x2a /mnt/f/ubuntu-ws/freedom-e-sdk/bsp/qemu-sifive-s51/install/lib/debug//libmetal.a(sifive_uart0.o)
 .text.__metal_driver_sifive_uart0_interrupt_controller
                0x00000000204076e2       0x20 /mnt/f/ubuntu-ws/freedom-e-sdk/bsp/qemu-sifive-s51/install/lib/debug//libmetal.a(sifive_uart0.o)
                0x00000000204076e2                __metal_driver_sifive_uart0_interrupt_controller
 .text.__metal_driver_sifive_uart0_get_interrupt_id
                0x0000000020407702       0x20 /mnt/f/ubuntu-ws/freedom-e-sdk/bsp/qemu-sifive-s51/install/lib/debug//libmetal.a(sifive_uart0.o)
                0x0000000020407702                __metal_driver_sifive_uart0_get_interrupt_id
 .text.__metal_driver_sifive_uart0_tx_interrupt_enable
                0x0000000020407722       0x44 /mnt/f/ubuntu-ws/freedom-e-sdk/bsp/qemu-sifive-s51/install/lib/debug//libmetal.a(sifive_uart0.o)
                0x0000000020407722                __metal_driver_sifive_uart0_tx_interrupt_enable
 .text.__metal_driver_sifive_uart0_tx_interrupt_disable
                0x0000000020407766       0x42 /mnt/f/ubuntu-ws/freedom-e-sdk/bsp/qemu-sifive-s51/install/lib/debug//libmetal.a(sifive_uart0.o)
                0x0000000020407766                __metal_driver_sifive_uart0_tx_interrupt_disable
 .text.__metal_driver_sifive_uart0_rx_interrupt_enable
                0x00000000204077a8       0x44 /mnt/f/ubuntu-ws/freedom-e-sdk/bsp/qemu-sifive-s51/install/lib/debug//libmetal.a(sifive_uart0.o)
                0x00000000204077a8                __metal_driver_sifive_uart0_rx_interrupt_enable
 .text.__metal_driver_sifive_uart0_rx_interrupt_disable
                0x00000000204077ec       0x42 /mnt/f/ubuntu-ws/freedom-e-sdk/bsp/qemu-sifive-s51/install/lib/debug//libmetal.a(sifive_uart0.o)
                0x00000000204077ec                __metal_driver_sifive_uart0_rx_interrupt_disable
 .text.__metal_driver_sifive_uart0_txready
                0x000000002040782e       0x38 /mnt/f/ubuntu-ws/freedom-e-sdk/bsp/qemu-sifive-s51/install/lib/debug//libmetal.a(sifive_uart0.o)
                0x000000002040782e                __metal_driver_sifive_uart0_txready
 .text.__metal_driver_sifive_uart0_set_tx_watermark
                0x0000000020407866       0x5e /mnt/f/ubuntu-ws/freedom-e-sdk/bsp/qemu-sifive-s51/install/lib/debug//libmetal.a(sifive_uart0.o)
                0x0000000020407866                __metal_driver_sifive_uart0_set_tx_watermark
 .text.__metal_driver_sifive_uart0_get_tx_watermark
                0x00000000204078c4       0x3a /mnt/f/ubuntu-ws/freedom-e-sdk/bsp/qemu-sifive-s51/install/lib/debug//libmetal.a(sifive_uart0.o)
                0x00000000204078c4                __metal_driver_sifive_uart0_get_tx_watermark
 .text.__metal_driver_sifive_uart0_set_rx_watermark
                0x00000000204078fe       0x5e /mnt/f/ubuntu-ws/freedom-e-sdk/bsp/qemu-sifive-s51/install/lib/debug//libmetal.a(sifive_uart0.o)
                0x00000000204078fe                __metal_driver_sifive_uart0_set_rx_watermark
 .text.__metal_driver_sifive_uart0_get_rx_watermark
                0x000000002040795c       0x3a /mnt/f/ubuntu-ws/freedom-e-sdk/bsp/qemu-sifive-s51/install/lib/debug//libmetal.a(sifive_uart0.o)
                0x000000002040795c                __metal_driver_sifive_uart0_get_rx_watermark
 .text.__metal_driver_sifive_uart0_putc
                0x0000000020407996       0x44 /mnt/f/ubuntu-ws/freedom-e-sdk/bsp/qemu-sifive-s51/install/lib/debug//libmetal.a(sifive_uart0.o)
                0x0000000020407996                __metal_driver_sifive_uart0_putc
 .text.__metal_driver_sifive_uart0_getc
                0x00000000204079da       0x5a /mnt/f/ubuntu-ws/freedom-e-sdk/bsp/qemu-sifive-s51/install/lib/debug//libmetal.a(sifive_uart0.o)
                0x00000000204079da                __metal_driver_sifive_uart0_getc
 .text.__metal_driver_sifive_uart0_get_baud_rate
                0x0000000020407a34       0x22 /mnt/f/ubuntu-ws/freedom-e-sdk/bsp/qemu-sifive-s51/install/lib/debug//libmetal.a(sifive_uart0.o)
                0x0000000020407a34                __metal_driver_sifive_uart0_get_baud_rate
 .text.__metal_driver_sifive_uart0_set_baud_rate
                0x0000000020407a56       0xb8 /mnt/f/ubuntu-ws/freedom-e-sdk/bsp/qemu-sifive-s51/install/lib/debug//libmetal.a(sifive_uart0.o)
                0x0000000020407a56                __metal_driver_sifive_uart0_set_baud_rate
 .text.pre_rate_change_callback_func
                0x0000000020407b0e       0xec /mnt/f/ubuntu-ws/freedom-e-sdk/bsp/qemu-sifive-s51/install/lib/debug//libmetal.a(sifive_uart0.o)
 .text.post_rate_change_callback_func
                0x0000000020407bfa       0x32 /mnt/f/ubuntu-ws/freedom-e-sdk/bsp/qemu-sifive-s51/install/lib/debug//libmetal.a(sifive_uart0.o)
 .text.__metal_driver_sifive_uart0_init
                0x0000000020407c2c       0xdc /mnt/f/ubuntu-ws/freedom-e-sdk/bsp/qemu-sifive-s51/install/lib/debug//libmetal.a(sifive_uart0.o)
                0x0000000020407c2c                __metal_driver_sifive_uart0_init
 .text._metal_clock_call_all_callbacks
                0x0000000020407d08       0x40 /mnt/f/ubuntu-ws/freedom-e-sdk/bsp/qemu-sifive-s51/install/lib/debug//libmetal.a(clock.o)
                0x0000000020407d08                _metal_clock_call_all_callbacks
 .text._metal_clock_append_to_callbacks
                0x0000000020407d48       0x54 /mnt/f/ubuntu-ws/freedom-e-sdk/bsp/qemu-sifive-s51/install/lib/debug//libmetal.a(clock.o)
                0x0000000020407d48                _metal_clock_append_to_callbacks
 .text.metal_clock_get_rate_hz
                0x0000000020407d9c       0x26 /mnt/f/ubuntu-ws/freedom-e-sdk/bsp/qemu-sifive-s51/install/lib/debug//libmetal.a(clock.o)
                0x0000000020407d9c                metal_clock_get_rate_hz
 .text.metal_clock_set_rate_hz
                0x0000000020407dc2       0x4c /mnt/f/ubuntu-ws/freedom-e-sdk/bsp/qemu-sifive-s51/install/lib/debug//libmetal.a(clock.o)
                0x0000000020407dc2                metal_clock_set_rate_hz
 .text.metal_clock_register_pre_rate_change_callback
                0x0000000020407e0e       0x32 /mnt/f/ubuntu-ws/freedom-e-sdk/bsp/qemu-sifive-s51/install/lib/debug//libmetal.a(clock.o)
                0x0000000020407e0e                metal_clock_register_pre_rate_change_callback
 .text.metal_clock_register_post_rate_change_callback
                0x0000000020407e40       0x32 /mnt/f/ubuntu-ws/freedom-e-sdk/bsp/qemu-sifive-s51/install/lib/debug//libmetal.a(clock.o)
                0x0000000020407e40                metal_clock_register_post_rate_change_callback
 .text.metal_cpu_interrupt_controller
                0x0000000020407e72       0x26 /mnt/f/ubuntu-ws/freedom-e-sdk/bsp/qemu-sifive-s51/install/lib/debug//libmetal.a(cpu.o)
                0x0000000020407e72                metal_cpu_interrupt_controller
 .text.metal_cpu_get
                0x0000000020407e98       0x2e /mnt/f/ubuntu-ws/freedom-e-sdk/bsp/qemu-sifive-s51/install/lib/debug//libmetal.a(cpu.o)
                0x0000000020407e98                metal_cpu_get
 .text.metal_cpu_get_current_hartid
                0x0000000020407ec6       0x1a /mnt/f/ubuntu-ws/freedom-e-sdk/bsp/qemu-sifive-s51/install/lib/debug//libmetal.a(cpu.o)
                0x0000000020407ec6                metal_cpu_get_current_hartid
 .text.__metal_shutdown_exit
                0x0000000020407ee0       0x26 /mnt/f/ubuntu-ws/freedom-e-sdk/bsp/qemu-sifive-s51/install/lib/debug//libmetal.a(shutdown.o)
                0x0000000020407ee0                __metal_shutdown_exit
 .text.metal_shutdown
                0x0000000020407f06       0x1c /mnt/f/ubuntu-ws/freedom-e-sdk/bsp/qemu-sifive-s51/install/lib/debug//libmetal.a(shutdown.o)
                0x0000000020407f06                metal_shutdown
 *fill*         0x0000000020407f22       0xde 
 .text          0x0000000020408000      0x100 /mnt/f/ubuntu-ws/freedom-e-sdk/bsp/qemu-sifive-s51/install/lib/debug//libmetal.a(vector.o)
                0x0000000020408000                __metal_vector_table
 .text.__metal_driver_fixed_clock_rate
                0x0000000020408100       0x62 /mnt/f/ubuntu-ws/freedom-e-sdk/bsp/qemu-sifive-s51/install/lib/debug//libmetal.a(fixed-clock.o)
 .text.__metal_driver_fixed_clock_get_rate_hz
                0x0000000020408162       0x20 /mnt/f/ubuntu-ws/freedom-e-sdk/bsp/qemu-sifive-s51/install/lib/debug//libmetal.a(fixed-clock.o)
                0x0000000020408162                __metal_driver_fixed_clock_get_rate_hz
 .text.__metal_driver_fixed_clock_set_rate_hz
                0x0000000020408182       0x24 /mnt/f/ubuntu-ws/freedom-e-sdk/bsp/qemu-sifive-s51/install/lib/debug//libmetal.a(fixed-clock.o)
                0x0000000020408182                __metal_driver_fixed_clock_set_rate_hz
 .text._exit    0x00000000204081a6       0x18 /mnt/f/ubuntu-ws/freedom-e-sdk/bsp/qemu-sifive-s51/install/lib/debug//libmetal-gloss.a(sys_exit.o)
                0x00000000204081a6                _exit
 *(.gnu.linkonce.t.*)

.rela.dyn       0x00000000204081c0        0x0
 .rela.text._vfprintf_r
                0x00000000204081c0        0x0 /tmp/ccn9oeSL.o
 .rela.text._sbrk_r
                0x00000000204081c0        0x0 /tmp/ccn9oeSL.o
 .rela.text._write_r
                0x00000000204081c0        0x0 /tmp/ccn9oeSL.o
 .rela.text._close_r
                0x00000000204081c0        0x0 /tmp/ccn9oeSL.o
 .rela.text._lseek_r
                0x00000000204081c0        0x0 /tmp/ccn9oeSL.o
 .rela.text._read_r
                0x00000000204081c0        0x0 /tmp/ccn9oeSL.o
 .rela.text._fstat_r
                0x00000000204081c0        0x0 /tmp/ccn9oeSL.o
 .rela.text._isatty_r
                0x00000000204081c0        0x0 /tmp/ccn9oeSL.o
 .rela.text.metal.init.enter
                0x00000000204081c0        0x0 /tmp/ccn9oeSL.o
 .rela.text.metal.init.scrub
                0x00000000204081c0        0x0 /tmp/ccn9oeSL.o
 .rela.text.libgloss.start
                0x00000000204081c0        0x0 /tmp/ccn9oeSL.o
 .rela.sdata.__brk
                0x00000000204081c0        0x0 /tmp/ccn9oeSL.o
 .rela.text._sbrk
                0x00000000204081c0        0x0 /tmp/ccn9oeSL.o
 .rela.text.__libc_fini_array
                0x00000000204081c0        0x0 /tmp/ccn9oeSL.o
 .rela.text.__libc_init_array
                0x00000000204081c0        0x0 /tmp/ccn9oeSL.o
 .rela.text.__register_exitproc
                0x00000000204081c0        0x0 /tmp/ccn9oeSL.o
 .rela.text.metal_init
                0x00000000204081c0        0x0 /tmp/ccn9oeSL.o
 .rela.text.metal_fini
                0x00000000204081c0        0x0 /tmp/ccn9oeSL.o
 .rela.text.__metal_driver_cpu_get
                0x00000000204081c0        0x0 /tmp/ccn9oeSL.o
 .rela.text.metal_software_interrupt_vector_handler
                0x00000000204081c0        0x0 /tmp/ccn9oeSL.o
 .rela.text.__metal_default_sw_handler
                0x00000000204081c0        0x0 /tmp/ccn9oeSL.o
 .rela.text.metal_timer_interrupt_vector_handler
                0x00000000204081c0        0x0 /tmp/ccn9oeSL.o
 .rela.text.__metal_exception_handler
                0x00000000204081c0        0x0 /tmp/ccn9oeSL.o
 .rela.text.metal_lc0_interrupt_vector_handler
                0x00000000204081c0        0x0 /tmp/ccn9oeSL.o
 .rela.text.metal_lc1_interrupt_vector_handler
                0x00000000204081c0        0x0 /tmp/ccn9oeSL.o
 .rela.text.metal_lc2_interrupt_vector_handler
                0x00000000204081c0        0x0 /tmp/ccn9oeSL.o
 .rela.text.metal_lc3_interrupt_vector_handler
                0x00000000204081c0        0x0 /tmp/ccn9oeSL.o
 .rela.text.metal_lc4_interrupt_vector_handler
                0x00000000204081c0        0x0 /tmp/ccn9oeSL.o
 .rela.text.metal_lc5_interrupt_vector_handler
                0x00000000204081c0        0x0 /tmp/ccn9oeSL.o
 .rela.text.metal_lc6_interrupt_vector_handler
                0x00000000204081c0        0x0 /tmp/ccn9oeSL.o
 .rela.text.metal_lc7_interrupt_vector_handler
                0x00000000204081c0        0x0 /tmp/ccn9oeSL.o
 .rela.text.metal_lc8_interrupt_vector_handler
                0x00000000204081c0        0x0 /tmp/ccn9oeSL.o
 .rela.text.metal_lc9_interrupt_vector_handler
                0x00000000204081c0        0x0 /tmp/ccn9oeSL.o
 .rela.text.metal_lc10_interrupt_vector_handler
                0x00000000204081c0        0x0 /tmp/ccn9oeSL.o
 .rela.text.metal_lc11_interrupt_vector_handler
                0x00000000204081c0        0x0 /tmp/ccn9oeSL.o
 .rela.text.metal_lc12_interrupt_vector_handler
                0x00000000204081c0        0x0 /tmp/ccn9oeSL.o
 .rela.text.metal_lc13_interrupt_vector_handler
                0x00000000204081c0        0x0 /tmp/ccn9oeSL.o
 .rela.text.metal_lc14_interrupt_vector_handler
                0x00000000204081c0        0x0 /tmp/ccn9oeSL.o
 .rela.text.metal_lc15_interrupt_vector_handler
                0x00000000204081c0        0x0 /tmp/ccn9oeSL.o
 .rela.text.metal_cpu_get
                0x00000000204081c0        0x0 /tmp/ccn9oeSL.o
 .rela.text     0x00000000204081c0        0x0 /tmp/ccn9oeSL.o

.data           0x0000000080000000      0xbb8 load address 0x00000000204081c0
 *(.data .data.*)
 .data.impure_data
                0x0000000080000000       0xb0 /mnt/f/ubuntu-ws/tools/riscv64-unknown-elf-gcc-8.3.0-2020.04.0/bin/../lib/gcc/riscv64-unknown-elf/8.3.0/../../../../riscv64-unknown-elf/lib/rv64imac/lp64/libc_nano.a(lib_a-impure.o)
 .data.__metal_dt_clock_0
                0x00000000800000b0       0x18 /mnt/f/ubuntu-ws/freedom-e-sdk/bsp/qemu-sifive-s51/install/lib/debug//libmetal.a(inline.o)
                0x00000000800000b0                __metal_dt_clock_0
 .data.__metal_dt_clock_2
                0x00000000800000c8       0x18 /mnt/f/ubuntu-ws/freedom-e-sdk/bsp/qemu-sifive-s51/install/lib/debug//libmetal.a(inline.o)
                0x00000000800000c8                __metal_dt_clock_2
 .data.__metal_dt_clock_5
                0x00000000800000e0       0x18 /mnt/f/ubuntu-ws/freedom-e-sdk/bsp/qemu-sifive-s51/install/lib/debug//libmetal.a(inline.o)
                0x00000000800000e0                __metal_dt_clock_5
 .data.__metal_dt_clint_2000000
                0x00000000800000f8       0x10 /mnt/f/ubuntu-ws/freedom-e-sdk/bsp/qemu-sifive-s51/install/lib/debug//libmetal.a(inline.o)
                0x00000000800000f8                __metal_dt_clint_2000000
 .data.__metal_dt_cpu_0
                0x0000000080000108       0x10 /mnt/f/ubuntu-ws/freedom-e-sdk/bsp/qemu-sifive-s51/install/lib/debug//libmetal.a(inline.o)
                0x0000000080000108                __metal_dt_cpu_0
 .data.__metal_dt_cpu_0_interrupt_controller
                0x0000000080000118      0x590 /mnt/f/ubuntu-ws/freedom-e-sdk/bsp/qemu-sifive-s51/install/lib/debug//libmetal.a(inline.o)
                0x0000000080000118                __metal_dt_cpu_0_interrupt_controller
 .data.__metal_dt_interrupt_controller_c000000
                0x00000000800006a8      0x448 /mnt/f/ubuntu-ws/freedom-e-sdk/bsp/qemu-sifive-s51/install/lib/debug//libmetal.a(inline.o)
                0x00000000800006a8                __metal_dt_interrupt_controller_c000000
 .data.__metal_dt_serial_10013000
                0x0000000080000af0       0x40 /mnt/f/ubuntu-ws/freedom-e-sdk/bsp/qemu-sifive-s51/install/lib/debug//libmetal.a(inline.o)
                0x0000000080000af0                __metal_dt_serial_10013000
 .data.__metal_dt_clock_3
                0x0000000080000b30       0x18 /mnt/f/ubuntu-ws/freedom-e-sdk/bsp/qemu-sifive-s51/install/lib/debug//libmetal.a(inline.o)
                0x0000000080000b30                __metal_dt_clock_3
 .data.__metal_dt_clock_1
                0x0000000080000b48       0x18 /mnt/f/ubuntu-ws/freedom-e-sdk/bsp/qemu-sifive-s51/install/lib/debug//libmetal.a(inline.o)
                0x0000000080000b48                __metal_dt_clock_1
 .data.__metal_dt_clock_4
                0x0000000080000b60       0x18 /mnt/f/ubuntu-ws/freedom-e-sdk/bsp/qemu-sifive-s51/install/lib/debug//libmetal.a(inline.o)
                0x0000000080000b60                __metal_dt_clock_4
 *(.gnu.linkonce.d.*)
                0x0000000080000b78                . = ALIGN (0x8)
                0x0000000080001378                PROVIDE (__global_pointer$ = (. + 0x800))
 *(.sdata .sdata.* .sdata2.*)
 .sdata._impure_ptr
                0x0000000080000b78        0x8 /mnt/f/ubuntu-ws/tools/riscv64-unknown-elf-gcc-8.3.0-2020.04.0/bin/../lib/gcc/riscv64-unknown-elf/8.3.0/../../../../riscv64-unknown-elf/lib/rv64imac/lp64/libc_nano.a(lib_a-impure.o)
                0x0000000080000b78                _impure_ptr
 .sdata2._global_impure_ptr
                0x0000000080000b80        0x8 /mnt/f/ubuntu-ws/tools/riscv64-unknown-elf-gcc-8.3.0-2020.04.0/bin/../lib/gcc/riscv64-unknown-elf/8.3.0/../../../../riscv64-unknown-elf/lib/rv64imac/lp64/libc_nano.a(lib_a-impure.o)
                0x0000000080000b80                _global_impure_ptr
 .sdata.__brk   0x0000000080000b88        0x8 /mnt/f/ubuntu-ws/freedom-e-sdk/bsp/qemu-sifive-s51/install/lib/debug//libmetal-gloss.a(sys_sbrk.o)
 .sdata.__metal_cpu_table
                0x0000000080000b90        0x8 /mnt/f/ubuntu-ws/freedom-e-sdk/bsp/qemu-sifive-s51/install/lib/debug//libmetal.a(synchronize_harts.o)
                0x0000000080000b90                __metal_cpu_table
 .sdata.__metal_dt_gpio_10012000
                0x0000000080000b98        0x8 /mnt/f/ubuntu-ws/freedom-e-sdk/bsp/qemu-sifive-s51/install/lib/debug//libmetal.a(inline.o)
                0x0000000080000b98                __metal_dt_gpio_10012000
 .sdata.__metal_dt_test_100000
                0x0000000080000ba0        0x8 /mnt/f/ubuntu-ws/freedom-e-sdk/bsp/qemu-sifive-s51/install/lib/debug//libmetal.a(inline.o)
                0x0000000080000ba0                __metal_dt_test_100000
 .sdata.__metal_dt_prci_10008000
                0x0000000080000ba8        0x8 /mnt/f/ubuntu-ws/freedom-e-sdk/bsp/qemu-sifive-s51/install/lib/debug//libmetal.a(inline.o)
                0x0000000080000ba8                __metal_dt_prci_10008000
 .sdata2.__metal_driver_vtable_sifive_test0
                0x0000000080000bb0        0x8 /mnt/f/ubuntu-ws/freedom-e-sdk/bsp/qemu-sifive-s51/install/lib/debug//libmetal.a(sifive_test0.o)
                0x0000000080000bb0                __metal_driver_vtable_sifive_test0
 *(.gnu.linkonce.s.*)

.tdata          0x0000000080000bb8        0x0 load address 0x0000000020408d78
                0x0000000080000bb8                PROVIDE (__tls_base = .)
 *(.tdata .tdata.* .gnu.linkonce.td.*)
                [!provide]                        PROVIDE (__tdata_source = LOADADDR (.tdata))
                [!provide]                        PROVIDE (__tdata_size = SIZEOF (.tdata))
                0x00000000204081c0                PROVIDE (metal_segment_data_source_start = LOADADDR (.data))
                0x0000000080000000                PROVIDE (metal_segment_data_target_start = ADDR (.data))
                0x0000000080000bb8                PROVIDE (metal_segment_data_target_end = (ADDR (.tdata) + SIZEOF (.tdata)))

.tbss           0x0000000080000bb8        0x0
 *(.tbss .tbss.* .gnu.linkonce.tb.*)
 *(.tcommon .tcommon.*)
                [!provide]                        PROVIDE (__tls_end = .)
                0x0000000000000000                PROVIDE (__tbss_size = SIZEOF (.tbss))
                [!provide]                        PROVIDE (__tls_size = (__tls_end - __tls_base))

.tbss_space     0x0000000080000bb8        0x0
                0x0000000080000bb8                . = (. + __tbss_size)

.bss            0x0000000080000bb8      0x13c
 *(.sbss*)
 .sbss.__malloc_free_list
                0x0000000080000bb8        0x8 /mnt/f/ubuntu-ws/tools/riscv64-unknown-elf-gcc-8.3.0-2020.04.0/bin/../lib/gcc/riscv64-unknown-elf/8.3.0/../../../../riscv64-unknown-elf/lib/rv64imac/lp64/libc_nano.a(lib_a-nano-mallocr.o)
                0x0000000080000bb8                __malloc_free_list
 .sbss.__malloc_sbrk_start
                0x0000000080000bc0        0x8 /mnt/f/ubuntu-ws/tools/riscv64-unknown-elf-gcc-8.3.0-2020.04.0/bin/../lib/gcc/riscv64-unknown-elf/8.3.0/../../../../riscv64-unknown-elf/lib/rv64imac/lp64/libc_nano.a(lib_a-nano-mallocr.o)
                0x0000000080000bc0                __malloc_sbrk_start
 .sbss._global_atexit
                0x0000000080000bc8        0x8 /mnt/f/ubuntu-ws/tools/riscv64-unknown-elf-gcc-8.3.0-2020.04.0/bin/../lib/gcc/riscv64-unknown-elf/8.3.0/../../../../riscv64-unknown-elf/lib/rv64imac/lp64/libc_nano.a(lib_a-__call_atexit.o)
                0x0000000080000bc8                _global_atexit
 .sbss.init_done.1565
                0x0000000080000bd0        0x4 /mnt/f/ubuntu-ws/freedom-e-sdk/bsp/qemu-sifive-s51/install/lib/debug//libmetal.a(init.o)
 .sbss.fini_done.1574
                0x0000000080000bd4        0x4 /mnt/f/ubuntu-ws/freedom-e-sdk/bsp/qemu-sifive-s51/install/lib/debug//libmetal.a(init.o)
 *(.gnu.linkonce.sb.*)
 *(.bss .bss.*)
 .bss._global_atexit0
                0x0000000080000bd8      0x118 /mnt/f/ubuntu-ws/tools/riscv64-unknown-elf-gcc-8.3.0-2020.04.0/bin/../lib/gcc/riscv64-unknown-elf/8.3.0/../../../../riscv64-unknown-elf/lib/rv64imac/lp64/libc_nano.a(lib_a-__atexit.o)
 *(.gnu.linkonce.b.*)
 *(COMMON)
 COMMON         0x0000000080000cf0        0x4 /mnt/f/ubuntu-ws/tools/riscv64-unknown-elf-gcc-8.3.0-2020.04.0/bin/../lib/gcc/riscv64-unknown-elf/8.3.0/../../../../riscv64-unknown-elf/lib/rv64imac/lp64/libc_nano.a(lib_a-reent.o)
                0x0000000080000cf0                errno
                [!provide]                        PROVIDE (metal_segment_bss_source_start = LOADADDR (.tbss))
                0x0000000080000bb8                PROVIDE (metal_segment_bss_target_start = ADDR (.tbss))
                0x0000000080000cf4                PROVIDE (metal_segment_bss_target_end = (ADDR (.bss) + SIZEOF (.bss)))

.stack          0x0000000080000d00      0x400
                [!provide]                        PROVIDE (metal_segment_stack_begin = .)
                0x0000000080001100                . = (. + __stack_size)
 *fill*         0x0000000080000d00      0x400 
                0x0000000080001100                PROVIDE (_sp = .)
                [!provide]                        PROVIDE (metal_segment_stack_end = .)

.heap           0x0000000080001100      0x800